2025-07-26 21:48:18.552 10344-10344 VRI[Memory...y]@a2d1831 com.drm.to.ssy.digitalletter         I  ViewPostIme pointer 0
2025-07-26 21:48:18.639 10344-10681 BufferPoolAccessor2.0   com.drm.to.ssy.digitalletter         D  bufferpool2 0xb400007d4dc2a428 : 4(32768 size) total buffers - 1(8192 size) used buffers - 10638/10661 (recycle/alloc) - 22/21304 (fetch/transfer)
2025-07-26 21:48:18.657 10344-10344 VRI[Memory...y]@a2d1831 com.drm.to.ssy.digitalletter         I  ViewPostIme pointer 1
2025-07-26 21:48:18.658 10344-10344 Engine                  com.drm.to.ssy.digitalletter         I  nextCmd is DialogCmd
2025-07-26 21:48:18.658 10344-10344 Engine                  com.drm.to.ssy.digitalletter         D  currentSpeaker: 小妍
2025-07-26 21:48:18.658 10344-10344 Engine                  com.drm.to.ssy.digitalletter         D  currentText: 不要偷偷抹眼泪哦哈哈哈
2025-07-26 21:48:19.777 10344-10344 VRI[Memory...y]@a2d1831 com.drm.to.ssy.digitalletter         I  ViewPostIme pointer 0
2025-07-26 21:48:19.890 10344-10344 VRI[Memory...y]@a2d1831 com.drm.to.ssy.digitalletter         I  ViewPostIme pointer 1
2025-07-26 21:48:19.891 10344-10344 Engine                  com.drm.to.ssy.digitalletter         I  nextCmd is DialogCmd
2025-07-26 21:48:19.891 10344-10344 Engine                  com.drm.to.ssy.digitalletter         D  currentSpeaker: 小妍
2025-07-26 21:48:19.891 10344-10344 Engine                  com.drm.to.ssy.digitalletter         D  currentText: 一定一定要天天开心好不好
2025-07-26 21:48:20.702 10344-10344 VRI[Memory...y]@a2d1831 com.drm.to.ssy.digitalletter         I  ViewPostIme pointer 0
2025-07-26 21:48:20.818 10344-10344 VRI[Memory...y]@a2d1831 com.drm.to.ssy.digitalletter         I  ViewPostIme pointer 1
2025-07-26 21:48:21.260 10344-10344 VRI[Memory...y]@a2d1831 com.drm.to.ssy.digitalletter         I  ViewPostIme pointer 0
2025-07-26 21:48:21.357 10344-10344 VRI[Memory...y]@a2d1831 com.drm.to.ssy.digitalletter         I  ViewPostIme pointer 1
2025-07-26 21:48:21.358 10344-10344 Engine                  com.drm.to.ssy.digitalletter         I  nextCmd is DialogCmd
2025-07-26 21:48:21.358 10344-10344 Engine                  com.drm.to.ssy.digitalletter         D  currentSpeaker: 小润
2025-07-26 21:48:21.358 10344-10344 Engine                  com.drm.to.ssy.digitalletter         D  currentText: 你也是呀
2025-07-26 21:48:21.369 10344-10687 BufferPoolAccessor2.0   com.drm.to.ssy.digitalletter         D  bufferpool2 0xb400007d6b0c3828 : 5(41943040 size) total buffers - 5(41943040 size) used buffers - 1612/1618 (recycle/alloc) - 6/1606 (fetch/transfer)
2025-07-26 21:48:21.864 10344-10687 BufferPoolAccessor2.0   com.drm.to.ssy.digitalletter         D  bufferpool2 0xb400007d50061a28 : 5(41943040 size) total buffers - 5(41943040 size) used buffers - 7759/7769 (recycle/alloc) - 13/7769 (fetch/transfer)
2025-07-26 21:48:22.251 10344-10344 VRI[Memory...y]@a2d1831 com.drm.to.ssy.digitalletter         I  ViewPostIme pointer 0
2025-07-26 21:48:22.349 10344-10344 VRI[Memory...y]@a2d1831 com.drm.to.ssy.digitalletter         I  ViewPostIme pointer 1
2025-07-26 21:48:22.350 10344-10344 Engine                  com.drm.to.ssy.digitalletter         I  nextCmd is DialogCmd
2025-07-26 21:48:22.350 10344-10344 Engine                  com.drm.to.ssy.digitalletter         D  currentSpeaker: 小润
2025-07-26 21:48:22.350 10344-10344 Engine                  com.drm.to.ssy.digitalletter         D  currentText: 希望考研顺利
2025-07-26 21:48:22.380 10344-11024 BufferPoolAccessor2.0   com.drm.to.ssy.digitalletter         D  bufferpool2 0xb400007dcadf8a28 : 5(40960 size) total buffers - 1(8192 size) used buffers - 1854/1859 (recycle/alloc) - 6/3702 (fetch/transfer)
2025-07-26 21:48:23.301 10344-10344 VRI[Memory...y]@a2d1831 com.drm.to.ssy.digitalletter         I  ViewPostIme pointer 0
2025-07-26 21:48:23.382 10344-10344 VRI[Memory...y]@a2d1831 com.drm.to.ssy.digitalletter         I  ViewPostIme pointer 1
2025-07-26 21:48:23.383 10344-10344 Engine                  com.drm.to.ssy.digitalletter         I  nextCmd is DialogCmd
2025-07-26 21:48:23.383 10344-10344 Engine                  com.drm.to.ssy.digitalletter         D  currentSpeaker: 小润
2025-07-26 21:48:23.383 10344-10344 Engine                  com.drm.to.ssy.digitalletter         D  currentText: 然后就又能在上海见面了
2025-07-26 21:48:23.651 10344-10681 BufferPoolAccessor2.0   com.drm.to.ssy.digitalletter         D  bufferpool2 0xb400007d4dc2a428 : 4(32768 size) total buffers - 1(8192 size) used buffers - 10847/10870 (recycle/alloc) - 22/21722 (fetch/transfer)
2025-07-26 21:48:24.476 10344-10344 VRI[Memory...y]@a2d1831 com.drm.to.ssy.digitalletter         I  ViewPostIme pointer 0
2025-07-26 21:48:24.574 10344-10344 VRI[Memory...y]@a2d1831 com.drm.to.ssy.digitalletter         I  ViewPostIme pointer 1
2025-07-26 21:48:24.575 10344-10344 ExoPlayerImpl           com.drm.to.ssy.digitalletter         I  Release 4a527f [AndroidXMedia3/1.7.1] [gts9wifi, SM-X710, samsung, 35] [media3.common, media3.exoplayer, media3.decoder, media3.datasource, media3.extractor, media3.ui]
2025-07-26 21:48:24.576 10344-10996 CCodec                  com.drm.to.ssy.digitalletter         I  [c2.qti.avc.decoder] state->set(FLUSHING)
2025-07-26 21:48:24.580 10344-11000 CCodec                  com.drm.to.ssy.digitalletter         I  [c2.qti.avc.decoder] state->set(FLUSHED)
2025-07-26 21:48:24.580 10344-10923 MediaCodec              com.drm.to.ssy.digitalletter         D  keep callback message for reclaim
2025-07-26 21:48:24.580 10344-10996 CCodec                  com.drm.to.ssy.digitalletter         I  [c2.qti.avc.decoder] state->set(RESUMING)
2025-07-26 21:48:24.580 10344-11000 CCodecBufferChannel     com.drm.to.ssy.digitalletter         D  [c2.qti.avc.decoder#659] Discard frames from previous generation.
2025-07-26 21:48:24.581 10344-10996 CCodecConfig            com.drm.to.ssy.digitalletter         I  query failed after returning 16 values (BAD_INDEX)
2025-07-26 21:48:24.581 10344-11000 CCodecBufferChannel     com.drm.to.ssy.digitalletter         D  [c2.qti.avc.decoder#659] Discard frames from previous generation.
2025-07-26 21:48:24.581 10344-11000 CCodecBufferChannel     com.drm.to.ssy.digitalletter         D  [c2.qti.avc.decoder#659] Discard frames from previous generation.
2025-07-26 21:48:24.581 10344-11000 CCodecBufferChannel     com.drm.to.ssy.digitalletter         D  [c2.qti.avc.decoder#659] Discard frames from previous generation.
2025-07-26 21:48:24.581 10344-11000 CCodecBufferChannel     com.drm.to.ssy.digitalletter         D  [c2.qti.avc.decoder#659] flushed work; ignored.
2025-07-26 21:48:24.581 10344-11000 CCodecBufferChannel     com.drm.to.ssy.digitalletter         D  [c2.qti.avc.decoder#659] Discard frames from previous generation.
2025-07-26 21:48:24.581 10344-11000 CCodecBufferChannel     com.drm.to.ssy.digitalletter         D  [c2.qti.avc.decoder#659] flushed work; ignored.
2025-07-26 21:48:24.581 10344-11000 CCodecBufferChannel     com.drm.to.ssy.digitalletter         D  [c2.qti.avc.decoder#659] Discard frames from previous generation.
2025-07-26 21:48:24.581 10344-11000 CCodecBufferChannel     com.drm.to.ssy.digitalletter         D  [c2.qti.avc.decoder#659] flushed work; ignored.
2025-07-26 21:48:24.581 10344-11000 CCodecBufferChannel     com.drm.to.ssy.digitalletter         D  [c2.qti.avc.decoder#659] Discard frames from previous generation.
2025-07-26 21:48:24.581 10344-10996 CCodecBufferChannel     com.drm.to.ssy.digitalletter         I  [c2.qti.avc.decoder#659] 4 initial input buffers available
2025-07-26 21:48:24.581 10344-10996 Codec2Client            com.drm.to.ssy.digitalletter         W  query -- param skipped: index = 1342179345.
2025-07-26 21:48:24.581 10344-10996 Codec2Client            com.drm.to.ssy.digitalletter         W  query -- param skipped: index = 2415921170.
2025-07-26 21:48:24.581 10344-10996 Codec2Client            com.drm.to.ssy.digitalletter         W  query -- param skipped: index = 1610614798.
2025-07-26 21:48:24.582 10344-10996 CCodec                  com.drm.to.ssy.digitalletter         I  [c2.qti.avc.decoder] state->set(RUNNING)
2025-07-26 21:48:24.583 10344-10996 libc                    com.drm.to.ssy.digitalletter         W  Access denied finding property "vendor.display.enable_optimal_refresh_rate"
2025-07-26 21:48:24.583 10344-10996 libc                    com.drm.to.ssy.digitalletter         W  Access denied finding property "vendor.gpp.create_frc_extension"
2025-07-26 21:48:24.583 10344-10996 SurfaceUtils            com.drm.to.ssy.digitalletter         D  connecting to surface 0xb400007d41616810, reason connectToSurface
2025-07-26 21:48:24.583 10344-10996 MediaCodec              com.drm.to.ssy.digitalletter         I  [c2.qti.avc.decoder] setting surface generation to 10592265
2025-07-26 21:48:24.583 10344-10996 SurfaceUtils            com.drm.to.ssy.digitalletter         D  disconnecting from surface 0xb400007d41616810, reason connectToSurface(reconnect)
2025-07-26 21:48:24.583 10344-10996 SurfaceUtils            com.drm.to.ssy.digitalletter         D  connecting to surface 0xb400007d41616800, reason connectToSurface(reconnect-with-listener)
2025-07-26 21:48:24.584 10344-10996 Codec2-Out...ufferQueue com.drm.to.ssy.digitalletter         D  remote graphic buffer migration 0/0
2025-07-26 21:48:24.584 10344-10996 Codec2Client            com.drm.to.ssy.digitalletter         D  setOutputSurface -- failed to set consumer usage (6/BAD_INDEX)
2025-07-26 21:48:24.584 10344-10996 Codec2Client            com.drm.to.ssy.digitalletter         D  setOutputSurface -- generation=10592265 consumer usage=0x900
2025-07-26 21:48:24.587 10344-10996 Codec2Client            com.drm.to.ssy.digitalletter         D  Surface configure completed
2025-07-26 21:48:24.588 10344-10996 SurfaceUtils            com.drm.to.ssy.digitalletter         D  disconnecting from surface 0xb400007d50277810, reason disconnectFromSurface
2025-07-26 21:48:24.589 10344-10996 CCodec                  com.drm.to.ssy.digitalletter         I  [c2.qti.avc.decoder] state->set(RELEASING)
2025-07-26 21:48:24.589 10344-10996 CCodecBufferChannel     com.drm.to.ssy.digitalletter         D  [c2.qti.avc.decoder#659] MediaCodec discarded an unknown buffer
2025-07-26 21:48:24.589 10344-10996 CCodecBufferChannel     com.drm.to.ssy.digitalletter         D  [c2.qti.avc.decoder#659] MediaCodec discarded an unknown buffer
2025-07-26 21:48:24.589 10344-10996 CCodecBufferChannel     com.drm.to.ssy.digitalletter         D  [c2.qti.avc.decoder#659] MediaCodec discarded an unknown buffer
2025-07-26 21:48:24.589 10344-10996 CCodecBufferChannel     com.drm.to.ssy.digitalletter         D  [c2.qti.avc.decoder#659] MediaCodec discarded an unknown buffer
2025-07-26 21:48:24.589 10344-11098 CCodec                  com.drm.to.ssy.digitalletter         I  [release][3306] surface -> component
2025-07-26 21:48:24.592 10344-10344 ExoPlayerImpl           com.drm.to.ssy.digitalletter         I  Release 202024c [AndroidXMedia3/1.7.1] [gts9wifi, SM-X710, samsung, 35] [media3.common, media3.exoplayer, media3.decoder, media3.datasource, media3.extractor, media3.ui]
2025-07-26 21:48:24.594 10344-11024 CCodec                  com.drm.to.ssy.digitalletter         I  [c2.sec.mp3.decoder] state->set(FLUSHING)
2025-07-26 21:48:24.594 10344-11024 CCodec                  com.drm.to.ssy.digitalletter         I  [c2.sec.mp3.decoder] state->set(FLUSHED)
2025-07-26 21:48:24.594 10344-11024 CCodecBuffers           com.drm.to.ssy.digitalletter         D  [c2.sec.mp3.decoder#606:1D-Output.Impl[N]] Client returned a buffer it does not own according to our record: 0
2025-07-26 21:48:24.594 10344-11024 CCodecBuffers           com.drm.to.ssy.digitalletter         D  [c2.sec.mp3.decoder#606:1D-Output.Impl[N]] Client returned a buffer it does not own according to our record: 1
2025-07-26 21:48:24.594 10344-11024 CCodecBuffers           com.drm.to.ssy.digitalletter         D  [c2.sec.mp3.decoder#606:1D-Output.Impl[N]] Client returned a buffer it does not own according to our record: 2
2025-07-26 21:48:24.594 10344-10924 MediaCodec              com.drm.to.ssy.digitalletter         D  keep callback message for reclaim
2025-07-26 21:48:24.594 10344-11024 CCodec                  com.drm.to.ssy.digitalletter         I  [c2.sec.mp3.decoder] state->set(RESUMING)
2025-07-26 21:48:24.595 10344-11024 CCodecConfig            com.drm.to.ssy.digitalletter         I  query failed after returning 7 values (BAD_INDEX)
2025-07-26 21:48:24.595 10344-11024 CCodecBufferChannel     com.drm.to.ssy.digitalletter         I  [c2.sec.mp3.decoder#606] 4 initial input buffers available
2025-07-26 21:48:24.595 10344-11024 Codec2Client            com.drm.to.ssy.digitalletter         W  query -- param skipped: index = 1342179345.
2025-07-26 21:48:24.595 10344-11024 Codec2Client            com.drm.to.ssy.digitalletter         W  query -- param skipped: index = 2415921170.
2025-07-26 21:48:24.595 10344-11024 CCodec                  com.drm.to.ssy.digitalletter         I  [c2.sec.mp3.decoder] state->set(RUNNING)
2025-07-26 21:48:24.596 10344-11024 CCodec                  com.drm.to.ssy.digitalletter         I  [c2.sec.mp3.decoder] state->set(RELEASING)
2025-07-26 21:48:24.596 10344-11024 CCodecBufferChannel     com.drm.to.ssy.digitalletter         D  [c2.sec.mp3.decoder#606] MediaCodec discarded an unknown buffer
2025-07-26 21:48:24.596 10344-11024 CCodecBufferChannel     com.drm.to.ssy.digitalletter         D  [c2.sec.mp3.decoder#606] MediaCodec discarded an unknown buffer
2025-07-26 21:48:24.596 10344-11100 CCodec                  com.drm.to.ssy.digitalletter         I  [release][3306] surface -> component
2025-07-26 21:48:24.596 10344-11024 CCodecBufferChannel     com.drm.to.ssy.digitalletter         D  [c2.sec.mp3.decoder#606] MediaCodec discarded an unknown buffer
2025-07-26 21:48:24.596 10344-11024 CCodecBufferChannel     com.drm.to.ssy.digitalletter         D  [c2.sec.mp3.decoder#606] MediaCodec discarded an unknown buffer
2025-07-26 21:48:24.599 10344-11100 CCodec                  com.drm.to.ssy.digitalletter         I  [c2.sec.mp3.decoder] state->set(RELEASED)
2025-07-26 21:48:24.599 10344-11024 MediaCodec              com.drm.to.ssy.digitalletter         I  Codec shutdown complete
2025-07-26 21:48:24.600 10344-11024 CCodecBufferChannel     com.drm.to.ssy.digitalletter         I  CCodecBufferChannel destructing c2.sec.mp3.decoder#606
2025-07-26 21:48:24.600 10344-11024 Codec2Client            com.drm.to.ssy.digitalletter         I  Component destructing
2025-07-26 21:48:24.600 10344-11024 hw-BpHwBinder           com.drm.to.ssy.digitalletter         I  onLastStrongRef automatically unlinking death recipients
2025-07-26 21:48:24.600 10344-11098 CCodec                  com.drm.to.ssy.digitalletter         I  [c2.qti.avc.decoder] state->set(RELEASED)
2025-07-26 21:48:24.601 10344-10996 SurfaceUtils            com.drm.to.ssy.digitalletter         D  disconnecting from surface 0xb400007d41616810, reason disconnectFromSurface
2025-07-26 21:48:24.601 10344-10996 MediaCodec              com.drm.to.ssy.digitalletter         I  Codec shutdown complete
2025-07-26 21:48:24.603 10344-10996 CCodecBufferChannel     com.drm.to.ssy.digitalletter         I  CCodecBufferChannel destructing c2.qti.avc.decoder#659
2025-07-26 21:48:24.603 10344-10996 Codec2Client            com.drm.to.ssy.digitalletter         I  Component destructing
2025-07-26 21:48:24.603 10344-10996 hw-BpHwBinder           com.drm.to.ssy.digitalletter         I  onLastStrongRef automatically unlinking death recipients
2025-07-26 21:48:24.617 10344-10344 ActivityThread          com.drm.to.ssy.digitalletter         D  com.drm.to.ssy.digitalletter will use render engine as VK
2025-07-26 21:48:24.622 10344-10344 DecorView               com.drm.to.ssy.digitalletter         I  setWindowBackground: isPopOver=false color=ff141218 d=android.graphics.drawable.ColorDrawable@6848472
2025-07-26 21:48:24.623 10344-10344 WindowOnBackDispatcher  com.drm.to.ssy.digitalletter         W  OnBackInvokedCallback is not enabled for the application.
                                                                                                    Set 'android:enableOnBackInvokedCallback="true"' in the application manifest.
2025-07-26 21:48:24.625 10344-10344 ViewRootImpl            com.drm.to.ssy.digitalletter         I  dVRR is disabled
2025-07-26 21:48:24.625 10344-10410 NativeCust...ncyManager com.drm.to.ssy.digitalletter         D  [NativeCFMS] BpCustomFrequencyManager::BpCustomFrequencyManager()
2025-07-26 21:48:24.625 10344-10344 InsetsController        com.drm.to.ssy.digitalletter         I  setRequestedVisibleTypes: visible=false, mask=statusBars navigationBars captionBar systemOverlays, host=com.drm.to.ssy.digitalletter/com.drm.to.ssy.digitalletter.ui.resume.MemoryOnResumeActivity, from=android.view.InsetsController.controlAnimationUnchecked:1498 android.view.InsetsController.applyAnimation:2228 android.view.InsetsController.applyAnimation:2159 android.view.InsetsController.hide:1452 android.view.InsetsController.hide:1368 android.view.PendingInsetsController$HideRequest.replay:277 android.view.PendingInsetsController.replayAndAttach:192 android.view.ViewRootImpl.setView:1941 android.view.WindowManagerGlobal.addView:578 android.view.WindowManagerImpl.addView:158
2025-07-26 21:48:24.627 10344-10344 InputTransport          com.drm.to.ssy.digitalletter         D  Input channel constructed: '8adea67', fd=160
2025-07-26 21:48:24.628 10344-10344 InsetsController        com.drm.to.ssy.digitalletter         I  onStateChanged: host=com.drm.to.ssy.digitalletter/com.drm.to.ssy.digitalletter.ui.resume.MemoryOnResumeActivity, from=android.view.ViewRootImpl.setView:1999, state=InsetsState: {mDisplayFrame=Rect(0, 0 - 2560, 1600), mDisplayCutout=DisplayCutout{insets=Rect(0, 0 - 0, 0) waterfall=Insets{left=0, top=0, right=0, bottom=0} boundingRect={Bounds=[Rect(0, 0 - 0, 0), Rect(0, 0 - 0, 0), Rect(0, 0 - 0, 0), Rect(0, 0 - 0, 0)]} cutoutPathParserInfo={CutoutPathParserInfo{displayWidth=0 displayHeight=0 physicalDisplayWidth=0 physicalDisplayHeight=0 density={0.0} cutoutSpec={} rotation={0} scale={0.0} physicalPixelDisplaySizeRatio={0.0}}} sideOverrides=null}, mRoundedCorners=RoundedCorners{[RoundedCorner{position=TopLeft, radius=21, center=Point(21, 21)}, RoundedCorner{position=TopRight, radius=21, center=Point(2539, 21)}, RoundedCorner{position=BottomRight, radius=21, center=Point(2539, 1579)}, RoundedCorner{position=BottomLeft, radius=21, center=Point(21, 1579)}]}  mRoundedCornerFrame=Rect(0, 0 - 2560, 1600), mPrivacyIndicatorBounds=PrivacyIndicatorBounds {static bounds=Rect(2466, 0 - 2560, 51) rotation=1}, mDisplayShape=DisplayShape{ spec=-311912193 displayWidth=1600 displayHeight=2560 physicalPixelDisplaySizeRatio=1.0 rotation=1 offsetX=0 offsetY=0 scale=1.0}, mSources= { InsetsSource: {fa0d0000 mType=statusBars mFrame=[0,0][2560,51] mVisible=false mFlags= mSideHint=TOP mBoundingRects=null}, InsetsSource: {fa0d0005 mType=mandatorySystemGestures mFrame=[0,0][2560,51] mVisible=true mFlags= mSideHint=TOP mBoundingRects=null}, InsetsSource: {fa0d0006 mType=tappableElement mFrame=[0,0][2560,51] mVisible=true mFlags= mSideHint=TOP mBoundingRects=null}, InsetsSource: {3 mType=ime mFrame=[0,0][0,0] mVisible=false mFlags= mSideHint=NONE mBoundingRects=null}, InsetsSource: {1f4c0001 mType=navigationBars mFrame=[0,1498][2560,1600] mVisible=false mFlags= mSideHint=BOTTOM mBoundingRects=null}, InsetsSource: {1f4c0004 mType=systemGestures mFrame=[0,0][0,0] mVisible=true mFlags= mSideHint=NONE mBoundingRects=null}, InsetsSource: {1f4c0005 mType=mandatorySystemGestures mFrame=[0,1498][2560,1600] mVisible=true mFlags= mSideHint=BOTTOM mBoundingRects=null}, InsetsSource: {1f4c0006 mType=tappableElement mFrame=[0,1498][2560,1600] mVisible=true mFlags= mSideHint=BOTTOM mBoundingRects=null}, InsetsSource: {1f4c0024 mType=systemGestures mFrame=[0,0][0,0] mVisible=true mFlags= mSideHint=NONE mBoundingRects=null} }
2025-07-26 21:48:24.628 10344-10344 VRI[Memory...y]@7ceef35 com.drm.to.ssy.digitalletter         I  synced displayState. AttachInfo displayState=2
2025-07-26 21:48:24.628 10344-10344 VRI[Memory...y]@7ceef35 com.drm.to.ssy.digitalletter         I  setView = com.android.internal.policy.DecorView@df3458 IsHRR=false TM=true
2025-07-26 21:48:24.638 10344-10344 ExoPlayerImpl           com.drm.to.ssy.digitalletter         I  Init d206ca3 [AndroidXMedia3/1.7.1] [gts9wifi, SM-X710, samsung, 35]
2025-07-26 21:48:24.721 10344-10344 BufferQueueProducer     com.drm.to.ssy.digitalletter         I  [](id:28680000000b,api:0,p:-1,c:10344) setDequeueTimeout:2077252342
2025-07-26 21:48:24.721 10344-10344 BLASTBufferQueue_Java   com.drm.to.ssy.digitalletter         I  new BLASTBufferQueue, mName= VRI[MemoryOnResumeActivity]@7ceef35 mNativeObject= 0xb400007dc237cb80 sc.mNativeObject= 0xb400007dcaf7cd80 caller= android.view.ViewRootImpl.updateBlastSurfaceIfNeeded:3397 android.view.ViewRootImpl.relayoutWindow:11361 android.view.ViewRootImpl.performTraversals:4544 android.view.ViewRootImpl.doTraversal:3708 android.view.ViewRootImpl$TraversalRunnable.run:12542 android.view.Choreographer$CallbackRecord.run:1751 android.view.Choreographer$CallbackRecord.run:1760 android.view.Choreographer.doCallbacks:1216 android.view.Choreographer.doFrame:1142 android.view.Choreographer$FrameDisplayEventReceiver.run:1707
2025-07-26 21:48:24.721 10344-10344 BLASTBufferQueue_Java   com.drm.to.ssy.digitalletter         I  update, w= 2560 h= 1600 mName = VRI[MemoryOnResumeActivity]@7ceef35 mNativeObject= 0xb400007dc237cb80 sc.mNativeObject= 0xb400007dcaf7cd80 format= -1 caller= android.graphics.BLASTBufferQueue.<init>:88 android.view.ViewRootImpl.updateBlastSurfaceIfNeeded:3397 android.view.ViewRootImpl.relayoutWindow:11361 android.view.ViewRootImpl.performTraversals:4544 android.view.ViewRootImpl.doTraversal:3708 android.view.ViewRootImpl$TraversalRunnable.run:12542
2025-07-26 21:48:24.721 10344-10344 libc                    com.drm.to.ssy.digitalletter         W  Access denied finding property "vendor.display.enable_optimal_refresh_rate"
2025-07-26 21:48:24.721 10344-10344 libc                    com.drm.to.ssy.digitalletter         W  Access denied finding property "vendor.gpp.create_frc_extension"
2025-07-26 21:48:24.721 10344-10344 VRI[Memory...y]@7ceef35 com.drm.to.ssy.digitalletter         I  Relayout returned: old=(0,0,2560,1600) new=(0,0,2560,1600) relayoutAsync=false req=(2560,1600)0 dur=5 res=0x3 s={true 0xb400007d6afcd800} ch=true seqId=0
2025-07-26 21:48:24.722 10344-10344 VRI[Memory...y]@7ceef35 com.drm.to.ssy.digitalletter         I  performConfigurationChange setNightDimText nightDimLevel=0
2025-07-26 21:48:24.722 10344-10344 VRI[Memory...y]@7ceef35 com.drm.to.ssy.digitalletter         D  mThreadedRenderer.initialize() mSurface={isValid=true 0xb400007d6afcd800} hwInitialized=true
2025-07-26 21:48:24.723 10344-10344 VRI[Memory...y]@7ceef35 com.drm.to.ssy.digitalletter         D  reportNextDraw android.view.ViewRootImpl.performTraversals:5193 android.view.ViewRootImpl.doTraversal:3708 android.view.ViewRootImpl$TraversalRunnable.run:12542 android.view.Choreographer$CallbackRecord.run:1751 android.view.Choreographer$CallbackRecord.run:1760
2025-07-26 21:48:24.723 10344-10344 VRI[Memory...y]@7ceef35 com.drm.to.ssy.digitalletter         D  Setup new sync=wmsSync-VRI[MemoryOnResumeActivity]@7ceef35#19
2025-07-26 21:48:24.723 10344-10344 VRI[Memory...y]@7ceef35 com.drm.to.ssy.digitalletter         I  Creating new active sync group VRI[MemoryOnResumeActivity]@7ceef35#20
2025-07-26 21:48:24.723 10344-10344 VRI[Memory...y]@7ceef35 com.drm.to.ssy.digitalletter         D  registerCallbacksForSync syncBuffer=false
2025-07-26 21:48:24.724 10344-10418 VRI[Memory...y]@7ceef35 com.drm.to.ssy.digitalletter         D  Received frameDrawingCallback syncResult=0 frameNum=1.
2025-07-26 21:48:24.724 10344-10418 VRI[Memory...y]@7ceef35 com.drm.to.ssy.digitalletter         I  mWNT: t=0xb400007d6b0e7380 mBlastBufferQueue=0xb400007dc237cb80 fn= 1 HdrRenderState mRenderHdrSdrRatio=1.0 caller= android.view.ViewRootImpl$11.onFrameDraw:15016 android.view.ThreadedRenderer$1.onFrameDraw:761 <bottom of call stack>
2025-07-26 21:48:24.724 10344-10418 VRI[Memory...y]@7ceef35 com.drm.to.ssy.digitalletter         I  Setting up sync and frameCommitCallback
2025-07-26 21:48:24.730 10344-10410 BLASTBufferQueue        com.drm.to.ssy.digitalletter         I  [VRI[MemoryOnResumeActivity]@7ceef35#7](f:0,a:0,s:0) onFrameAvailable the first frame is available
2025-07-26 21:48:24.730 10344-10410 SurfaceComposerClient   com.drm.to.ssy.digitalletter         I  apply transaction with the first frame. layerId: 7523, bufferData(ID: 44427141723376, frameNumber: 1)
2025-07-26 21:48:24.730 10344-10410 VRI[Memory...y]@7ceef35 com.drm.to.ssy.digitalletter         I  Received frameCommittedCallback lastAttemptedDrawFrameNum=1 didProduceBuffer=true
2025-07-26 21:48:24.731 10344-10410 HWUI                    com.drm.to.ssy.digitalletter         D  CFMS:: SetUp Pid : 10344    Tid : 10410
2025-07-26 21:48:24.731 10344-10344 VRI[Memory...y]@7ceef35 com.drm.to.ssy.digitalletter         D  reportDrawFinished seqId=0
2025-07-26 21:48:24.732 10344-10410 HWUI                    com.drm.to.ssy.digitalletter         D  HWUI - treat SMPTE_170M as sRGB
2025-07-26 21:48:24.735 10344-10344 InsetsSourceConsumer    com.drm.to.ssy.digitalletter         I  applyRequestedVisibilityToControl: visible=false, type=navigationBars, host=com.drm.to.ssy.digitalletter/com.drm.to.ssy.digitalletter.ui.resume.MemoryOnResumeActivity
2025-07-26 21:48:24.735 10344-10344 InsetsSourceConsumer    com.drm.to.ssy.digitalletter         I  applyRequestedVisibilityToControl: visible=false, type=statusBars, host=com.drm.to.ssy.digitalletter/com.drm.to.ssy.digitalletter.ui.resume.MemoryOnResumeActivity
2025-07-26 21:48:24.735 10344-10344 ImeFocusController      com.drm.to.ssy.digitalletter         I  onPreWindowFocus: skipped hasWindowFocus=false mHasImeFocus=true
2025-07-26 21:48:24.736 10344-10344 ImeFocusController      com.drm.to.ssy.digitalletter         I  onPostWindowFocus: skipped hasWindowFocus=false mHasImeFocus=true
2025-07-26 21:48:24.738  1688-1688  SurfaceFlinger          surfaceflinger                       E  alpha changed 1.000 -> 0.000 - DimTransitionLayer for Surface(name=ActivityRecord{d44d08b u0 com.drm.to.ssy.digitalletter/.ui.resume.MemoryOnResumeActivity t98})/@0x18d5c97#7527
2025-07-26 21:48:24.738  1688-1688  SurfaceFlinger          surfaceflinger                       E  alpha changed 1.000 -> 0.000 - ActivityRecord{d44d08b u0 com.drm.to.ssy.digitalletter/.ui.resume.MemoryOnResumeActivity t98}#7521
2025-07-26 21:48:24.745  1688-1688  SurfaceFlinger          surfaceflinger                       E  alpha changed 0.000 -> 1.000 - ActivityRecord{d44d08b u0 com.drm.to.ssy.digitalletter/.ui.resume.MemoryOnResumeActivity t98}#7521
2025-07-26 21:48:24.749 10344-10344 VRI[Memory...y]@7ceef35 com.drm.to.ssy.digitalletter         D  mThreadedRenderer.initializeIfNeeded()#2 mSurface={isValid=true 0xb400007d6afcd800}
2025-07-26 21:48:24.750 10344-10344 InputMethodManagerUtils com.drm.to.ssy.digitalletter         D  startInputInner - Id : 0
2025-07-26 21:48:24.750 10344-10344 InputMethodManager      com.drm.to.ssy.digitalletter         I  startInputInner - IInputMethodManagerGlobalInvoker.startInputOrWindowGainedFocus
2025-07-26 21:48:24.752 10344-10819 InputTransport          com.drm.to.ssy.digitalletter         D  Input channel constructed: 'ClientS', fd=176
2025-07-26 21:48:24.762  1688-1688  SurfaceFlinger          surfaceflinger                       E  alpha changed 0.000 -> 0.010 - DimTransitionLayer for Surface(name=ActivityRecord{d44d08b u0 com.drm.to.ssy.digitalletter/.ui.resume.MemoryOnResumeActivity t98})/@0x18d5c97#7527
2025-07-26 21:48:24.764 10344-10344 InsetsSourceConsumer    com.drm.to.ssy.digitalletter         I  applyRequestedVisibilityToControl: visible=false, type=ime, host=com.drm.to.ssy.digitalletter/com.drm.to.ssy.digitalletter.ui.resume.MemoryOnResumeActivity
2025-07-26 21:48:25.203 10344-10344 VRI[Memory...y]@a2d1831 com.drm.to.ssy.digitalletter         I  handleAppVisibility mAppVisible = true visible = false
2025-07-26 21:48:25.203 10344-10344 VRI[Memory...y]@a2d1831 com.drm.to.ssy.digitalletter         D  visibilityChanged oldVisibility=true newVisibility=false
2025-07-26 21:48:25.206 10344-10344 SurfaceView@aaa5a29     com.drm.to.ssy.digitalletter         I  onWindowVisibilityChanged(8) false android.view.SurfaceView{aaa5a29 V.E...... ........ 0,0-2836,1600} of VRI[MemoryOnStartActivity]@a2d1831
2025-07-26 21:48:25.206 10344-10344 SurfaceView             com.drm.to.ssy.digitalletter         I  178936361 Changes: creating=false format=false size=false visible=true alpha=false hint=false visible=true left=false top=false z=false attached=true lifecycleStrategy=false
2025-07-26 21:48:25.206 10344-10344 SurfaceView             com.drm.to.ssy.digitalletter         I  178936361 Cur surface: Surface(name=null mNativeObject=-5476376608214566912)/@0xbf24d2a
2025-07-26 21:48:25.206 10344-10344 SurfaceView@aaa5a29     com.drm.to.ssy.digitalletter         I  updateSurface: mVisible = false mSurface.isValid() = true
2025-07-26 21:48:25.207 10344-10344 SurfaceView@aaa5a29     com.drm.to.ssy.digitalletter         I  updateSurface: mSurfaceCreated = true surfaceChanged = false visibleChanged = true
2025-07-26 21:48:25.207 10344-10344 SurfaceView             com.drm.to.ssy.digitalletter         V  Layout: x=-138 y=0 w=2836 h=1600, frame=Rect(0, 0 - 2836, 1600)
2025-07-26 21:48:25.207 10344-10410 SurfaceView             com.drm.to.ssy.digitalletter         D  42241250 windowPositionLost, frameNr = 0
2025-07-26 21:48:25.207 10344-10410 SurfaceView@aaa5a29     com.drm.to.ssy.digitalletter         I  aOrMT: VRI[MemoryOnStartActivity]@a2d1831 t = android.view.SurfaceControl$Transaction@e290873 fN = 0 android.view.SurfaceView.-$$Nest$mapplyOrMergeTransaction:0 android.view.SurfaceView$SurfaceViewPositionUpdateListener.positionLost:1870 android.graphics.RenderNode$CompositePositionUpdateListener.positionLost:414
2025-07-26 21:48:25.207 10344-10410 VRI[Memory...y]@a2d1831 com.drm.to.ssy.digitalletter         I  mWNT: t=0xb400007d6b0e6780 mBlastBufferQueue=0xb400007dc2579b80 fn= 0 HdrRenderState mRenderHdrSdrRatio=1.0 caller= android.view.SurfaceView.applyOrMergeTransaction:1723 android.view.SurfaceView.-$$Nest$mapplyOrMergeTransaction:0 android.view.SurfaceView$SurfaceViewPositionUpdateListener.positionLost:1870
2025-07-26 21:48:25.220 10344-10344 VRI[Memory...y]@a2d1831 com.drm.to.ssy.digitalletter         I  Relayout returned: old=(0,0,2560,1600) new=(0,0,2560,1600) relayoutAsync=false req=(2560,1600)8 dur=9 res=0x2 s={false 0x0} ch=true seqId=0
2025-07-26 21:48:25.220 10344-10344 SurfaceView@aaa5a29     com.drm.to.ssy.digitalletter         I  windowStopped(true) false android.view.SurfaceView{aaa5a29 V.E...... ........ 0,0-2836,1600} of VRI[MemoryOnStartActivity]@a2d1831
2025-07-26 21:48:25.220 10344-10344 SurfaceView@aaa5a29     com.drm.to.ssy.digitalletter         D  updateSurface: surface is not valid
2025-07-26 21:48:25.220 10344-10344 SurfaceView             com.drm.to.ssy.digitalletter         I  178936361 surfaceDestroyed
2025-07-26 21:48:25.220 10344-10344 SurfaceView@aaa5a29     com.drm.to.ssy.digitalletter         I  surfaceDestroyed callback.size 0 #1 android.view.SurfaceView{aaa5a29 V.E...... ........ 0,0-2836,1600}
2025-07-26 21:48:25.221 10344-10344 SurfaceView@aaa5a29     com.drm.to.ssy.digitalletter         I  releaseSurfaces: viewRoot = VRI[MemoryOnStartActivity]@a2d1831
2025-07-26 21:48:25.221 10344-10344 VRI[Memory...y]@a2d1831 com.drm.to.ssy.digitalletter         D  applyTransactionOnDraw applyImmediately
2025-07-26 21:48:25.221 10344-10344 SurfaceView@aaa5a29     com.drm.to.ssy.digitalletter         D  updateSurface: surface is not valid
2025-07-26 21:48:25.221 10344-10344 SurfaceView@aaa5a29     com.drm.to.ssy.digitalletter         I  releaseSurfaces: viewRoot = VRI[MemoryOnStartActivity]@a2d1831
2025-07-26 21:48:25.222 10344-10344 VRI[Memory...y]@a2d1831 com.drm.to.ssy.digitalletter         D  applyTransactionOnDraw applyImmediately
2025-07-26 21:48:25.222 10344-10344 VRI[Memory...y]@a2d1831 com.drm.to.ssy.digitalletter         D  Not drawing due to not visible. Reason=!mAppVisible && !mForceDecorViewVisibility
2025-07-26 21:48:25.222 10344-10344 VRI[Memory...y]@a2d1831 com.drm.to.ssy.digitalletter         D  Pending transaction will not be applied in sync with a draw due to view not visible
2025-07-26 21:48:25.223 10344-10344 VRI[Memory...y]@a2d1831 com.drm.to.ssy.digitalletter         I  stopped(true) old = false
2025-07-26 21:48:25.223 10344-10344 VRI[Memory...y]@a2d1831 com.drm.to.ssy.digitalletter         D  WindowStopped on com.drm.to.ssy.digitalletter/com.drm.to.ssy.digitalletter.ui.start.MemoryOnStartActivity set to true
2025-07-26 21:48:25.225 10344-10344 SurfaceView@aaa5a29     com.drm.to.ssy.digitalletter         D  updateSurface: surface is not valid
2025-07-26 21:48:25.225 10344-10344 SurfaceView@aaa5a29     com.drm.to.ssy.digitalletter         I  releaseSurfaces: viewRoot = VRI[MemoryOnStartActivity]@a2d1831
2025-07-26 21:48:25.225 10344-10344 VRI[Memory...y]@a2d1831 com.drm.to.ssy.digitalletter         D  applyTransactionOnDraw applyImmediately
2025-07-26 21:48:25.226  2585-2604  WindowManager           system_server                        E  win=Window{7fac237 u0 com.drm.to.ssy.digitalletter/com.drm.to.ssy.digitalletter.ui.start.MemoryOnStartActivity} destroySurfaces: appStopped=true cleanupOnResume=false win.mWindowRemovalAllowed=false win.mRemoveOnExit=false win.mViewVisibility=8 caller=com.android.server.wm.ActivityRecord.destroySurfaces:25 com.android.server.wm.ActivityRecord.activityStopped:204 com.android.server.wm.ActivityClientController.activityStopped:95 android.app.IActivityClientController$Stub.onTransact:722 com.android.server.wm.ActivityClientController.onTransact:1 android.os.Binder.execTransactInternal:1541 android.os.Binder.execTransact:1480
2025-07-26 21:48:27.277 10344-10687 BufferPoolAccessor2.0   com.drm.to.ssy.digitalletter         D  bufferpool2 0xb400007d50061a28 : 5(41943040 size) total buffers - 5(41943040 size) used buffers - 7921/7931 (recycle/alloc) - 13/7931 (fetch/transfer)
2025-07-26 21:48:29.181 10344-10681 BufferPoolAccessor2.0   com.drm.to.ssy.digitalletter         D  bufferpool2 0xb400007d4dc2a428 : 4(32768 size) total buffers - 1(8192 size) used buffers - 11077/11100 (recycle/alloc) - 22/22182 (fetch/transfer)
2025-07-26 21:48:29.715 10344-10686 BufferPoolAccessor2.0   com.drm.to.ssy.digitalletter         D  bufferpool2 0xb400007dcadf8a28 : 0(0 size) total buffers - 0(0 size) used buffers - 1946/1951 (recycle/alloc) - 6/3878 (fetch/transfer)
2025-07-26 21:48:29.715 10344-10686 BufferPoolAccessor2.0   com.drm.to.ssy.digitalletter         D  bufferpool2 0xb400007d6b0c3828 : 0(0 size) total buffers - 0(0 size) used buffers - 1693/1699 (recycle/alloc) - 6/1684 (fetch/transfer)
2025-07-26 21:48:29.715 10344-10686 BufferPoolAccessor2.0   com.drm.to.ssy.digitalletter         D  evictor expired: 2, evicted: 2
2025-07-26 21:48:29.796 10344-10344 VRI[IntroA...y]@81b2857 com.drm.to.ssy.digitalletter         I  onDisplayChanged oldDisplayState=2 newDisplayState=2
2025-07-26 21:48:29.796 10344-10344 VRI[Memory...y]@4b9a876 com.drm.to.ssy.digitalletter         I  onDisplayChanged oldDisplayState=2 newDisplayState=2
2025-07-26 21:48:29.796 10344-10344 VRI[Memory...y]@a2d1831 com.drm.to.ssy.digitalletter         I  onDisplayChanged oldDisplayState=2 newDisplayState=2
2025-07-26 21:48:29.796 10344-10344 VRI[Memory...y]@7ceef35 com.drm.to.ssy.digitalletter         I  onDisplayChanged oldDisplayState=2 newDisplayState=2
2025-07-26 21:48:29.860 10344-10344 VRI[IntroA...y]@81b2857 com.drm.to.ssy.digitalletter         I  onDisplayChanged oldDisplayState=2 newDisplayState=2
2025-07-26 21:48:29.861 10344-10344 VRI[Memory...y]@4b9a876 com.drm.to.ssy.digitalletter         I  onDisplayChanged oldDisplayState=2 newDisplayState=2
2025-07-26 21:48:29.861 10344-10344 VRI[Memory...y]@a2d1831 com.drm.to.ssy.digitalletter         I  onDisplayChanged oldDisplayState=2 newDisplayState=2
2025-07-26 21:48:29.861 10344-10344 VRI[Memory...y]@7ceef35 com.drm.to.ssy.digitalletter         I  onDisplayChanged oldDisplayState=2 newDisplayState=2
2025-07-26 21:48:30.228 10344-10344 VRI[Memory...y]@7ceef35 com.drm.to.ssy.digitalletter         I  ViewPostIme pointer 0
2025-07-26 21:48:30.231 10344-10344 VRI[Memory...y]@7ceef35 com.drm.to.ssy.digitalletter         I  call setFrameRateCategory for touch hint category=high hint, reason=touch, vri=VRI[MemoryOnResumeActivity]@7ceef35
2025-07-26 21:48:30.366 10344-10344 VRI[Memory...y]@7ceef35 com.drm.to.ssy.digitalletter         I  ViewPostIme pointer 1
2025-07-26 21:48:32.707 10344-10687 BufferPoolAccessor2.0   com.drm.to.ssy.digitalletter         D  bufferpool2 0xb400007d50061a28 : 5(41943040 size) total buffers - 5(41943040 size) used buffers - 8083/8093 (recycle/alloc) - 13/8093 (fetch/transfer)
2025-07-26 21:48:32.733 10344-10344 Engine                  com.drm.to.ssy.digitalletter         I  nextCmd is SceneInitCmd
2025-07-26 21:48:32.733 10344-10344 Engine                  com.drm.to.ssy.digitalletter         D  currentTitle: Ver 0.9.9
2025-07-26 21:48:32.733 10344-10344 Engine                  com.drm.to.ssy.digitalletter         D  currentMusicRes: 2131820568
2025-07-26 21:48:32.733 10344-10344 Engine                  com.drm.to.ssy.digitalletter         I  nextCmd is MonologueCmd
2025-07-26 21:48:32.733 10344-10344 Engine                  com.drm.to.ssy.digitalletter         D  currentSpeaker: null
2025-07-26 21:48:32.733 10344-10344 Engine                  com.drm.to.ssy.digitalletter         D  currentText: 这份名为「喜欢」的感情，是从何时开始的呢？
2025-07-26 21:48:32.782 10344-11104 AudioManager            com.drm.to.ssy.digitalletter         I  getParameters keys = offloadVariableRateSupported
2025-07-26 21:48:32.790 10344-11104 DMCodecAdapterFactory   com.drm.to.ssy.digitalletter         I  Creating an asynchronous MediaCodec adapter for track type audio
2025-07-26 21:48:32.792 10344-11121 CCodec                  com.drm.to.ssy.digitalletter         I  state->set(ALLOCATING)
2025-07-26 21:48:32.792 10344-11121 CCodec                  com.drm.to.ssy.digitalletter         I  allocate(c2.sec.mp3.decoder)
2025-07-26 21:48:32.793 10344-11121 CCodec                  com.drm.to.ssy.digitalletter         I  setting up 'default' as default (vendor) store
2025-07-26 21:48:32.795 10344-11121 CCodec                  com.drm.to.ssy.digitalletter         I  Created component [c2.sec.mp3.decoder]
2025-07-26 21:48:32.795 10344-11121 CCodec                  com.drm.to.ssy.digitalletter         I  [c2.sec.mp3.decoder] state->set(ALLOCATED)
2025-07-26 21:48:32.795 10344-11121 CCodecConfig            com.drm.to.ssy.digitalletter         D  read media type: audio/mpeg
2025-07-26 21:48:32.796 10344-11121 ReflectedParamUpdater   com.drm.to.ssy.digitalletter         D  extent() != 1 for single value type: algo.buffers.max-count.values
2025-07-26 21:48:32.796 10344-11121 ReflectedParamUpdater   com.drm.to.ssy.digitalletter         D  extent() != 1 for single value type: output.subscribed-indices.values
2025-07-26 21:48:32.796 10344-11121 ReflectedParamUpdater   com.drm.to.ssy.digitalletter         D  extent() != 1 for single value type: input.buffers.allocator-ids.values
2025-07-26 21:48:32.796 10344-11121 ReflectedParamUpdater   com.drm.to.ssy.digitalletter         D  extent() != 1 for single value type: output.buffers.allocator-ids.values
2025-07-26 21:48:32.797 10344-11121 ReflectedParamUpdater   com.drm.to.ssy.digitalletter         D  extent() != 1 for single value type: algo.buffers.allocator-ids.values
2025-07-26 21:48:32.797 10344-11121 ReflectedParamUpdater   com.drm.to.ssy.digitalletter         D  extent() != 1 for single value type: output.buffers.pool-ids.values
2025-07-26 21:48:32.797 10344-11121 ReflectedParamUpdater   com.drm.to.ssy.digitalletter         D  extent() != 1 for single value type: algo.buffers.pool-ids.values
2025-07-26 21:48:32.797 10344-11121 CCodecConfig            com.drm.to.ssy.digitalletter         I  query failed after returning 7 values (BAD_INDEX)
2025-07-26 21:48:32.797 10344-11121 CCodecConfig            com.drm.to.ssy.digitalletter         D  c2 config diff is Dict {
                                                                                                      c2::u32 coded.bitrate.value = 64000
                                                                                                      c2::u32 input.buffers.max-size.value = 8192
                                                                                                      c2::u32 input.delay.value = 0
                                                                                                      string input.media-type.value = "audio/mpeg"
                                                                                                      string output.media-type.value = "audio/raw"
                                                                                                      c2::u32 raw.channel-count.value = 2
                                                                                                      c2::u32 raw.sample-rate.value = 44100
                                                                                                    }
2025-07-26 21:48:32.800 10344-11121 MediaCodec              com.drm.to.ssy.digitalletter         I  MediaCodec will operate in async mode
2025-07-26 21:48:32.800 10344-11121 CCodec                  com.drm.to.ssy.digitalletter         D  [c2.sec.mp3.decoder] buffers are bound to CCodec for this session
2025-07-26 21:48:32.800 10344-11121 CCodec                  com.drm.to.ssy.digitalletter         I  appPid(10344) width(0) height(0)
2025-07-26 21:48:32.800 10344-11121 CCodecConfig            com.drm.to.ssy.digitalletter         D  no c2 equivalents for log-session-id
2025-07-26 21:48:32.800 10344-11121 CCodecConfig            com.drm.to.ssy.digitalletter         D  no c2 equivalents for importance
2025-07-26 21:48:32.800 10344-11121 CCodecConfig            com.drm.to.ssy.digitalletter         D  no c2 equivalents for flags
2025-07-26 21:48:32.800 10344-11121 CCodecConfig            com.drm.to.ssy.digitalletter         D  config failed => CORRUPTED
2025-07-26 21:48:32.800 10344-11121 Codec2Client            com.drm.to.ssy.digitalletter         W  query -- param skipped: index = 1107298332.
2025-07-26 21:48:32.800 10344-11121 CCodec                  com.drm.to.ssy.digitalletter         D  client requested max input size 4096, which is smaller than what component recommended (8192); overriding with component recommendation.
2025-07-26 21:48:32.800 10344-11121 CCodec                  com.drm.to.ssy.digitalletter         W  This behavior is subject to change. It is recommended that app developers double check whether the requested max input size is in reasonable range.
2025-07-26 21:48:32.800 10344-11121 CCodec                  com.drm.to.ssy.digitalletter         D  encoding statistics level = 0
2025-07-26 21:48:32.800 10344-11121 CCodec                  com.drm.to.ssy.digitalletter         D  setup formats input: AMessage(what = 0x00000000) = {
                                                                                                      int32_t bitrate = 64000
                                                                                                      int32_t channel-count = 2
                                                                                                      int32_t max-input-size = 8192
                                                                                                      string mime = "audio/mpeg"
                                                                                                      int32_t sample-rate = 44100
                                                                                                    }
2025-07-26 21:48:32.800 10344-11121 CCodec                  com.drm.to.ssy.digitalletter         D  setup formats output: AMessage(what = 0x00000000) = {
                                                                                                      int32_t channel-count = 2
                                                                                                      string mime = "audio/raw"
                                                                                                      int32_t sample-rate = 44100
                                                                                                      int32_t android._config-pcm-encoding = 2
                                                                                                    }
2025-07-26 21:48:32.801 10344-11121 CCodecConfig            com.drm.to.ssy.digitalletter         I  query failed after returning 7 values (BAD_INDEX)
2025-07-26 21:48:32.801 10344-11104 MediaCodec              com.drm.to.ssy.digitalletter         D  keep callback message for reclaim
2025-07-26 21:48:32.801 10344-11121 CCodec                  com.drm.to.ssy.digitalletter         I  [c2.sec.mp3.decoder] state->set(STARTING)
2025-07-26 21:48:32.802 10344-11121 Codec2Client            com.drm.to.ssy.digitalletter         W  query -- param skipped: index = 1342179345.
2025-07-26 21:48:32.802 10344-11121 Codec2Client            com.drm.to.ssy.digitalletter         W  query -- param skipped: index = 2415921170.
2025-07-26 21:48:32.803 10344-11121 CCodecBufferChannel     com.drm.to.ssy.digitalletter         D  [c2.sec.mp3.decoder#606] Created input block pool with allocatorID 16 => poolID 26 - OK (0)
2025-07-26 21:48:32.804 10344-10687 BufferPoolAccessor2.0   com.drm.to.ssy.digitalletter         D  bufferpool2 0xb400007dc256a428 : 0(0 size) total buffers - 0(0 size) used buffers - 740/747 (recycle/alloc) - 7/1472 (fetch/transfer)
2025-07-26 21:48:32.804 10344-10687 BufferPoolAccessor2.0   com.drm.to.ssy.digitalletter         D  Destruction - bufferpool2 0xb400007dc256a428 cached: 0/0M, 0/0% in use; allocs: 747, 99% recycled; transfers: 1472, 100% unfetched
2025-07-26 21:48:32.804 10344-11121 CCodecBufferChannel     com.drm.to.ssy.digitalletter         I  [c2.sec.mp3.decoder#606] Created output block pool with allocatorID 16 => poolID 35 - OK
2025-07-26 21:48:32.804 10344-10687 BufferPoolAccessor2.0   com.drm.to.ssy.digitalletter         D  Destruction - bufferpool2 0xb400007dcadf8a28 cached: 0/0M, 0/0% in use; allocs: 1951, 100% recycled; transfers: 3878, 100% unfetched
2025-07-26 21:48:32.804 10344-11121 CCodecBufferChannel     com.drm.to.ssy.digitalletter         D  [c2.sec.mp3.decoder#606] Configured output block pool ids 35 => OK
2025-07-26 21:48:32.804 10344-11121 CCodec                  com.drm.to.ssy.digitalletter         I  [c2.sec.mp3.decoder] state->set(RUNNING)
2025-07-26 21:48:32.804 10344-11121 CCodecBufferChannel     com.drm.to.ssy.digitalletter         I  [c2.sec.mp3.decoder#606] 4 initial input buffers available
2025-07-26 21:48:32.806 10344-11104 AudioCapabilities       com.drm.to.ssy.digitalletter         W  Unsupported mime audio/mpeg-L1
2025-07-26 21:48:32.806 10344-11104 AudioCapabilities       com.drm.to.ssy.digitalletter         W  Unsupported mime audio/mpeg-L2
2025-07-26 21:48:32.806 10344-11104 LoudnessCodecController com.drm.to.ssy.digitalletter         W  MediaCodec mime type not supported for loudness annotation
2025-07-26 21:48:32.806 10344-11104 LoudnessCodecController com.drm.to.ssy.digitalletter         V  Could not extract codec loudness information
2025-07-26 21:48:32.825 10344-11104 AudioTrack              com.drm.to.ssy.digitalletter         D  setVolume(1.000000, 1.000000) pid : 10344
2025-07-26 21:48:32.879 10344-11104 AudioTrack              com.drm.to.ssy.digitalletter         D  getTimestamp_l(135): device stall time corrected using current time 65464252103983
2025-07-26 21:48:32.938 10344-10681 CCodec                  com.drm.to.ssy.digitalletter         I  [c2.sec.mp3.decoder] state->set(FLUSHING)
2025-07-26 21:48:32.939 10344-10681 CCodec                  com.drm.to.ssy.digitalletter         I  [c2.sec.mp3.decoder] state->set(FLUSHED)
2025-07-26 21:48:32.939 10344-10675 MediaCodec              com.drm.to.ssy.digitalletter         D  keep callback message for reclaim
2025-07-26 21:48:32.939 10344-10681 CCodec                  com.drm.to.ssy.digitalletter         I  [c2.sec.mp3.decoder] state->set(RESUMING)
2025-07-26 21:48:32.940 10344-10681 CCodecConfig            com.drm.to.ssy.digitalletter         I  query failed after returning 7 values (BAD_INDEX)
2025-07-26 21:48:32.940 10344-10681 CCodecBufferChannel     com.drm.to.ssy.digitalletter         I  [c2.sec.mp3.decoder#156] 4 initial input buffers available
2025-07-26 21:48:32.940 10344-10681 Codec2Client            com.drm.to.ssy.digitalletter         W  query -- param skipped: index = 1342179345.
2025-07-26 21:48:32.940 10344-10681 Codec2Client            com.drm.to.ssy.digitalletter         W  query -- param skipped: index = 2415921170.
2025-07-26 21:48:32.941 10344-10681 CCodec                  com.drm.to.ssy.digitalletter         I  [c2.sec.mp3.decoder] state->set(RUNNING)
2025-07-26 21:48:33.367 10344-10344 VRI[Memory...y]@7ceef35 com.drm.to.ssy.digitalletter         I  call setFrameRateCategory for touch hint category=no preference, reason=boost timeout, vri=VRI[MemoryOnResumeActivity]@7ceef35
2025-07-26 21:48:33.584 10344-10344 VRI[Memory...y]@7ceef35 com.drm.to.ssy.digitalletter         I  ViewPostIme pointer 0
