2025-07-26 21:51:03.865 10344-10344 BLASTBufferQueue_Java   com.drm.to.ssy.digitalletter         I  update, w= 112 h= 121 mName = VRI[Pop-Up Window]@9f7fb43 mNativeObject= 0xb400007dc237cb80 sc.mNativeObject= 0xb400007dc26392c0 format= -3 caller= android.view.ViewRootImpl.updateBlastSurfaceIfNeeded:3386 android.view.ViewRootImpl.relayoutWindow:11361 android.view.ViewRootImpl.performTraversals:4544 android.view.ViewRootImpl.doTraversal:3708 android.view.ViewRootImpl$TraversalRunnable.run:12542 android.view.Choreographer$CallbackRecord.run:1751
2025-07-26 21:51:03.865 10344-10344 VRI[Pop-Up...w]@9f7fb43 com.drm.to.ssy.digitalletter         I  Relayout returned: old=(310,554,354,607) new=(310,553,354,606) relayoutAsync=true req=(44,53)0 dur=0 res=0x0 s={true 0xb400007d6afcd800} ch=false seqId=0
2025-07-26 21:51:03.865 10344-10344 VRI[Pop-Up...w]@9f7fb43 com.drm.to.ssy.digitalletter         I  registerCallbackForPendingTransactions
2025-07-26 21:51:03.866 10344-10418 VRI[Pop-Up...w]@9f7fb43 com.drm.to.ssy.digitalletter         I  mWNT: t=0xb400007d6ae4bd80 mBlastBufferQueue=0xb400007dc237cb80 fn= 53 HdrRenderState mRenderHdrSdrRatio=1.0 caller= android.view.ViewRootImpl$9.onFrameDraw:6276 android.view.ViewRootImpl$3.onFrameDraw:2440 android.view.ThreadedRenderer$1.onFrameDraw:761
2025-07-26 21:51:03.873 10344-10419 VRI[MergeR...ty]@87c910 com.drm.to.ssy.digitalletter         I  mWNT: t=0xb400007d6b0e7500 mBlastBufferQueue=0xb400007d6b128380 fn= 209 HdrRenderState mRenderHdrSdrRatio=1.0 caller= android.view.SyncRtSurfaceTransactionApplier.applyTransaction:96 android.view.SyncRtSurfaceTransactionApplier.lambda$scheduleApply$0:69 android.view.SyncRtSurfaceTransactionApplier.$r8$lambda$afI4fXg3U3-nBZQEDQMiNy-B06s:0
2025-07-26 21:51:03.873 10344-10344 BLASTBufferQueue_Java   com.drm.to.ssy.digitalletter         I  update, w= 112 h= 121 mName = VRI[Pop-Up Window]@9f7fb43 mNativeObject= 0xb400007dc237cb80 sc.mNativeObject= 0xb400007dc26392c0 format= -3 caller= android.view.ViewRootImpl.updateBlastSurfaceIfNeeded:3386 android.view.ViewRootImpl.relayoutWindow:11361 android.view.ViewRootImpl.performTraversals:4544 android.view.ViewRootImpl.doTraversal:3708 android.view.ViewRootImpl$TraversalRunnable.run:12542 android.view.Choreographer$CallbackRecord.run:1751
2025-07-26 21:51:03.873 10344-10344 VRI[Pop-Up...w]@9f7fb43 com.drm.to.ssy.digitalletter         I  Relayout returned: old=(310,553,354,606) new=(310,553,354,606) relayoutAsync=true req=(44,53)0 dur=0 res=0x0 s={true 0xb400007d6afcd800} ch=false seqId=0
2025-07-26 21:51:03.874 10344-10344 VRI[Pop-Up...w]@9f7fb43 com.drm.to.ssy.digitalletter         I  registerCallbackForPendingTransactions
2025-07-26 21:51:03.874 10344-10418 VRI[Pop-Up...w]@9f7fb43 com.drm.to.ssy.digitalletter         I  mWNT: t=0xb400007d6b112780 mBlastBufferQueue=0xb400007dc237cb80 fn= 54 HdrRenderState mRenderHdrSdrRatio=1.0 caller= android.view.ViewRootImpl$9.onFrameDraw:6276 android.view.ViewRootImpl$3.onFrameDraw:2440 android.view.ThreadedRenderer$1.onFrameDraw:761
2025-07-26 21:51:03.882 10344-10419 VRI[MergeR...ty]@87c910 com.drm.to.ssy.digitalletter         I  mWNT: t=0xb400007cbff12180 mBlastBufferQueue=0xb400007d6b128380 fn= 210 HdrRenderState mRenderHdrSdrRatio=1.0 caller= android.view.SyncRtSurfaceTransactionApplier.applyTransaction:96 android.view.SyncRtSurfaceTransactionApplier.lambda$scheduleApply$0:69 android.view.SyncRtSurfaceTransactionApplier.$r8$lambda$afI4fXg3U3-nBZQEDQMiNy-B06s:0
2025-07-26 21:51:03.889 10344-10418 VRI[MergeR...ty]@87c910 com.drm.to.ssy.digitalletter         I  mWNT: t=0xb400007cbff13500 mBlastBufferQueue=0xb400007d6b128380 fn= 211 HdrRenderState mRenderHdrSdrRatio=1.0 caller= android.view.SyncRtSurfaceTransactionApplier.applyTransaction:96 android.view.SyncRtSurfaceTransactionApplier.lambda$scheduleApply$0:69 android.view.SyncRtSurfaceTransactionApplier.$r8$lambda$afI4fXg3U3-nBZQEDQMiNy-B06s:0
2025-07-26 21:51:03.898 10344-10419 VRI[MergeR...ty]@87c910 com.drm.to.ssy.digitalletter         I  mWNT: t=0xb400007cbff13680 mBlastBufferQueue=0xb400007d6b128380 fn= 212 HdrRenderState mRenderHdrSdrRatio=1.0 caller= android.view.SyncRtSurfaceTransactionApplier.applyTransaction:96 android.view.SyncRtSurfaceTransactionApplier.lambda$scheduleApply$0:69 android.view.SyncRtSurfaceTransactionApplier.$r8$lambda$afI4fXg3U3-nBZQEDQMiNy-B06s:0
2025-07-26 21:51:03.906 10344-10418 VRI[MergeR...ty]@87c910 com.drm.to.ssy.digitalletter         I  mWNT: t=0xb400007cbff13800 mBlastBufferQueue=0xb400007d6b128380 fn= 213 HdrRenderState mRenderHdrSdrRatio=1.0 caller= android.view.SyncRtSurfaceTransactionApplier.applyTransaction:96 android.view.SyncRtSurfaceTransactionApplier.lambda$scheduleApply$0:69 android.view.SyncRtSurfaceTransactionApplier.$r8$lambda$afI4fXg3U3-nBZQEDQMiNy-B06s:0
2025-07-26 21:51:03.914 10344-10419 VRI[MergeR...ty]@87c910 com.drm.to.ssy.digitalletter         I  mWNT: t=0xb400007dc2512000 mBlastBufferQueue=0xb400007d6b128380 fn= 214 HdrRenderState mRenderHdrSdrRatio=1.0 caller= android.view.SyncRtSurfaceTransactionApplier.applyTransaction:96 android.view.SyncRtSurfaceTransactionApplier.lambda$scheduleApply$0:69 android.view.SyncRtSurfaceTransactionApplier.$r8$lambda$afI4fXg3U3-nBZQEDQMiNy-B06s:0
2025-07-26 21:51:03.923 10344-10418 VRI[MergeR...ty]@87c910 com.drm.to.ssy.digitalletter         I  mWNT: t=0xb400007d6ae4ce00 mBlastBufferQueue=0xb400007d6b128380 fn= 215 HdrRenderState mRenderHdrSdrRatio=1.0 caller= android.view.SyncRtSurfaceTransactionApplier.applyTransaction:96 android.view.SyncRtSurfaceTransactionApplier.lambda$scheduleApply$0:69 android.view.SyncRtSurfaceTransactionApplier.$r8$lambda$afI4fXg3U3-nBZQEDQMiNy-B06s:0
2025-07-26 21:51:03.931 10344-10419 VRI[MergeR...ty]@87c910 com.drm.to.ssy.digitalletter         I  mWNT: t=0xb400007d6b0e7800 mBlastBufferQueue=0xb400007d6b128380 fn= 216 HdrRenderState mRenderHdrSdrRatio=1.0 caller= android.view.SyncRtSurfaceTransactionApplier.applyTransaction:96 android.view.SyncRtSurfaceTransactionApplier.lambda$scheduleApply$0:69 android.view.SyncRtSurfaceTransactionApplier.$r8$lambda$afI4fXg3U3-nBZQEDQMiNy-B06s:0
2025-07-26 21:51:03.939 10344-10418 VRI[MergeR...ty]@87c910 com.drm.to.ssy.digitalletter         I  mWNT: t=0xb400007d4fff5b80 mBlastBufferQueue=0xb400007d6b128380 fn= 217 HdrRenderState mRenderHdrSdrRatio=1.0 caller= android.view.SyncRtSurfaceTransactionApplier.applyTransaction:96 android.view.SyncRtSurfaceTransactionApplier.lambda$scheduleApply$0:69 android.view.SyncRtSurfaceTransactionApplier.$r8$lambda$afI4fXg3U3-nBZQEDQMiNy-B06s:0
2025-07-26 21:51:03.947 10344-10419 VRI[MergeR...ty]@87c910 com.drm.to.ssy.digitalletter         I  mWNT: t=0xb400007dc2513f80 mBlastBufferQueue=0xb400007d6b128380 fn= 218 HdrRenderState mRenderHdrSdrRatio=1.0 caller= android.view.SyncRtSurfaceTransactionApplier.applyTransaction:96 android.view.SyncRtSurfaceTransactionApplier.lambda$scheduleApply$0:69 android.view.SyncRtSurfaceTransactionApplier.$r8$lambda$afI4fXg3U3-nBZQEDQMiNy-B06s:0
2025-07-26 21:51:03.956 10344-10418 VRI[MergeR...ty]@87c910 com.drm.to.ssy.digitalletter         I  mWNT: t=0xb400007d501c5680 mBlastBufferQueue=0xb400007d6b128380 fn= 219 HdrRenderState mRenderHdrSdrRatio=1.0 caller= android.view.SyncRtSurfaceTransactionApplier.applyTransaction:96 android.view.SyncRtSurfaceTransactionApplier.lambda$scheduleApply$0:69 android.view.SyncRtSurfaceTransactionApplier.$r8$lambda$afI4fXg3U3-nBZQEDQMiNy-B06s:0
2025-07-26 21:51:03.964 10344-10419 VRI[MergeR...ty]@87c910 com.drm.to.ssy.digitalletter         I  mWNT: t=0xb400007cbff12480 mBlastBufferQueue=0xb400007d6b128380 fn= 220 HdrRenderState mRenderHdrSdrRatio=1.0 caller= android.view.SyncRtSurfaceTransactionApplier.applyTransaction:96 android.view.SyncRtSurfaceTransactionApplier.lambda$scheduleApply$0:69 android.view.SyncRtSurfaceTransactionApplier.$r8$lambda$afI4fXg3U3-nBZQEDQMiNy-B06s:0
2025-07-26 21:51:03.972 10344-10418 VRI[MergeR...ty]@87c910 com.drm.to.ssy.digitalletter         I  mWNT: t=0xb400007cbff12900 mBlastBufferQueue=0xb400007d6b128380 fn= 221 HdrRenderState mRenderHdrSdrRatio=1.0 caller= android.view.SyncRtSurfaceTransactionApplier.applyTransaction:96 android.view.SyncRtSurfaceTransactionApplier.lambda$scheduleApply$0:69 android.view.SyncRtSurfaceTransactionApplier.$r8$lambda$afI4fXg3U3-nBZQEDQMiNy-B06s:0
2025-07-26 21:51:03.981 10344-10419 VRI[MergeR...ty]@87c910 com.drm.to.ssy.digitalletter         I  mWNT: t=0xb400007dc2514280 mBlastBufferQueue=0xb400007d6b128380 fn= 222 HdrRenderState mRenderHdrSdrRatio=1.0 caller= android.view.SyncRtSurfaceTransactionApplier.applyTransaction:96 android.view.SyncRtSurfaceTransactionApplier.lambda$scheduleApply$0:69 android.view.SyncRtSurfaceTransactionApplier.$r8$lambda$afI4fXg3U3-nBZQEDQMiNy-B06s:0
2025-07-26 21:51:03.990 10344-10418 VRI[MergeR...ty]@87c910 com.drm.to.ssy.digitalletter         I  mWNT: t=0xb400007d6b0e7b00 mBlastBufferQueue=0xb400007d6b128380 fn= 223 HdrRenderState mRenderHdrSdrRatio=1.0 caller= android.view.SyncRtSurfaceTransactionApplier.applyTransaction:96 android.view.SyncRtSurfaceTransactionApplier.lambda$scheduleApply$0:69 android.view.SyncRtSurfaceTransactionApplier.$r8$lambda$afI4fXg3U3-nBZQEDQMiNy-B06s:0
2025-07-26 21:51:03.998 10344-10344 InsetsController        com.drm.to.ssy.digitalletter         I  cancelAnimation: types=ime, animType=0, host=com.drm.to.ssy.digitalletter/com.drm.to.ssy.digitalletter.ui.mr.MergeRequestActivity, from=android.view.InsetsController.notifyFinished:1890 android.view.InsetsAnimationControlImpl.applyChangeInsets:307 android.view.InsetsController.lambda$new$3:932
2025-07-26 21:51:03.998 10344-10344 ImeTracker              com.drm.to.ssy.digitalletter         I  com.drm.to.ssy.digitalletter:7a28f63f: onShown
2025-07-26 21:51:04.000 10344-10419 VRI[MergeR...ty]@87c910 com.drm.to.ssy.digitalletter         I  mWNT: t=0xb400007d501c4f00 mBlastBufferQueue=0xb400007d6b128380 fn= 224 HdrRenderState mRenderHdrSdrRatio=1.0 caller= android.view.SyncRtSurfaceTransactionApplier.applyTransaction:96 android.view.SyncRtSurfaceTransactionApplier.lambda$scheduleApply$0:69 android.view.SyncRtSurfaceTransactionApplier.$r8$lambda$afI4fXg3U3-nBZQEDQMiNy-B06s:0
2025-07-26 21:51:04.237 10344-10681 BufferPoolAccessor2.0   com.drm.to.ssy.digitalletter         D  bufferpool2 0xb400007d4dc2a428 : 5(40960 size) total buffers - 1(8192 size) used buffers - 17537/17570 (recycle/alloc) - 33/35110 (fetch/transfer)
2025-07-26 21:51:04.403 10344-10344 VRI[IntroA...y]@81b2857 com.drm.to.ssy.digitalletter         I  onDisplayChanged oldDisplayState=2 newDisplayState=2
2025-07-26 21:51:04.404 10344-10344 VRI[Memory...y]@4b9a876 com.drm.to.ssy.digitalletter         I  onDisplayChanged oldDisplayState=2 newDisplayState=2
2025-07-26 21:51:04.404 10344-10344 VRI[Memory...y]@a2d1831 com.drm.to.ssy.digitalletter         I  onDisplayChanged oldDisplayState=2 newDisplayState=2
2025-07-26 21:51:04.404 10344-10344 VRI[Memory...y]@7ceef35 com.drm.to.ssy.digitalletter         I  onDisplayChanged oldDisplayState=2 newDisplayState=2
2025-07-26 21:51:04.404 10344-10344 VRI[MergeR...ty]@87c910 com.drm.to.ssy.digitalletter         I  onDisplayChanged oldDisplayState=2 newDisplayState=2
2025-07-26 21:51:04.404 10344-10344 VRI[Pop-Up...w]@9f7fb43 com.drm.to.ssy.digitalletter         I  onDisplayChanged oldDisplayState=2 newDisplayState=2
2025-07-26 21:51:04.872 10344-10344 VRI[MergeR...ty]@87c910 com.drm.to.ssy.digitalletter         I  ViewPostIme pointer 0
2025-07-26 21:51:04.899 10344-10344 VRI[IntroA...y]@81b2857 com.drm.to.ssy.digitalletter         I  onDisplayChanged oldDisplayState=2 newDisplayState=2
2025-07-26 21:51:04.899 10344-10344 VRI[Memory...y]@4b9a876 com.drm.to.ssy.digitalletter         I  onDisplayChanged oldDisplayState=2 newDisplayState=2
2025-07-26 21:51:04.899 10344-10344 VRI[Memory...y]@a2d1831 com.drm.to.ssy.digitalletter         I  onDisplayChanged oldDisplayState=2 newDisplayState=2
2025-07-26 21:51:04.899 10344-10344 VRI[Memory...y]@7ceef35 com.drm.to.ssy.digitalletter         I  onDisplayChanged oldDisplayState=2 newDisplayState=2
2025-07-26 21:51:04.899 10344-10344 VRI[MergeR...ty]@87c910 com.drm.to.ssy.digitalletter         I  onDisplayChanged oldDisplayState=2 newDisplayState=2
2025-07-26 21:51:04.899 10344-10344 VRI[Pop-Up...w]@9f7fb43 com.drm.to.ssy.digitalletter         I  onDisplayChanged oldDisplayState=2 newDisplayState=2
2025-07-26 21:51:04.915 10344-10344 VRI[MergeR...ty]@87c910 com.drm.to.ssy.digitalletter         I  ViewPostIme pointer 1
2025-07-26 21:51:05.362 10344-10344 VRI[MergeR...ty]@87c910 com.drm.to.ssy.digitalletter         I  The input has been finished in ImeInputStage.
2025-07-26 21:51:05.425 10344-10344 VRI[MergeR...ty]@87c910 com.drm.to.ssy.digitalletter         I  The input has been finished in ImeInputStage.
2025-07-26 21:51:05.427 10344-10344 InsetsController        com.drm.to.ssy.digitalletter         D  hide(ime(), fromIme=true)
2025-07-26 21:51:05.428 10344-10344 InsetsController        com.drm.to.ssy.digitalletter         I  setRequestedVisibleTypes: visible=false, mask=ime, host=com.drm.to.ssy.digitalletter/com.drm.to.ssy.digitalletter.ui.mr.MergeRequestActivity, from=android.view.InsetsController.controlAnimationUnchecked:1498 android.view.InsetsController.applyAnimation:2228 android.view.InsetsController.applyAnimation:2159 android.view.InsetsController.hide:1452 android.view.ViewRootImpl$ViewRootHandler.handleMessageImpl:8063 android.view.ViewRootImpl$ViewRootHandler.handleMessage:7991 android.os.Handler.dispatchMessage:107 android.os.Looper.loopOnce:257 android.os.Looper.loop:342 android.app.ActivityThread.main:9638
2025-07-26 21:51:05.429 10344-10344 InsetsController        com.drm.to.ssy.digitalletter         I  controlAnimationUncheckedInner: Added types=ime, animType=1, host=com.drm.to.ssy.digitalletter/com.drm.to.ssy.digitalletter.ui.mr.MergeRequestActivity, from=android.view.InsetsController.controlAnimationUnchecked:1502 android.view.InsetsController.applyAnimation:2228 android.view.InsetsController.applyAnimation:2159
2025-07-26 21:51:05.442 10344-10344 InsetsController        com.drm.to.ssy.digitalletter         I  onStateChanged: host=com.drm.to.ssy.digitalletter/com.drm.to.ssy.digitalletter.ui.mr.MergeRequestActivity, from=android.view.ViewRootImpl.handleResized:2789, state=InsetsState: {mDisplayFrame=Rect(0, 0 - 2560, 1600), mDisplayCutout=DisplayCutout{insets=Rect(0, 0 - 0, 0) waterfall=Insets{left=0, top=0, right=0, bottom=0} boundingRect={Bounds=[Rect(0, 0 - 0, 0), Rect(0, 0 - 0, 0), Rect(0, 0 - 0, 0), Rect(0, 0 - 0, 0)]} cutoutPathParserInfo={CutoutPathParserInfo{displayWidth=0 displayHeight=0 physicalDisplayWidth=0 physicalDisplayHeight=0 density={0.0} cutoutSpec={} rotation={0} scale={0.0} physicalPixelDisplaySizeRatio={0.0}}} sideOverrides=null}, mRoundedCorners=RoundedCorners{[RoundedCorner{position=TopLeft, radius=21, center=Point(21, 21)}, RoundedCorner{position=TopRight, radius=21, center=Point(2539, 21)}, RoundedCorner{position=BottomRight, radius=21, center=Point(2539, 1579)}, RoundedCorner{position=BottomLeft, radius=21, center=Point(21, 1579)}]}  mRoundedCornerFrame=Rect(0, 0 - 2560, 1600), mPrivacyIndicatorBounds=PrivacyIndicatorBounds {static bounds=Rect(2466, 0 - 2560, 51) rotation=1}, mDisplayShape=DisplayShape{ spec=-311912193 displayWidth=1600 displayHeight=2560 physicalPixelDisplaySizeRatio=1.0 rotation=1 offsetX=0 offsetY=0 scale=1.0}, mSources= { InsetsSource: {fa0d0000 mType=statusBars mFrame=[0,0][2560,51] mVisible=false mFlags= mSideHint=TOP mBoundingRects=null}, InsetsSource: {fa0d0005 mType=mandatorySystemGestures mFrame=[0,0][2560,51] mVisible=true mFlags= mSideHint=TOP mBoundingRects=null}, InsetsSource: {fa0d0006 mType=tappableElement mFrame=[0,0][2560,51] mVisible=true mFlags= mSideHint=TOP mBoundingRects=null}, InsetsSource: {3 mType=ime mFrame=[0,842][2560,1600] mVisible=false mFlags= mSideHint=BOTTOM mBoundingRects=null}, InsetsSource: {1f4c0001 mType=navigationBars mFrame=[0,1498][2560,1600] mVisible=true mFlags= mSideHint=BOTTOM mBoundingRects=null}, InsetsSource: {1f4c0004 mType=systemGestures mFrame=[0,0][0,0] mVisible=true mFlags= mSideHint=NONE mBoundingRects=null}, InsetsSource: {1f4c0005 mType=mandatorySystemGestures mFrame=[0,1498][2560,1600] mVisible=true mFlags= mSideHint=BOTTOM mBoundingRects=null}, InsetsSource: {1f4c0006 mType=tappableElement mFrame=[0,1498][2560,1600] mVisible=true mFlags= mSideHint=BOTTOM mBoundingRects=null}, InsetsSource: {1f4c0024 mType=systemGestures mFrame=[0,0][0,0] mVisible=true mFlags= mSideHint=NONE mBoundingRects=null} }
2025-07-26 21:51:05.442 10344-10344 VRI[MergeR...ty]@87c910 com.drm.to.ssy.digitalletter         I  handleResized, frames=ClientWindowFrames{frame=[0,0][2560,1600] display=[0,0][2560,1600] parentFrame=[0,0][0,0]} displayId=0 dragResizing=false compatScale=1.0 frameChanged=false attachedFrameChanged=false configChanged=false displayChanged=false compatScaleChanged=false dragResizingChanged=false
2025-07-26 21:51:05.442 10344-10344 VRI[Pop-Up...w]@9f7fb43 com.drm.to.ssy.digitalletter         I  handleResized, frames=ClientWindowFrames{frame=[310,553][354,606] display=[-100000,-100000][100000,100000] parentFrame=[0,0][0,0] attachedFrame=[0,0][2560,1600]} displayId=0 dragResizing=false compatScale=1.0 frameChanged=false attachedFrameChanged=false configChanged=false displayChanged=false compatScaleChanged=false dragResizingChanged=false
2025-07-26 21:51:05.443 10344-10418 VRI[MergeR...ty]@87c910 com.drm.to.ssy.digitalletter         I  mWNT: t=0xb400007d6b0e7080 mBlastBufferQueue=0xb400007d6b128380 fn= 228 HdrRenderState mRenderHdrSdrRatio=1.0 caller= android.view.SyncRtSurfaceTransactionApplier.applyTransaction:96 android.view.SyncRtSurfaceTransactionApplier.lambda$scheduleApply$0:69 android.view.SyncRtSurfaceTransactionApplier.$r8$lambda$afI4fXg3U3-nBZQEDQMiNy-B06s:0
2025-07-26 21:51:05.444 10344-10419 VRI[MergeR...ty]@87c910 com.drm.to.ssy.digitalletter         I  mWNT: t=0xb400007d6b113680 mBlastBufferQueue=0xb400007d6b128380 fn= 229 HdrRenderState mRenderHdrSdrRatio=1.0 caller= android.view.SyncRtSurfaceTransactionApplier.applyTransaction:96 android.view.SyncRtSurfaceTransactionApplier.lambda$scheduleApply$0:69 android.view.SyncRtSurfaceTransactionApplier.$r8$lambda$afI4fXg3U3-nBZQEDQMiNy-B06s:0
2025-07-26 21:51:05.445 10344-10344 InsetsController        com.drm.to.ssy.digitalletter         I  controlAnimationUncheckedInner: Added types=navigationBars, animType=1, host=com.drm.to.ssy.digitalletter/com.drm.to.ssy.digitalletter.ui.mr.MergeRequestActivity, from=android.view.InsetsController.controlAnimationUnchecked:1502 android.view.InsetsController.applyAnimation:2228 android.view.InsetsController.applyAnimation:2159
2025-07-26 21:51:05.445 10344-10344 InsetsController        com.drm.to.ssy.digitalletter         I  onStateChanged: host=com.drm.to.ssy.digitalletter/com.drm.to.ssy.digitalletter.ui.mr.MergeRequestActivity, from=android.view.ViewRootImpl.handleResized:2789, state=InsetsState: {mDisplayFrame=Rect(0, 0 - 2560, 1600), mDisplayCutout=DisplayCutout{insets=Rect(0, 0 - 0, 0) waterfall=Insets{left=0, top=0, right=0, bottom=0} boundingRect={Bounds=[Rect(0, 0 - 0, 0), Rect(0, 0 - 0, 0), Rect(0, 0 - 0, 0), Rect(0, 0 - 0, 0)]} cutoutPathParserInfo={CutoutPathParserInfo{displayWidth=0 displayHeight=0 physicalDisplayWidth=0 physicalDisplayHeight=0 density={0.0} cutoutSpec={} rotation={0} scale={0.0} physicalPixelDisplaySizeRatio={0.0}}} sideOverrides=null}, mRoundedCorners=RoundedCorners{[RoundedCorner{position=TopLeft, radius=21, center=Point(21, 21)}, RoundedCorner{position=TopRight, radius=21, center=Point(2539, 21)}, RoundedCorner{position=BottomRight, radius=21, center=Point(2539, 1579)}, RoundedCorner{position=BottomLeft, radius=21, center=Point(21, 1579)}]}  mRoundedCornerFrame=Rect(0, 0 - 2560, 1600), mPrivacyIndicatorBounds=PrivacyIndicatorBounds {static bounds=Rect(2466, 0 - 2560, 51) rotation=1}, mDisplayShape=DisplayShape{ spec=-311912193 displayWidth=1600 displayHeight=2560 physicalPixelDisplaySizeRatio=1.0 rotation=1 offsetX=0 offsetY=0 scale=1.0}, mSources= { InsetsSource: {fa0d0000 mType=statusBars mFrame=[0,0][2560,51] mVisible=false mFlags= mSideHint=TOP mBoundingRects=null}, InsetsSource: {fa0d0005 mType=mandatorySystemGestures mFrame=[0,0][2560,51] mVisible=true mFlags= mSideHint=TOP mBoundingRects=null}, InsetsSource: {fa0d0006 mType=tappableElement mFrame=[0,0][2560,51] mVisible=true mFlags= mSideHint=TOP mBoundingRects=null}, InsetsSource: {3 mType=ime mFrame=[0,842][2560,1600] mVisible=false mFlags= mSideHint=BOTTOM mBoundingRects=null}, InsetsSource: {1f4c0001 mType=navigationBars mFrame=[0,1498][2560,1600] mVisible=false mFlags= mSideHint=BOTTOM mBoundingRects=null}, InsetsSource: {1f4c0004 mType=systemGestures mFrame=[0,0][0,0] mVisible=true mFlags= mSideHint=NONE mBoundingRects=null}, InsetsSource: {1f4c0005 mType=mandatorySystemGestures mFrame=[0,1498][2560,1600] mVisible=true mFlags= mSideHint=BOTTOM mBoundingRects=null}, InsetsSource: {1f4c0006 mType=tappableElement mFrame=[0,1498][2560,1600] mVisible=true mFlags= mSideHint=BOTTOM mBoundingRects=null}, InsetsSource: {1f4c0024 mType=systemGestures mFrame=[0,0][0,0] mVisible=true mFlags= mSideHint=NONE mBoundingRects=null} }
2025-07-26 21:51:05.445 10344-10344 VRI[MergeR...ty]@87c910 com.drm.to.ssy.digitalletter         I  handleResized, frames=ClientWindowFrames{frame=[0,0][2560,1600] display=[0,0][2560,1600] parentFrame=[0,0][0,0]} displayId=0 dragResizing=false compatScale=1.0 frameChanged=false attachedFrameChanged=false configChanged=false displayChanged=false compatScaleChanged=false dragResizingChanged=false
2025-07-26 21:51:05.445 10344-10344 InsetsController        com.drm.to.ssy.digitalletter         I  onStateChanged: host=Pop-Up Window, from=android.view.ViewRootImpl.handleResized:2789, state=InsetsState: {mDisplayFrame=Rect(0, 0 - 2560, 1600), mDisplayCutout=DisplayCutout{insets=Rect(0, 0 - 0, 0) waterfall=Insets{left=0, top=0, right=0, bottom=0} boundingRect={Bounds=[Rect(0, 0 - 0, 0), Rect(0, 0 - 0, 0), Rect(0, 0 - 0, 0), Rect(0, 0 - 0, 0)]} cutoutPathParserInfo={CutoutPathParserInfo{displayWidth=0 displayHeight=0 physicalDisplayWidth=0 physicalDisplayHeight=0 density={0.0} cutoutSpec={} rotation={0} scale={0.0} physicalPixelDisplaySizeRatio={0.0}}} sideOverrides=null}, mRoundedCorners=RoundedCorners{[RoundedCorner{position=TopLeft, radius=21, center=Point(21, 21)}, RoundedCorner{position=TopRight, radius=21, center=Point(2539, 21)}, RoundedCorner{position=BottomRight, radius=21, center=Point(2539, 1579)}, RoundedCorner{position=BottomLeft, radius=21, center=Point(21, 1579)}]}  mRoundedCornerFrame=Rect(0, 0 - 2560, 1600), mPrivacyIndicatorBounds=PrivacyIndicatorBounds {static bounds=Rect(2466, 0 - 2560, 51) rotation=1}, mDisplayShape=DisplayShape{ spec=-311912193 displayWidth=1600 displayHeight=2560 physicalPixelDisplaySizeRatio=1.0 rotation=1 offsetX=0 offsetY=0 scale=1.0}, mSources= { InsetsSource: {fa0d0000 mType=statusBars mFrame=[0,0][2560,51] mVisible=false mFlags= mSideHint=TOP mBoundingRects=null}, InsetsSource: {fa0d0005 mType=mandatorySystemGestures mFrame=[0,0][2560,51] mVisible=true mFlags= mSideHint=TOP mBoundingRects=null}, InsetsSource: {fa0d0006 mType=tappableElement mFrame=[0,0][2560,51] mVisible=true mFlags= mSideHint=TOP mBoundingRects=null}, InsetsSource: {1f4c0001 mType=navigationBars mFrame=[0,1498][2560,1600] mVisible=false mFlags= mSideHint=BOTTOM mBoundingRects=null}, InsetsSource: {1f4c0004 mType=systemGestures mFrame=[0,0][0,0] mVisible=true mFlags= mSideHint=NONE mBoundingRects=null}, InsetsSource: {1f4c0005 mType=mandatorySystemGestures mFrame=[0,1498][2560,1600] mVisible=true mFlags= mSideHint=BOTTOM mBoundingRects=null}, InsetsSource: {1f4c0006 mType=tappableElement mFrame=[0,1498][2560,1600] mVisible=true mFlags= mSideHint=BOTTOM mBoundingRects=null}, InsetsSource: {1f4c0024 mType=systemGestures mFrame=[0,0][0,0] mVisible=true mFlags= mSideHint=NONE mBoundingRects=null} }
2025-07-26 21:51:05.445 10344-10344 VRI[Pop-Up...w]@9f7fb43 com.drm.to.ssy.digitalletter         I  handleResized, frames=ClientWindowFrames{frame=[310,553][354,606] display=[-100000,-100000][100000,100000] parentFrame=[0,0][0,0] attachedFrame=[0,0][2560,1600]} displayId=0 dragResizing=false compatScale=1.0 frameChanged=false attachedFrameChanged=false configChanged=false displayChanged=false compatScaleChanged=false dragResizingChanged=false
2025-07-26 21:51:05.451 10344-10418 VRI[MergeR...ty]@87c910 com.drm.to.ssy.digitalletter         I  mWNT: t=0xb400007d50019d80 mBlastBufferQueue=0xb400007d6b128380 fn= 230 HdrRenderState mRenderHdrSdrRatio=1.0 caller= android.view.SyncRtSurfaceTransactionApplier.applyTransaction:96 android.view.SyncRtSurfaceTransactionApplier.lambda$scheduleApply$0:69 android.view.SyncRtSurfaceTransactionApplier.$r8$lambda$afI4fXg3U3-nBZQEDQMiNy-B06s:0
2025-07-26 21:51:05.451 10344-10418 VRI[MergeR...ty]@87c910 com.drm.to.ssy.digitalletter         I  mWNT: t=0xb400007d50019f00 mBlastBufferQueue=0xb400007d6b128380 fn= 230 HdrRenderState mRenderHdrSdrRatio=1.0 caller= android.view.SyncRtSurfaceTransactionApplier.applyTransaction:96 android.view.SyncRtSurfaceTransactionApplier.lambda$scheduleApply$0:69 android.view.SyncRtSurfaceTransactionApplier.$r8$lambda$afI4fXg3U3-nBZQEDQMiNy-B06s:0
2025-07-26 21:51:05.451 10344-10418 VRI[MergeR...ty]@87c910 com.drm.to.ssy.digitalletter         I  mWNT: t=0xb400007d6ae4b780 mBlastBufferQueue=0xb400007d6b128380 fn= 230 HdrRenderState mRenderHdrSdrRatio=1.0 caller= android.view.SyncRtSurfaceTransactionApplier.applyTransaction:96 android.view.SyncRtSurfaceTransactionApplier.lambda$scheduleApply$0:69 android.view.SyncRtSurfaceTransactionApplier.$r8$lambda$afI4fXg3U3-nBZQEDQMiNy-B06s:0
2025-07-26 21:51:05.451 10344-10418 VRI[MergeR...ty]@87c910 com.drm.to.ssy.digitalletter         I  mWNT: t=0xb400007d5001a680 mBlastBufferQueue=0xb400007d6b128380 fn= 230 HdrRenderState mRenderHdrSdrRatio=1.0 caller= android.view.SyncRtSurfaceTransactionApplier.applyTransaction:96 android.view.SyncRtSurfaceTransactionApplier.lambda$scheduleApply$0:69 android.view.SyncRtSurfaceTransactionApplier.$r8$lambda$afI4fXg3U3-nBZQEDQMiNy-B06s:0
2025-07-26 21:51:05.451 10344-10344 BLASTBufferQueue_Java   com.drm.to.ssy.digitalletter         I  update, w= 112 h= 121 mName = VRI[Pop-Up Window]@9f7fb43 mNativeObject= 0xb400007dc237cb80 sc.mNativeObject= 0xb400007dc26392c0 format= -3 caller= android.view.ViewRootImpl.updateBlastSurfaceIfNeeded:3386 android.view.ViewRootImpl.relayoutWindow:11361 android.view.ViewRootImpl.performTraversals:4544 android.view.ViewRootImpl.doTraversal:3708 android.view.ViewRootImpl$TraversalRunnable.run:12542 android.view.Choreographer$CallbackRecord.run:1751
2025-07-26 21:51:05.451 10344-10344 VRI[Pop-Up...w]@9f7fb43 com.drm.to.ssy.digitalletter         I  Relayout returned: old=(310,553,354,606) new=(310,564,354,617) relayoutAsync=true req=(44,53)0 dur=0 res=0x0 s={true 0xb400007d6afcd800} ch=false seqId=0
2025-07-26 21:51:05.452 10344-10344 VRI[Pop-Up...w]@9f7fb43 com.drm.to.ssy.digitalletter         I  registerCallbackForPendingTransactions
2025-07-26 21:51:05.452 10344-10419 VRI[Pop-Up...w]@9f7fb43 com.drm.to.ssy.digitalletter         I  mWNT: t=0xb400007cbff13200 mBlastBufferQueue=0xb400007dc237cb80 fn= 55 HdrRenderState mRenderHdrSdrRatio=1.0 caller= android.view.ViewRootImpl$9.onFrameDraw:6276 android.view.ViewRootImpl$3.onFrameDraw:2440 android.view.ThreadedRenderer$1.onFrameDraw:761
2025-07-26 21:51:05.456 10344-10418 VRI[MergeR...ty]@87c910 com.drm.to.ssy.digitalletter         I  mWNT: t=0xb400007cbff13380 mBlastBufferQueue=0xb400007d6b128380 fn= 231 HdrRenderState mRenderHdrSdrRatio=1.0 caller= android.view.SyncRtSurfaceTransactionApplier.applyTransaction:96 android.view.SyncRtSurfaceTransactionApplier.lambda$scheduleApply$0:69 android.view.SyncRtSurfaceTransactionApplier.$r8$lambda$afI4fXg3U3-nBZQEDQMiNy-B06s:0
2025-07-26 21:51:05.456 10344-10344 BLASTBufferQueue_Java   com.drm.to.ssy.digitalletter         I  update, w= 112 h= 121 mName = VRI[Pop-Up Window]@9f7fb43 mNativeObject= 0xb400007dc237cb80 sc.mNativeObject= 0xb400007dc26392c0 format= -3 caller= android.view.ViewRootImpl.updateBlastSurfaceIfNeeded:3386 android.view.ViewRootImpl.relayoutWindow:11361 android.view.ViewRootImpl.performTraversals:4544 android.view.ViewRootImpl.doTraversal:3708 android.view.ViewRootImpl$TraversalRunnable.run:12542 android.view.Choreographer$CallbackRecord.run:1751
2025-07-26 21:51:05.456 10344-10344 VRI[Pop-Up...w]@9f7fb43 com.drm.to.ssy.digitalletter         I  Relayout returned: old=(310,564,354,617) new=(310,594,354,647) relayoutAsync=true req=(44,53)0 dur=1 res=0x0 s={true 0xb400007d6afcd800} ch=false seqId=0
2025-07-26 21:51:05.456 10344-10344 VRI[Pop-Up...w]@9f7fb43 com.drm.to.ssy.digitalletter         I  registerCallbackForPendingTransactions
2025-07-26 21:51:05.456 10344-10418 VRI[MergeR...ty]@87c910 com.drm.to.ssy.digitalletter         I  mWNT: t=0xb400007d6ae4ce00 mBlastBufferQueue=0xb400007d6b128380 fn= 231 HdrRenderState mRenderHdrSdrRatio=1.0 caller= android.view.SyncRtSurfaceTransactionApplier.applyTransaction:96 android.view.SyncRtSurfaceTransactionApplier.lambda$scheduleApply$0:69 android.view.SyncRtSurfaceTransactionApplier.$r8$lambda$afI4fXg3U3-nBZQEDQMiNy-B06s:0
2025-07-26 21:51:05.457 10344-10419 VRI[Pop-Up...w]@9f7fb43 com.drm.to.ssy.digitalletter         I  mWNT: t=0xb400007d6b0e7b00 mBlastBufferQueue=0xb400007dc237cb80 fn= 56 HdrRenderState mRenderHdrSdrRatio=1.0 caller= android.view.ViewRootImpl$9.onFrameDraw:6276 android.view.ViewRootImpl$3.onFrameDraw:2440 android.view.ThreadedRenderer$1.onFrameDraw:761
2025-07-26 21:51:05.464 10344-10418 VRI[MergeR...ty]@87c910 com.drm.to.ssy.digitalletter         I  mWNT: t=0xb400007d6b0e7c80 mBlastBufferQueue=0xb400007d6b128380 fn= 232 HdrRenderState mRenderHdrSdrRatio=1.0 caller= android.view.SyncRtSurfaceTransactionApplier.applyTransaction:96 android.view.SyncRtSurfaceTransactionApplier.lambda$scheduleApply$0:69 android.view.SyncRtSurfaceTransactionApplier.$r8$lambda$afI4fXg3U3-nBZQEDQMiNy-B06s:0
2025-07-26 21:51:05.464 10344-10344 BLASTBufferQueue_Java   com.drm.to.ssy.digitalletter         I  update, w= 112 h= 121 mName = VRI[Pop-Up Window]@9f7fb43 mNativeObject= 0xb400007dc237cb80 sc.mNativeObject= 0xb400007dc26392c0 format= -3 caller= android.view.ViewRootImpl.updateBlastSurfaceIfNeeded:3386 android.view.ViewRootImpl.relayoutWindow:11361 android.view.ViewRootImpl.performTraversals:4544 android.view.ViewRootImpl.doTraversal:3708 android.view.ViewRootImpl$TraversalRunnable.run:12542 android.view.Choreographer$CallbackRecord.run:1751
2025-07-26 21:51:05.464 10344-10344 VRI[Pop-Up...w]@9f7fb43 com.drm.to.ssy.digitalletter         I  Relayout returned: old=(310,594,354,647) new=(310,645,354,698) relayoutAsync=true req=(44,53)0 dur=0 res=0x0 s={true 0xb400007d6afcd800} ch=false seqId=0
2025-07-26 21:51:05.465 10344-10418 VRI[MergeR...ty]@87c910 com.drm.to.ssy.digitalletter         I  mWNT: t=0xb400007d4fff5b80 mBlastBufferQueue=0xb400007d6b128380 fn= 232 HdrRenderState mRenderHdrSdrRatio=1.0 caller= android.view.SyncRtSurfaceTransactionApplier.applyTransaction:96 android.view.SyncRtSurfaceTransactionApplier.lambda$scheduleApply$0:69 android.view.SyncRtSurfaceTransactionApplier.$r8$lambda$afI4fXg3U3-nBZQEDQMiNy-B06s:0
2025-07-26 21:51:05.465 10344-10344 VRI[Pop-Up...w]@9f7fb43 com.drm.to.ssy.digitalletter         I  registerCallbackForPendingTransactions
2025-07-26 21:51:05.466 10344-10419 VRI[Pop-Up...w]@9f7fb43 com.drm.to.ssy.digitalletter         I  mWNT: t=0xb400007d6b0e7500 mBlastBufferQueue=0xb400007dc237cb80 fn= 57 HdrRenderState mRenderHdrSdrRatio=1.0 caller= android.view.ViewRootImpl$9.onFrameDraw:6276 android.view.ViewRootImpl$3.onFrameDraw:2440 android.view.ThreadedRenderer$1.onFrameDraw:761
2025-07-26 21:51:05.474 10344-10418 VRI[MergeR...ty]@87c910 com.drm.to.ssy.digitalletter         I  mWNT: t=0xb400007d501c5680 mBlastBufferQueue=0xb400007d6b128380 fn= 233 HdrRenderState mRenderHdrSdrRatio=1.0 caller= android.view.SyncRtSurfaceTransactionApplier.applyTransaction:96 android.view.SyncRtSurfaceTransactionApplier.lambda$scheduleApply$0:69 android.view.SyncRtSurfaceTransactionApplier.$r8$lambda$afI4fXg3U3-nBZQEDQMiNy-B06s:0
2025-07-26 21:51:05.474 10344-10344 BLASTBufferQueue_Java   com.drm.to.ssy.digitalletter         I  update, w= 112 h= 121 mName = VRI[Pop-Up Window]@9f7fb43 mNativeObject= 0xb400007dc237cb80 sc.mNativeObject= 0xb400007dc26392c0 format= -3 caller= android.view.ViewRootImpl.updateBlastSurfaceIfNeeded:3386 android.view.ViewRootImpl.relayoutWindow:11361 android.view.ViewRootImpl.performTraversals:4544 android.view.ViewRootImpl.doTraversal:3708 android.view.ViewRootImpl$TraversalRunnable.run:12542 android.view.Choreographer$CallbackRecord.run:1751
2025-07-26 21:51:05.474 10344-10418 VRI[MergeR...ty]@87c910 com.drm.to.ssy.digitalletter         I  mWNT: t=0xb400007cbff13b00 mBlastBufferQueue=0xb400007d6b128380 fn= 233 HdrRenderState mRenderHdrSdrRatio=1.0 caller= android.view.SyncRtSurfaceTransactionApplier.applyTransaction:96 android.view.SyncRtSurfaceTransactionApplier.lambda$scheduleApply$0:69 android.view.SyncRtSurfaceTransactionApplier.$r8$lambda$afI4fXg3U3-nBZQEDQMiNy-B06s:0
2025-07-26 21:51:05.474 10344-10344 VRI[Pop-Up...w]@9f7fb43 com.drm.to.ssy.digitalletter         I  Relayout returned: old=(310,645,354,698) new=(310,702,354,755) relayoutAsync=true req=(44,53)0 dur=0 res=0x0 s={true 0xb400007d6afcd800} ch=false seqId=0
2025-07-26 21:51:05.474 10344-10344 VRI[Pop-Up...w]@9f7fb43 com.drm.to.ssy.digitalletter         I  registerCallbackForPendingTransactions
2025-07-26 21:51:05.475 10344-10419 VRI[Pop-Up...w]@9f7fb43 com.drm.to.ssy.digitalletter         I  mWNT: t=0xb400007cbff13f80 mBlastBufferQueue=0xb400007dc237cb80 fn= 58 HdrRenderState mRenderHdrSdrRatio=1.0 caller= android.view.ViewRootImpl$9.onFrameDraw:6276 android.view.ViewRootImpl$3.onFrameDraw:2440 android.view.ThreadedRenderer$1.onFrameDraw:761
2025-07-26 21:51:05.481 10344-10418 VRI[MergeR...ty]@87c910 com.drm.to.ssy.digitalletter         I  mWNT: t=0xb400007dc2513980 mBlastBufferQueue=0xb400007d6b128380 fn= 234 HdrRenderState mRenderHdrSdrRatio=1.0 caller= android.view.SyncRtSurfaceTransactionApplier.applyTransaction:96 android.view.SyncRtSurfaceTransactionApplier.lambda$scheduleApply$0:69 android.view.SyncRtSurfaceTransactionApplier.$r8$lambda$afI4fXg3U3-nBZQEDQMiNy-B06s:0
2025-07-26 21:51:05.481 10344-10344 BLASTBufferQueue_Java   com.drm.to.ssy.digitalletter         I  update, w= 112 h= 121 mName = VRI[Pop-Up Window]@9f7fb43 mNativeObject= 0xb400007dc237cb80 sc.mNativeObject= 0xb400007dc26392c0 format= -3 caller= android.view.ViewRootImpl.updateBlastSurfaceIfNeeded:3386 android.view.ViewRootImpl.relayoutWindow:11361 android.view.ViewRootImpl.performTraversals:4544 android.view.ViewRootImpl.doTraversal:3708 android.view.ViewRootImpl$TraversalRunnable.run:12542 android.view.Choreographer$CallbackRecord.run:1751
2025-07-26 21:51:05.481 10344-10344 VRI[Pop-Up...w]@9f7fb43 com.drm.to.ssy.digitalletter         I  Relayout returned: old=(310,702,354,755) new=(310,751,354,804) relayoutAsync=true req=(44,53)0 dur=0 res=0x0 s={true 0xb400007d6afcd800} ch=false seqId=0
2025-07-26 21:51:05.481 10344-10418 VRI[MergeR...ty]@87c910 com.drm.to.ssy.digitalletter         I  mWNT: t=0xb400007d501c4c00 mBlastBufferQueue=0xb400007d6b128380 fn= 234 HdrRenderState mRenderHdrSdrRatio=1.0 caller= android.view.SyncRtSurfaceTransactionApplier.applyTransaction:96 android.view.SyncRtSurfaceTransactionApplier.lambda$scheduleApply$0:69 android.view.SyncRtSurfaceTransactionApplier.$r8$lambda$afI4fXg3U3-nBZQEDQMiNy-B06s:0
2025-07-26 21:51:05.482 10344-10344 VRI[Pop-Up...w]@9f7fb43 com.drm.to.ssy.digitalletter         I  registerCallbackForPendingTransactions
2025-07-26 21:51:05.482 10344-10419 VRI[Pop-Up...w]@9f7fb43 com.drm.to.ssy.digitalletter         I  mWNT: t=0xb400007cbff13e00 mBlastBufferQueue=0xb400007dc237cb80 fn= 59 HdrRenderState mRenderHdrSdrRatio=1.0 caller= android.view.ViewRootImpl$9.onFrameDraw:6276 android.view.ViewRootImpl$3.onFrameDraw:2440 android.view.ThreadedRenderer$1.onFrameDraw:761
2025-07-26 21:51:05.490 10344-10418 VRI[MergeR...ty]@87c910 com.drm.to.ssy.digitalletter         I  mWNT: t=0xb400007cbff14100 mBlastBufferQueue=0xb400007d6b128380 fn= 235 HdrRenderState mRenderHdrSdrRatio=1.0 caller= android.view.SyncRtSurfaceTransactionApplier.applyTransaction:96 android.view.SyncRtSurfaceTransactionApplier.lambda$scheduleApply$0:69 android.view.SyncRtSurfaceTransactionApplier.$r8$lambda$afI4fXg3U3-nBZQEDQMiNy-B06s:0
2025-07-26 21:51:05.490 10344-10344 BLASTBufferQueue_Java   com.drm.to.ssy.digitalletter         I  update, w= 112 h= 121 mName = VRI[Pop-Up Window]@9f7fb43 mNativeObject= 0xb400007dc237cb80 sc.mNativeObject= 0xb400007dc26392c0 format= -3 caller= android.view.ViewRootImpl.updateBlastSurfaceIfNeeded:3386 android.view.ViewRootImpl.relayoutWindow:11361 android.view.ViewRootImpl.performTraversals:4544 android.view.ViewRootImpl.doTraversal:3708 android.view.ViewRootImpl$TraversalRunnable.run:12542 android.view.Choreographer$CallbackRecord.run:1751
2025-07-26 21:51:05.490 10344-10344 VRI[Pop-Up...w]@9f7fb43 com.drm.to.ssy.digitalletter         I  Relayout returned: old=(310,751,354,804) new=(310,794,354,847) relayoutAsync=true req=(44,53)0 dur=0 res=0x0 s={true 0xb400007d6afcd800} ch=false seqId=0
2025-07-26 21:51:05.491 10344-10344 VRI[Pop-Up...w]@9f7fb43 com.drm.to.ssy.digitalletter         I  registerCallbackForPendingTransactions
2025-07-26 21:51:05.491 10344-10418 VRI[MergeR...ty]@87c910 com.drm.to.ssy.digitalletter         I  mWNT: t=0xb400007d6ae4b780 mBlastBufferQueue=0xb400007d6b128380 fn= 235 HdrRenderState mRenderHdrSdrRatio=1.0 caller= android.view.SyncRtSurfaceTransactionApplier.applyTransaction:96 android.view.SyncRtSurfaceTransactionApplier.lambda$scheduleApply$0:69 android.view.SyncRtSurfaceTransactionApplier.$r8$lambda$afI4fXg3U3-nBZQEDQMiNy-B06s:0
2025-07-26 21:51:05.492 10344-10419 VRI[Pop-Up...w]@9f7fb43 com.drm.to.ssy.digitalletter         I  mWNT: t=0xb400007d6ae4ce00 mBlastBufferQueue=0xb400007dc237cb80 fn= 60 HdrRenderState mRenderHdrSdrRatio=1.0 caller= android.view.ViewRootImpl$9.onFrameDraw:6276 android.view.ViewRootImpl$3.onFrameDraw:2440 android.view.ThreadedRenderer$1.onFrameDraw:761
2025-07-26 21:51:05.498 10344-10418 VRI[MergeR...ty]@87c910 com.drm.to.ssy.digitalletter         I  mWNT: t=0xb400007d6b0e7c80 mBlastBufferQueue=0xb400007d6b128380 fn= 236 HdrRenderState mRenderHdrSdrRatio=1.0 caller= android.view.SyncRtSurfaceTransactionApplier.applyTransaction:96 android.view.SyncRtSurfaceTransactionApplier.lambda$scheduleApply$0:69 android.view.SyncRtSurfaceTransactionApplier.$r8$lambda$afI4fXg3U3-nBZQEDQMiNy-B06s:0
2025-07-26 21:51:05.499 10344-10344 BLASTBufferQueue_Java   com.drm.to.ssy.digitalletter         I  update, w= 112 h= 121 mName = VRI[Pop-Up Window]@9f7fb43 mNativeObject= 0xb400007dc237cb80 sc.mNativeObject= 0xb400007dc26392c0 format= -3 caller= android.view.ViewRootImpl.updateBlastSurfaceIfNeeded:3386 android.view.ViewRootImpl.relayoutWindow:11361 android.view.ViewRootImpl.performTraversals:4544 android.view.ViewRootImpl.doTraversal:3708 android.view.ViewRootImpl$TraversalRunnable.run:12542 android.view.Choreographer$CallbackRecord.run:1751
2025-07-26 21:51:05.499 10344-10418 VRI[MergeR...ty]@87c910 com.drm.to.ssy.digitalletter         I  mWNT: t=0xb400007d6b112c00 mBlastBufferQueue=0xb400007d6b128380 fn= 236 HdrRenderState mRenderHdrSdrRatio=1.0 caller= android.view.SyncRtSurfaceTransactionApplier.applyTransaction:96 android.view.SyncRtSurfaceTransactionApplier.lambda$scheduleApply$0:69 android.view.SyncRtSurfaceTransactionApplier.$r8$lambda$afI4fXg3U3-nBZQEDQMiNy-B06s:0
2025-07-26 21:51:05.499 10344-10344 VRI[Pop-Up...w]@9f7fb43 com.drm.to.ssy.digitalletter         I  Relayout returned: old=(310,794,354,847) new=(310,823,354,876) relayoutAsync=true req=(44,53)0 dur=1 res=0x0 s={true 0xb400007d6afcd800} ch=false seqId=0
2025-07-26 21:51:05.500 10344-10344 VRI[Pop-Up...w]@9f7fb43 com.drm.to.ssy.digitalletter         I  registerCallbackForPendingTransactions
2025-07-26 21:51:05.500 10344-10419 VRI[Pop-Up...w]@9f7fb43 com.drm.to.ssy.digitalletter         I  mWNT: t=0xb400007dc2513980 mBlastBufferQueue=0xb400007dc237cb80 fn= 61 HdrRenderState mRenderHdrSdrRatio=1.0 caller= android.view.ViewRootImpl$9.onFrameDraw:6276 android.view.ViewRootImpl$3.onFrameDraw:2440 android.view.ThreadedRenderer$1.onFrameDraw:761
2025-07-26 21:51:05.507 10344-10418 VRI[MergeR...ty]@87c910 com.drm.to.ssy.digitalletter         I  mWNT: t=0xb400007d6b0e7080 mBlastBufferQueue=0xb400007d6b128380 fn= 237 HdrRenderState mRenderHdrSdrRatio=1.0 caller= android.view.SyncRtSurfaceTransactionApplier.applyTransaction:96 android.view.SyncRtSurfaceTransactionApplier.lambda$scheduleApply$0:69 android.view.SyncRtSurfaceTransactionApplier.$r8$lambda$afI4fXg3U3-nBZQEDQMiNy-B06s:0
2025-07-26 21:51:05.507 10344-10418 VRI[MergeR...ty]@87c910 com.drm.to.ssy.digitalletter         I  mWNT: t=0xb400007d4fff5b80 mBlastBufferQueue=0xb400007d6b128380 fn= 237 HdrRenderState mRenderHdrSdrRatio=1.0 caller= android.view.SyncRtSurfaceTransactionApplier.applyTransaction:96 android.view.SyncRtSurfaceTransactionApplier.lambda$scheduleApply$0:69 android.view.SyncRtSurfaceTransactionApplier.$r8$lambda$afI4fXg3U3-nBZQEDQMiNy-B06s:0
2025-07-26 21:51:05.509 10344-10344 BLASTBufferQueue_Java   com.drm.to.ssy.digitalletter         I  update, w= 112 h= 121 mName = VRI[Pop-Up Window]@9f7fb43 mNativeObject= 0xb400007dc237cb80 sc.mNativeObject= 0xb400007dc26392c0 format= -3 caller= android.view.ViewRootImpl.updateBlastSurfaceIfNeeded:3386 android.view.ViewRootImpl.relayoutWindow:11361 android.view.ViewRootImpl.performTraversals:4544 android.view.ViewRootImpl.doTraversal:3708 android.view.ViewRootImpl$TraversalRunnable.run:12542 android.view.Choreographer$CallbackRecord.run:1751
2025-07-26 21:51:05.509 10344-10344 VRI[Pop-Up...w]@9f7fb43 com.drm.to.ssy.digitalletter         I  Relayout returned: old=(310,823,354,876) new=(310,845,354,898) relayoutAsync=true req=(44,53)0 dur=1 res=0x0 s={true 0xb400007d6afcd800} ch=false seqId=0
2025-07-26 21:51:05.510 10344-10344 VRI[Pop-Up...w]@9f7fb43 com.drm.to.ssy.digitalletter         I  registerCallbackForPendingTransactions
2025-07-26 21:51:05.510 10344-10419 VRI[Pop-Up...w]@9f7fb43 com.drm.to.ssy.digitalletter         I  mWNT: t=0xb400007d50019f00 mBlastBufferQueue=0xb400007dc237cb80 fn= 62 HdrRenderState mRenderHdrSdrRatio=1.0 caller= android.view.ViewRootImpl$9.onFrameDraw:6276 android.view.ViewRootImpl$3.onFrameDraw:2440 android.view.ThreadedRenderer$1.onFrameDraw:761
2025-07-26 21:51:05.514 10344-10344 BLASTBufferQueue_Java   com.drm.to.ssy.digitalletter         I  update, w= 112 h= 121 mName = VRI[Pop-Up Window]@9f7fb43 mNativeObject= 0xb400007dc237cb80 sc.mNativeObject= 0xb400007dc26392c0 format= -3 caller= android.view.ViewRootImpl.updateBlastSurfaceIfNeeded:3386 android.view.ViewRootImpl.relayoutWindow:11361 android.view.ViewRootImpl.performTraversals:4544 android.view.ViewRootImpl.doTraversal:3708 android.view.ViewRootImpl$TraversalRunnable.run:12542 android.view.Choreographer$CallbackRecord.run:1751
2025-07-26 21:51:05.515 10344-10344 VRI[Pop-Up...w]@9f7fb43 com.drm.to.ssy.digitalletter         I  Relayout returned: old=(310,845,354,898) new=(310,865,354,918) relayoutAsync=true req=(44,53)0 dur=0 res=0x0 s={true 0xb400007d6afcd800} ch=false seqId=0
2025-07-26 21:51:05.515 10344-10418 VRI[MergeR...ty]@87c910 com.drm.to.ssy.digitalletter         I  mWNT: t=0xb400007d4fff3180 mBlastBufferQueue=0xb400007d6b128380 fn= 238 HdrRenderState mRenderHdrSdrRatio=1.0 caller= android.view.SyncRtSurfaceTransactionApplier.applyTransaction:96 android.view.SyncRtSurfaceTransactionApplier.lambda$scheduleApply$0:69 android.view.SyncRtSurfaceTransactionApplier.$r8$lambda$afI4fXg3U3-nBZQEDQMiNy-B06s:0
2025-07-26 21:51:05.515 10344-10418 VRI[MergeR...ty]@87c910 com.drm.to.ssy.digitalletter         I  mWNT: t=0xb400007d50019d80 mBlastBufferQueue=0xb400007d6b128380 fn= 238 HdrRenderState mRenderHdrSdrRatio=1.0 caller= android.view.SyncRtSurfaceTransactionApplier.applyTransaction:96 android.view.SyncRtSurfaceTransactionApplier.lambda$scheduleApply$0:69 android.view.SyncRtSurfaceTransactionApplier.$r8$lambda$afI4fXg3U3-nBZQEDQMiNy-B06s:0
2025-07-26 21:51:05.515 10344-10344 VRI[Pop-Up...w]@9f7fb43 com.drm.to.ssy.digitalletter         I  registerCallbackForPendingTransactions
2025-07-26 21:51:05.516 10344-10419 VRI[Pop-Up...w]@9f7fb43 com.drm.to.ssy.digitalletter         I  mWNT: t=0xb400007cbff13800 mBlastBufferQueue=0xb400007dc237cb80 fn= 63 HdrRenderState mRenderHdrSdrRatio=1.0 caller= android.view.ViewRootImpl$9.onFrameDraw:6276 android.view.ViewRootImpl$3.onFrameDraw:2440 android.view.ThreadedRenderer$1.onFrameDraw:761
2025-07-26 21:51:05.523 10344-10418 VRI[MergeR...ty]@87c910 com.drm.to.ssy.digitalletter         I  mWNT: t=0xb400007cbff13980 mBlastBufferQueue=0xb400007d6b128380 fn= 239 HdrRenderState mRenderHdrSdrRatio=1.0 caller= android.view.SyncRtSurfaceTransactionApplier.applyTransaction:96 android.view.SyncRtSurfaceTransactionApplier.lambda$scheduleApply$0:69 android.view.SyncRtSurfaceTransactionApplier.$r8$lambda$afI4fXg3U3-nBZQEDQMiNy-B06s:0
2025-07-26 21:51:05.523 10344-10418 VRI[MergeR...ty]@87c910 com.drm.to.ssy.digitalletter         I  mWNT: t=0xb400007d6ae4b780 mBlastBufferQueue=0xb400007d6b128380 fn= 239 HdrRenderState mRenderHdrSdrRatio=1.0 caller= android.view.SyncRtSurfaceTransactionApplier.applyTransaction:96 android.view.SyncRtSurfaceTransactionApplier.lambda$scheduleApply$0:69 android.view.SyncRtSurfaceTransactionApplier.$r8$lambda$afI4fXg3U3-nBZQEDQMiNy-B06s:0
2025-07-26 21:51:05.524 10344-10344 BLASTBufferQueue_Java   com.drm.to.ssy.digitalletter         I  update, w= 112 h= 121 mName = VRI[Pop-Up Window]@9f7fb43 mNativeObject= 0xb400007dc237cb80 sc.mNativeObject= 0xb400007dc26392c0 format= -3 caller= android.view.ViewRootImpl.updateBlastSurfaceIfNeeded:3386 android.view.ViewRootImpl.relayoutWindow:11361 android.view.ViewRootImpl.performTraversals:4544 android.view.ViewRootImpl.doTraversal:3708 android.view.ViewRootImpl$TraversalRunnable.run:12542 android.view.Choreographer$CallbackRecord.run:1751
2025-07-26 21:51:05.524 10344-10344 VRI[Pop-Up...w]@9f7fb43 com.drm.to.ssy.digitalletter         I  Relayout returned: old=(310,865,354,918) new=(310,878,354,931) relayoutAsync=true req=(44,53)0 dur=0 res=0x0 s={true 0xb400007d6afcd800} ch=false seqId=0
2025-07-26 21:51:05.524 10344-10344 VRI[Pop-Up...w]@9f7fb43 com.drm.to.ssy.digitalletter         I  registerCallbackForPendingTransactions
2025-07-26 21:51:05.525 10344-10419 VRI[Pop-Up...w]@9f7fb43 com.drm.to.ssy.digitalletter         I  mWNT: t=0xb400007d6b0e7c80 mBlastBufferQueue=0xb400007dc237cb80 fn= 64 HdrRenderState mRenderHdrSdrRatio=1.0 caller= android.view.ViewRootImpl$9.onFrameDraw:6276 android.view.ViewRootImpl$3.onFrameDraw:2440 android.view.ThreadedRenderer$1.onFrameDraw:761
2025-07-26 21:51:05.531 10344-10418 VRI[MergeR...ty]@87c910 com.drm.to.ssy.digitalletter         I  mWNT: t=0xb400007d5001a680 mBlastBufferQueue=0xb400007d6b128380 fn= 240 HdrRenderState mRenderHdrSdrRatio=1.0 caller= android.view.SyncRtSurfaceTransactionApplier.applyTransaction:96 android.view.SyncRtSurfaceTransactionApplier.lambda$scheduleApply$0:69 android.view.SyncRtSurfaceTransactionApplier.$r8$lambda$afI4fXg3U3-nBZQEDQMiNy-B06s:0
2025-07-26 21:51:05.531 10344-10418 VRI[MergeR...ty]@87c910 com.drm.to.ssy.digitalletter         I  mWNT: t=0xb400007d501c4c00 mBlastBufferQueue=0xb400007d6b128380 fn= 240 HdrRenderState mRenderHdrSdrRatio=1.0 caller= android.view.SyncRtSurfaceTransactionApplier.applyTransaction:96 android.view.SyncRtSurfaceTransactionApplier.lambda$scheduleApply$0:69 android.view.SyncRtSurfaceTransactionApplier.$r8$lambda$afI4fXg3U3-nBZQEDQMiNy-B06s:0
2025-07-26 21:51:05.531 10344-10344 BLASTBufferQueue_Java   com.drm.to.ssy.digitalletter         I  update, w= 112 h= 121 mName = VRI[Pop-Up Window]@9f7fb43 mNativeObject= 0xb400007dc237cb80 sc.mNativeObject= 0xb400007dc26392c0 format= -3 caller= android.view.ViewRootImpl.updateBlastSurfaceIfNeeded:3386 android.view.ViewRootImpl.relayoutWindow:11361 android.view.ViewRootImpl.performTraversals:4544 android.view.ViewRootImpl.doTraversal:3708 android.view.ViewRootImpl$TraversalRunnable.run:12542 android.view.Choreographer$CallbackRecord.run:1751
2025-07-26 21:51:05.531 10344-10344 VRI[Pop-Up...w]@9f7fb43 com.drm.to.ssy.digitalletter         I  Relayout returned: old=(310,878,354,931) new=(310,888,354,941) relayoutAsync=true req=(44,53)0 dur=0 res=0x0 s={true 0xb400007d6afcd800} ch=false seqId=0
2025-07-26 21:51:05.532 10344-10344 VRI[Pop-Up...w]@9f7fb43 com.drm.to.ssy.digitalletter         I  registerCallbackForPendingTransactions
2025-07-26 21:51:05.532 10344-10419 VRI[Pop-Up...w]@9f7fb43 com.drm.to.ssy.digitalletter         I  mWNT: t=0xb400007d6b0e7080 mBlastBufferQueue=0xb400007dc237cb80 fn= 65 HdrRenderState mRenderHdrSdrRatio=1.0 caller= android.view.ViewRootImpl$9.onFrameDraw:6276 android.view.ViewRootImpl$3.onFrameDraw:2440 android.view.ThreadedRenderer$1.onFrameDraw:761
2025-07-26 21:51:05.539 10344-10418 VRI[MergeR...ty]@87c910 com.drm.to.ssy.digitalletter         I  mWNT: t=0xb400007d6b112c00 mBlastBufferQueue=0xb400007d6b128380 fn= 241 HdrRenderState mRenderHdrSdrRatio=1.0 caller= android.view.SyncRtSurfaceTransactionApplier.applyTransaction:96 android.view.SyncRtSurfaceTransactionApplier.lambda$scheduleApply$0:69 android.view.SyncRtSurfaceTransactionApplier.$r8$lambda$afI4fXg3U3-nBZQEDQMiNy-B06s:0
