2025-07-26 21:51:06.172 10344-10344 InputTransport          com.drm.to.ssy.digitalletter         D  Input channel destroyed: 'f8d66c5', fd=201
2025-07-26 21:51:06.193 10344-10344 InsetsController        com.drm.to.ssy.digitalletter         D  hide(ime(), fromIme=false)
2025-07-26 21:51:06.193 10344-10344 ImeTracker              com.drm.to.ssy.digitalletter         I  com.drm.to.ssy.digitalletter:69ac739d: onRequestHide at ORIGIN_CLIENT reason HIDE_SOFT_INPUT_BY_INSETS_API fromUser false
2025-07-26 21:51:06.194 10344-10344 ImeTracker              com.drm.to.ssy.digitalletter         I  com.drm.to.ssy.digitalletter:69ac739d: onCancelled at PHASE_CLIENT_APPLY_ANIMATION
2025-07-26 21:51:06.194 10344-10344 InputMethodManagerUtils com.drm.to.ssy.digitalletter         D  startInputInner - Id : 0
2025-07-26 21:51:06.194 10344-10344 InputMethodManager      com.drm.to.ssy.digitalletter         I  startInputInner - IInputMethodManagerGlobalInvoker.startInputOrWindowGainedFocus
2025-07-26 21:51:06.195 10344-10676 InputTransport          com.drm.to.ssy.digitalletter         D  Input channel constructed: 'ClientS', fd=167
2025-07-26 21:51:06.212 10344-11306 BufferPoolAccessor2.0   com.drm.to.ssy.digitalletter         D  bufferpool2 0xb400007cbffade28 : 5(40960 size) total buffers - 1(8192 size) used buffers - 2700/2705 (recycle/alloc) - 5/5406 (fetch/transfer)
2025-07-26 21:51:08.000 10344-10344 VRI[MergeR...ty]@87c910 com.drm.to.ssy.digitalletter         I  ViewPostIme pointer 0
2025-07-26 21:51:08.049 10344-10344 VRI[MergeR...ty]@87c910 com.drm.to.ssy.digitalletter         I  ViewPostIme pointer 1
2025-07-26 21:51:08.860 10344-10344 VRI[MergeR...ty]@87c910 com.drm.to.ssy.digitalletter         I  ViewPostIme pointer 0
2025-07-26 21:51:08.938 10344-10344 VRI[MergeR...ty]@87c910 com.drm.to.ssy.digitalletter         I  ViewPostIme pointer 1
2025-07-26 21:51:09.079 10344-10687 BufferPoolAccessor2.0   com.drm.to.ssy.digitalletter         D  bufferpool2 0xb400007d50061a28 : 5(41943040 size) total buffers - 5(41943040 size) used buffers - 12773/12785 (recycle/alloc) - 15/12785 (fetch/transfer)
2025-07-26 21:51:09.271 10344-10681 BufferPoolAccessor2.0   com.drm.to.ssy.digitalletter         D  bufferpool2 0xb400007d4dc2a428 : 5(40960 size) total buffers - 1(8192 size) used buffers - 17747/17780 (recycle/alloc) - 33/35530 (fetch/transfer)
2025-07-26 21:51:09.527 10344-10344 VRI[MergeR...ty]@87c910 com.drm.to.ssy.digitalletter         I  ViewPostIme pointer 0
2025-07-26 21:51:09.607 10344-10344 VRI[MergeR...ty]@87c910 com.drm.to.ssy.digitalletter         I  ViewPostIme pointer 1
2025-07-26 21:51:10.117 10344-10344 VRI[MergeR...ty]@87c910 com.drm.to.ssy.digitalletter         I  ViewPostIme pointer 0
2025-07-26 21:51:10.216 10344-10344 VRI[MergeR...ty]@87c910 com.drm.to.ssy.digitalletter         I  ViewPostIme pointer 1
2025-07-26 21:51:10.559 10344-10344 VRI[MergeR...ty]@87c910 com.drm.to.ssy.digitalletter         I  ViewPostIme pointer 0
2025-07-26 21:51:10.639 10344-10344 VRI[MergeR...ty]@87c910 com.drm.to.ssy.digitalletter         I  ViewPostIme pointer 1
2025-07-26 21:51:11.019 10344-10344 VRI[MergeR...ty]@87c910 com.drm.to.ssy.digitalletter         I  ViewPostIme pointer 0
2025-07-26 21:51:11.099 10344-10344 VRI[MergeR...ty]@87c910 com.drm.to.ssy.digitalletter         I  ViewPostIme pointer 1
2025-07-26 21:51:11.197 10344-10344 Dialog                  com.drm.to.ssy.digitalletter         I  mIsDeviceDefault = false, mIsSamsungBasicInteraction = false, isMetaDataInActivity = false
2025-07-26 21:51:11.202 10344-10344 DecorView               com.drm.to.ssy.digitalletter         I  setWindowBackground: isPopOver=false color=0 d=android.graphics.drawable.ColorDrawable@4d42f40
2025-07-26 21:51:11.207 10344-10344 WindowOnBackDispatcher  com.drm.to.ssy.digitalletter         W  OnBackInvokedCallback is not enabled for the application.
                                                                                                    Set 'android:enableOnBackInvokedCallback="true"' in the application manifest.
2025-07-26 21:51:11.208 10344-10344 WindowManager           com.drm.to.ssy.digitalletter         I  WindowManagerGlobal#addView, ty=2, view=com.android.internal.policy.DecorView{7f1e870 V.E...... R.....I. 0,0-0,0}[MergeRequestActivity], caller=android.view.WindowManagerImpl.addView:158 android.app.Dialog.show:511 androidx.compose.ui.window.AndroidDialog_androidKt$Dialog$1$1.invoke:199
2025-07-26 21:51:11.209 10344-10344 ViewRootImpl            com.drm.to.ssy.digitalletter         I  dVRR is disabled
2025-07-26 21:51:11.210 10344-10410 NativeCust...ncyManager com.drm.to.ssy.digitalletter         D  [NativeCFMS] BpCustomFrequencyManager::BpCustomFrequencyManager()
2025-07-26 21:51:11.214 10344-10344 InputTransport          com.drm.to.ssy.digitalletter         D  Input channel constructed: '9ddbc7e', fd=251
2025-07-26 21:51:11.215 10344-10344 InsetsController        com.drm.to.ssy.digitalletter         I  onStateChanged: host=com.drm.to.ssy.digitalletter/com.drm.to.ssy.digitalletter.ui.mr.MergeRequestActivity, from=android.view.ViewRootImpl.setView:1999, state=InsetsState: {mDisplayFrame=Rect(0, 0 - 2560, 1600), mDisplayCutout=DisplayCutout{insets=Rect(0, 0 - 0, 0) waterfall=Insets{left=0, top=0, right=0, bottom=0} boundingRect={Bounds=[Rect(0, 0 - 0, 0), Rect(0, 0 - 0, 0), Rect(0, 0 - 0, 0), Rect(0, 0 - 0, 0)]} cutoutPathParserInfo={CutoutPathParserInfo{displayWidth=0 displayHeight=0 physicalDisplayWidth=0 physicalDisplayHeight=0 density={0.0} cutoutSpec={} rotation={0} scale={0.0} physicalPixelDisplaySizeRatio={0.0}}} sideOverrides=null}, mRoundedCorners=RoundedCorners{[RoundedCorner{position=TopLeft, radius=21, center=Point(21, 21)}, RoundedCorner{position=TopRight, radius=21, center=Point(2539, 21)}, RoundedCorner{position=BottomRight, radius=21, center=Point(2539, 1579)}, RoundedCorner{position=BottomLeft, radius=21, center=Point(21, 1579)}]}  mRoundedCornerFrame=Rect(0, 0 - 2560, 1600), mPrivacyIndicatorBounds=PrivacyIndicatorBounds {static bounds=Rect(2466, 0 - 2560, 51) rotation=1}, mDisplayShape=DisplayShape{ spec=-311912193 displayWidth=1600 displayHeight=2560 physicalPixelDisplaySizeRatio=1.0 rotation=1 offsetX=0 offsetY=0 scale=1.0}, mSources= { InsetsSource: {fa0d0000 mType=statusBars mFrame=[0,0][2560,51] mVisible=false mFlags= mSideHint=TOP mBoundingRects=null}, InsetsSource: {fa0d0005 mType=mandatorySystemGestures mFrame=[0,0][2560,51] mVisible=true mFlags= mSideHint=TOP mBoundingRects=null}, InsetsSource: {fa0d0006 mType=tappableElement mFrame=[0,0][2560,51] mVisible=true mFlags= mSideHint=TOP mBoundingRects=null}, InsetsSource: {3 mType=ime mFrame=[0,0][0,0] mVisible=false mFlags= mSideHint=NONE mBoundingRects=null}, InsetsSource: {1f4c0001 mType=navigationBars mFrame=[0,1498][2560,1600] mVisible=false mFlags= mSideHint=BOTTOM mBoundingRects=null}, InsetsSource: {1f4c0004 mType=systemGestures mFrame=[0,0][0,0] mVisible=true mFlags= mSideHint=NONE mBoundingRects=null}, InsetsSource: {1f4c0005 mType=mandatorySystemGestures mFrame=[0,1498][2560,1600] mVisible=true mFlags= mSideHint=BOTTOM mBoundingRects=null}, InsetsSource: {1f4c0006 mType=tappableElement mFrame=[0,1498][2560,1600] mVisible=true mFlags= mSideHint=BOTTOM mBoundingRects=null}, InsetsSource: {1f4c0024 mType=systemGestures mFrame=[0,0][0,0] mVisible=true mFlags= mSideHint=NONE mBoundingRects=null} }
2025-07-26 21:51:11.215 10344-10344 VRI[MergeR...y]@d7247e9 com.drm.to.ssy.digitalletter         I  synced displayState. AttachInfo displayState=2
2025-07-26 21:51:11.216 10344-10344 VRI[MergeR...y]@d7247e9 com.drm.to.ssy.digitalletter         I  setView = com.android.internal.policy.DecorView@7f1e870 IsHRR=false TM=true
2025-07-26 21:51:11.230 10344-10344 BufferQueueProducer     com.drm.to.ssy.digitalletter         I  [](id:28680000000e,api:0,p:-1,c:10344) setDequeueTimeout:2077252342
2025-07-26 21:51:11.230 10344-10344 BLASTBufferQueue_Java   com.drm.to.ssy.digitalletter         I  new BLASTBufferQueue, mName= VRI[MergeRequestActivity]@d7247e9 mNativeObject= 0xb400007dc257b400 sc.mNativeObject= 0xb400007d501989c0 caller= android.view.ViewRootImpl.updateBlastSurfaceIfNeeded:3397 android.view.ViewRootImpl.relayoutWindow:11361 android.view.ViewRootImpl.performTraversals:4544 android.view.ViewRootImpl.doTraversal:3708 android.view.ViewRootImpl$TraversalRunnable.run:12542 android.view.Choreographer$CallbackRecord.run:1751 android.view.Choreographer$CallbackRecord.run:1760 android.view.Choreographer.doCallbacks:1216 android.view.Choreographer.doFrame:1142 android.view.Choreographer$FrameDisplayEventReceiver.run:1707
2025-07-26 21:51:11.230 10344-10344 BLASTBufferQueue_Java   com.drm.to.ssy.digitalletter         I  update, w= 444 h= 297 mName = VRI[MergeRequestActivity]@d7247e9 mNativeObject= 0xb400007dc257b400 sc.mNativeObject= 0xb400007d501989c0 format= -2 caller= android.graphics.BLASTBufferQueue.<init>:88 android.view.ViewRootImpl.updateBlastSurfaceIfNeeded:3397 android.view.ViewRootImpl.relayoutWindow:11361 android.view.ViewRootImpl.performTraversals:4544 android.view.ViewRootImpl.doTraversal:3708 android.view.ViewRootImpl$TraversalRunnable.run:12542
2025-07-26 21:51:11.231 10344-10344 libc                    com.drm.to.ssy.digitalletter         W  Access denied finding property "vendor.display.enable_optimal_refresh_rate"
2025-07-26 21:51:11.231 10344-10344 libc                    com.drm.to.ssy.digitalletter         W  Access denied finding property "vendor.gpp.create_frc_extension"
2025-07-26 21:51:11.231 10344-10344 VRI[MergeR...y]@d7247e9 com.drm.to.ssy.digitalletter         I  Relayout returned: old=(0,0,2560,1600) new=(1126,719,1434,880) relayoutAsync=false req=(308,161)0 dur=3 res=0x3 s={true 0xb400007d6afcd800} ch=true seqId=0
2025-07-26 21:51:11.231 10344-10344 VRI[MergeR...y]@d7247e9 com.drm.to.ssy.digitalletter         I  performConfigurationChange setNightDimText nightDimLevel=0
2025-07-26 21:51:11.231 10344-10344 VRI[MergeR...y]@d7247e9 com.drm.to.ssy.digitalletter         D  mThreadedRenderer.initialize() mSurface={isValid=true 0xb400007d6afcd800} hwInitialized=true
2025-07-26 21:51:11.233 10344-10344 VRI[MergeR...y]@d7247e9 com.drm.to.ssy.digitalletter         D  reportNextDraw android.view.ViewRootImpl.performTraversals:5193 android.view.ViewRootImpl.doTraversal:3708 android.view.ViewRootImpl$TraversalRunnable.run:12542 android.view.Choreographer$CallbackRecord.run:1751 android.view.Choreographer$CallbackRecord.run:1760
2025-07-26 21:51:11.233 10344-10344 VRI[MergeR...y]@d7247e9 com.drm.to.ssy.digitalletter         D  Setup new sync=wmsSync-VRI[MergeRequestActivity]@d7247e9#27
2025-07-26 21:51:11.233 10344-10344 VRI[MergeR...y]@d7247e9 com.drm.to.ssy.digitalletter         I  Creating new active sync group VRI[MergeRequestActivity]@d7247e9#28
2025-07-26 21:51:11.233 10344-10344 VRI[MergeR...y]@d7247e9 com.drm.to.ssy.digitalletter         D  registerCallbacksForSync syncBuffer=false
2025-07-26 21:51:11.234 10344-10419 VRI[MergeR...y]@d7247e9 com.drm.to.ssy.digitalletter         D  Received frameDrawingCallback syncResult=0 frameNum=1.
2025-07-26 21:51:11.234 10344-10419 VRI[MergeR...y]@d7247e9 com.drm.to.ssy.digitalletter         I  mWNT: t=0xb400007cbff14880 mBlastBufferQueue=0xb400007dc257b400 fn= 1 HdrRenderState mRenderHdrSdrRatio=1.0 caller= android.view.ViewRootImpl$11.onFrameDraw:15016 android.view.ThreadedRenderer$1.onFrameDraw:761 <bottom of call stack>
2025-07-26 21:51:11.234 10344-10419 VRI[MergeR...y]@d7247e9 com.drm.to.ssy.digitalletter         I  Setting up sync and frameCommitCallback
2025-07-26 21:51:11.243 10344-10410 BLASTBufferQueue        com.drm.to.ssy.digitalletter         I  [VRI[MergeRequestActivity]@d7247e9#10](f:0,a:0,s:0) onFrameAvailable the first frame is available
2025-07-26 21:51:11.243 10344-10410 SurfaceComposerClient   com.drm.to.ssy.digitalletter         I  apply transaction with the first frame. layerId: 7550, bufferData(ID: 44427141728380, frameNumber: 1)
2025-07-26 21:51:11.243 10344-10410 VRI[MergeR...y]@d7247e9 com.drm.to.ssy.digitalletter         I  Received frameCommittedCallback lastAttemptedDrawFrameNum=1 didProduceBuffer=true
2025-07-26 21:51:11.243 10344-10410 HWUI                    com.drm.to.ssy.digitalletter         D  CFMS:: SetUp Pid : 10344    Tid : 10410
2025-07-26 21:51:11.243 10344-10344 VRI[MergeR...y]@d7247e9 com.drm.to.ssy.digitalletter         D  reportDrawFinished seqId=0
2025-07-26 21:51:11.244 10344-10410 HWUI                    com.drm.to.ssy.digitalletter         D  HWUI - treat SMPTE_170M as sRGB
2025-07-26 21:51:11.246 10344-10344 BLASTBufferQueue_Java   com.drm.to.ssy.digitalletter         I  update, w= 444 h= 297 mName = VRI[MergeRequestActivity]@d7247e9 mNativeObject= 0xb400007dc257b400 sc.mNativeObject= 0xb400007d501989c0 format= -2 caller= android.view.ViewRootImpl.updateBlastSurfaceIfNeeded:3386 android.view.ViewRootImpl.relayoutWindow:11361 android.view.ViewRootImpl.performTraversals:4544 android.view.ViewRootImpl.doTraversal:3708 android.view.ViewRootImpl$TraversalRunnable.run:12542 android.view.Choreographer$CallbackRecord.run:1751
2025-07-26 21:51:11.246 10344-10344 VRI[MergeR...y]@d7247e9 com.drm.to.ssy.digitalletter         I  Relayout returned: old=(1126,719,1434,880) new=(1126,719,1434,880) relayoutAsync=true req=(308,161)0 dur=0 res=0x0 s={true 0xb400007d6afcd800} ch=false seqId=0
2025-07-26 21:51:11.247 10344-10344 VRI[MergeR...y]@d7247e9 com.drm.to.ssy.digitalletter         I  registerCallbackForPendingTransactions
2025-07-26 21:51:11.248 10344-10344 ImeFocusController      com.drm.to.ssy.digitalletter         I  onPreWindowFocus: skipped hasWindowFocus=false mHasImeFocus=true
2025-07-26 21:51:11.248 10344-10344 ImeFocusController      com.drm.to.ssy.digitalletter         I  onPostWindowFocus: skipped hasWindowFocus=false mHasImeFocus=true
2025-07-26 21:51:11.248 10344-10418 VRI[MergeR...y]@d7247e9 com.drm.to.ssy.digitalletter         I  mWNT: t=0xb400007cbff14b80 mBlastBufferQueue=0xb400007dc257b400 fn= 2 HdrRenderState mRenderHdrSdrRatio=1.0 caller= android.view.ViewRootImpl$9.onFrameDraw:6276 android.view.ViewRootImpl$3.onFrameDraw:2440 android.view.ThreadedRenderer$1.onFrameDraw:761
2025-07-26 21:51:11.259 10344-11306 BufferPoolAccessor2.0   com.drm.to.ssy.digitalletter         D  bufferpool2 0xb400007cbffade28 : 5(40960 size) total buffers - 1(8192 size) used buffers - 2910/2915 (recycle/alloc) - 5/5826 (fetch/transfer)
2025-07-26 21:51:11.263  1688-1688  SurfaceFlinger          surfaceflinger                       E  alpha changed 1.000 -> 0.000 - Surface(name=9ddbc7e com.drm.to.ssy.digitalletter/com.drm.to.ssy.digitalletter.ui.mr.MergeRequestActivity)/@0xc224518 - animation-leash of window_animation#7551
2025-07-26 21:51:11.263  1688-1688  SurfaceFlinger          surfaceflinger                       E  alpha changed 0.000 -> 0.000 - Surface(name=9ddbc7e com.drm.to.ssy.digitalletter/com.drm.to.ssy.digitalletter.ui.mr.MergeRequestActivity)/@0xc224518 - animation-leash of window_animation#7551
2025-07-26 21:51:11.271  1688-1688  SurfaceFlinger          surfaceflinger                       E  alpha changed 0.000 -> 0.014 - Surface(name=9ddbc7e com.drm.to.ssy.digitalletter/com.drm.to.ssy.digitalletter.ui.mr.MergeRequestActivity)/@0xc224518 - animation-leash of window_animation#7551
2025-07-26 21:51:11.277 10344-10344 VRI[MergeR...y]@d7247e9 com.drm.to.ssy.digitalletter         D  mThreadedRenderer.initializeIfNeeded()#2 mSurface={isValid=true 0xb400007d6afcd800}
2025-07-26 21:51:11.277 10344-10344 InputMethodManagerUtils com.drm.to.ssy.digitalletter         D  startInputInner - Id : 0
2025-07-26 21:51:11.277 10344-10344 InputMethodManager      com.drm.to.ssy.digitalletter         I  startInputInner - IInputMethodManagerGlobalInvoker.startInputOrWindowGainedFocus
2025-07-26 21:51:11.280 10344-10819 InputTransport          com.drm.to.ssy.digitalletter         D  Input channel constructed: 'ClientS', fd=391
2025-07-26 21:51:11.290 10344-10344 InsetsSourceConsumer    com.drm.to.ssy.digitalletter         I  applyRequestedVisibilityToControl: visible=false, type=ime, host=com.drm.to.ssy.digitalletter/com.drm.to.ssy.digitalletter.ui.mr.MergeRequestActivity
2025-07-26 21:51:11.409 10344-10344 VRI[MergeR...y]@d7247e9 com.drm.to.ssy.digitalletter         I  ViewPostIme pointer 0
2025-07-26 21:51:11.410 10344-10344 VRI[MergeR...y]@d7247e9 com.drm.to.ssy.digitalletter         I  call setFrameRateCategory for touch hint category=high hint, reason=touch, vri=VRI[MergeRequestActivity]@d7247e9
2025-07-26 21:51:11.482 10344-10344 VRI[MergeR...y]@d7247e9 com.drm.to.ssy.digitalletter         I  ViewPostIme pointer 1
2025-07-26 21:51:12.012 10344-10344 VRI[MergeR...y]@d7247e9 com.drm.to.ssy.digitalletter         I  ViewPostIme pointer 0
2025-07-26 21:51:12.099 10344-10344 VRI[MergeR...y]@d7247e9 com.drm.to.ssy.digitalletter         I  ViewPostIme pointer 1
2025-07-26 21:51:12.374 10344-10344 VRI[MergeR...y]@d7247e9 com.drm.to.ssy.digitalletter         I  ViewPostIme pointer 0
2025-07-26 21:51:12.454 10344-10344 VRI[MergeR...y]@d7247e9 com.drm.to.ssy.digitalletter         I  ViewPostIme pointer 1
2025-07-26 21:51:12.699 10344-10344 VRI[MergeR...y]@d7247e9 com.drm.to.ssy.digitalletter         I  ViewPostIme pointer 0
2025-07-26 21:51:12.763 10344-10344 VRI[MergeR...y]@d7247e9 com.drm.to.ssy.digitalletter         I  ViewPostIme pointer 1
2025-07-26 21:51:13.000 10344-10344 VRI[MergeR...y]@d7247e9 com.drm.to.ssy.digitalletter         I  ViewPostIme pointer 0
2025-07-26 21:51:13.057 10344-10344 VRI[MergeR...y]@d7247e9 com.drm.to.ssy.digitalletter         I  ViewPostIme pointer 1
2025-07-26 21:51:13.191 10344-10344 VRI[MergeR...y]@d7247e9 com.drm.to.ssy.digitalletter         I  ViewPostIme pointer 0
2025-07-26 21:51:13.257 10344-10344 VRI[MergeR...y]@d7247e9 com.drm.to.ssy.digitalletter         I  ViewPostIme pointer 1
2025-07-26 21:51:13.398 10344-10344 VRI[MergeR...y]@d7247e9 com.drm.to.ssy.digitalletter         I  ViewPostIme pointer 0
2025-07-26 21:51:13.447 10344-10344 VRI[MergeR...y]@d7247e9 com.drm.to.ssy.digitalletter         I  ViewPostIme pointer 1
2025-07-26 21:51:13.577 10344-10344 VRI[MergeR...y]@d7247e9 com.drm.to.ssy.digitalletter         I  ViewPostIme pointer 0
2025-07-26 21:51:13.626 10344-10344 VRI[MergeR...y]@d7247e9 com.drm.to.ssy.digitalletter         I  ViewPostIme pointer 1
2025-07-26 21:51:13.736 10344-10344 VRI[MergeR...y]@d7247e9 com.drm.to.ssy.digitalletter         I  ViewPostIme pointer 0
2025-07-26 21:51:13.793 10344-10344 VRI[MergeR...y]@d7247e9 com.drm.to.ssy.digitalletter         I  ViewPostIme pointer 1
2025-07-26 21:51:14.029 10344-10344 VRI[MergeR...y]@d7247e9 com.drm.to.ssy.digitalletter         I  ViewPostIme pointer 0
2025-07-26 21:51:14.093 10344-10344 VRI[MergeR...y]@d7247e9 com.drm.to.ssy.digitalletter         I  ViewPostIme pointer 1
2025-07-26 21:51:14.101 10344-10344 VRI[MergeR...ty]@87c910 com.drm.to.ssy.digitalletter         I  call setFrameRateCategory for touch hint category=no preference, reason=boost timeout, vri=VRI[MergeRequestActivity]@87c910
2025-07-26 21:51:14.205 10344-10344 VRI[MergeR...y]@d7247e9 com.drm.to.ssy.digitalletter         I  ViewPostIme pointer 0
2025-07-26 21:51:14.277 10344-10344 VRI[MergeR...y]@d7247e9 com.drm.to.ssy.digitalletter         I  ViewPostIme pointer 1
2025-07-26 21:51:14.304 10344-10681 BufferPoolAccessor2.0   com.drm.to.ssy.digitalletter         D  bufferpool2 0xb400007d4dc2a428 : 5(40960 size) total buffers - 4(32768 size) used buffers - 17959/17992 (recycle/alloc) - 33/35949 (fetch/transfer)
2025-07-26 21:51:14.469 10344-10344 VRI[MergeR...y]@d7247e9 com.drm.to.ssy.digitalletter         I  ViewPostIme pointer 0
2025-07-26 21:51:14.502 10344-10687 BufferPoolAccessor2.0   com.drm.to.ssy.digitalletter         D  bufferpool2 0xb400007d50061a28 : 5(41943040 size) total buffers - 5(41943040 size) used buffers - 12935/12947 (recycle/alloc) - 15/12947 (fetch/transfer)
2025-07-26 21:51:14.566 10344-10344 VRI[MergeR...y]@d7247e9 com.drm.to.ssy.digitalletter         I  ViewPostIme pointer 1
2025-07-26 21:51:14.706 10344-10344 VRI[MergeR...y]@d7247e9 com.drm.to.ssy.digitalletter         I  ViewPostIme pointer 0
2025-07-26 21:51:14.771 10344-10344 VRI[MergeR...y]@d7247e9 com.drm.to.ssy.digitalletter         I  ViewPostIme pointer 1
2025-07-26 21:51:14.910 10344-10344 VRI[MergeR...y]@d7247e9 com.drm.to.ssy.digitalletter         I  ViewPostIme pointer 0
2025-07-26 21:51:14.974 10344-10344 VRI[MergeR...y]@d7247e9 com.drm.to.ssy.digitalletter         I  ViewPostIme pointer 1
2025-07-26 21:51:15.098 10344-10344 VRI[MergeR...y]@d7247e9 com.drm.to.ssy.digitalletter         I  ViewPostIme pointer 0
2025-07-26 21:51:15.155 10344-10344 VRI[MergeR...y]@d7247e9 com.drm.to.ssy.digitalletter         I  ViewPostIme pointer 1
2025-07-26 21:51:15.287 10344-10344 VRI[MergeR...y]@d7247e9 com.drm.to.ssy.digitalletter         I  ViewPostIme pointer 0
2025-07-26 21:51:15.351 10344-10344 VRI[MergeR...y]@d7247e9 com.drm.to.ssy.digitalletter         I  ViewPostIme pointer 1
2025-07-26 21:51:15.434 10344-10344 VRI[MergeR...y]@d7247e9 com.drm.to.ssy.digitalletter         I  ViewPostIme pointer 0
2025-07-26 21:51:15.524 10344-10344 VRI[MergeR...y]@d7247e9 com.drm.to.ssy.digitalletter         I  ViewPostIme pointer 1
2025-07-26 21:51:15.660 10344-10344 VRI[MergeR...y]@d7247e9 com.drm.to.ssy.digitalletter         I  ViewPostIme pointer 0
2025-07-26 21:51:15.717 10344-10344 VRI[MergeR...y]@d7247e9 com.drm.to.ssy.digitalletter         I  ViewPostIme pointer 1
2025-07-26 21:51:15.864 10344-10344 VRI[MergeR...y]@d7247e9 com.drm.to.ssy.digitalletter         I  ViewPostIme pointer 0
2025-07-26 21:51:15.912 10344-10344 VRI[MergeR...y]@d7247e9 com.drm.to.ssy.digitalletter         I  ViewPostIme pointer 1
2025-07-26 21:51:16.049 10344-10344 VRI[MergeR...y]@d7247e9 com.drm.to.ssy.digitalletter         I  ViewPostIme pointer 0
2025-07-26 21:51:16.094 10344-10344 VRI[MergeR...y]@d7247e9 com.drm.to.ssy.digitalletter         I  ViewPostIme pointer 1
2025-07-26 21:51:16.187 10344-11296 AudioTrack              com.drm.to.ssy.digitalletter         D  setVolume(0.950000, 0.950000) pid : 10344
2025-07-26 21:51:16.218 10344-10344 VRI[MergeR...y]@d7247e9 com.drm.to.ssy.digitalletter         I  ViewPostIme pointer 0
2025-07-26 21:51:16.238 10344-11296 AudioTrack              com.drm.to.ssy.digitalletter         D  setVolume(0.900000, 0.900000) pid : 10344
2025-07-26 21:51:16.284 10344-10344 VRI[MergeR...y]@d7247e9 com.drm.to.ssy.digitalletter         I  ViewPostIme pointer 1
2025-07-26 21:51:16.288 10344-11296 AudioTrack              com.drm.to.ssy.digitalletter         D  setVolume(0.850000, 0.850000) pid : 10344
2025-07-26 21:51:16.340 10344-11296 AudioTrack              com.drm.to.ssy.digitalletter         D  setVolume(0.800000, 0.800000) pid : 10344
2025-07-26 21:51:16.391 10344-11296 AudioTrack              com.drm.to.ssy.digitalletter         D  setVolume(0.750000, 0.750000) pid : 10344
2025-07-26 21:51:16.410 10344-10344 VRI[MergeR...y]@d7247e9 com.drm.to.ssy.digitalletter         I  ViewPostIme pointer 0
2025-07-26 21:51:16.441 10344-11296 AudioTrack              com.drm.to.ssy.digitalletter         D  setVolume(0.700000, 0.700000) pid : 10344
2025-07-26 21:51:16.462 10344-10344 VRI[MergeR...y]@d7247e9 com.drm.to.ssy.digitalletter         I  ViewPostIme pointer 1
2025-07-26 21:51:16.492 10344-11296 AudioTrack              com.drm.to.ssy.digitalletter         D  setVolume(0.650000, 0.650000) pid : 10344
2025-07-26 21:51:16.543 10344-11296 AudioTrack              com.drm.to.ssy.digitalletter         D  setVolume(0.600000, 0.600000) pid : 10344
2025-07-26 21:51:16.594 10344-11296 AudioTrack              com.drm.to.ssy.digitalletter         D  setVolume(0.550000, 0.550000) pid : 10344
2025-07-26 21:51:16.644 10344-11296 AudioTrack              com.drm.to.ssy.digitalletter         D  setVolume(0.500000, 0.500000) pid : 10344
2025-07-26 21:51:16.692 10344-11306 BufferPoolAccessor2.0   com.drm.to.ssy.digitalletter         D  bufferpool2 0xb400007cbffade28 : 5(40960 size) total buffers - 1(8192 size) used buffers - 3136/3141 (recycle/alloc) - 5/6278 (fetch/transfer)
2025-07-26 21:51:16.695 10344-11296 AudioTrack              com.drm.to.ssy.digitalletter         D  setVolume(0.450000, 0.450000) pid : 10344
2025-07-26 21:51:16.746 10344-11296 AudioTrack              com.drm.to.ssy.digitalletter         D  setVolume(0.400000, 0.400000) pid : 10344
2025-07-26 21:51:16.797 10344-11296 AudioTrack              com.drm.to.ssy.digitalletter         D  setVolume(0.350000, 0.350000) pid : 10344
2025-07-26 21:51:16.849 10344-11296 AudioTrack              com.drm.to.ssy.digitalletter         D  setVolume(0.300000, 0.300000) pid : 10344
2025-07-26 21:51:16.899 10344-11296 AudioTrack              com.drm.to.ssy.digitalletter         D  setVolume(0.250000, 0.250000) pid : 10344
2025-07-26 21:51:16.950 10344-11296 AudioTrack              com.drm.to.ssy.digitalletter         D  setVolume(0.200000, 0.200000) pid : 10344
2025-07-26 21:51:17.001 10344-11296 AudioTrack              com.drm.to.ssy.digitalletter         D  setVolume(0.150000, 0.150000) pid : 10344
2025-07-26 21:51:17.052 10344-11296 AudioTrack              com.drm.to.ssy.digitalletter         D  setVolume(0.100000, 0.100000) pid : 10344
2025-07-26 21:51:17.103 10344-11296 AudioTrack              com.drm.to.ssy.digitalletter         D  setVolume(0.050000, 0.050000) pid : 10344
2025-07-26 21:51:17.153 10344-11296 AudioTrack              com.drm.to.ssy.digitalletter         D  setVolume(0.000000, 0.000000) pid : 10344
2025-07-26 21:51:17.205 10344-10344 ExoPlayerImpl           com.drm.to.ssy.digitalletter         I  Release 219ed58 [AndroidXMedia3/1.7.1] [gts9wifi, SM-X710, samsung, 35] [media3.common, media3.exoplayer, media3.decoder, media3.datasource, media3.extractor, media3.ui]
2025-07-26 21:51:17.207 10344-11306 CCodec                  com.drm.to.ssy.digitalletter         I  [c2.sec.mp3.decoder] state->set(FLUSHING)
2025-07-26 21:51:17.208 10344-11306 CCodec                  com.drm.to.ssy.digitalletter         I  [c2.sec.mp3.decoder] state->set(FLUSHED)
2025-07-26 21:51:17.208 10344-11306 CCodecBuffers           com.drm.to.ssy.digitalletter         D  [c2.sec.mp3.decoder#217:1D-Output.Impl[N]] Client returned a buffer it does not own according to our record: 0
2025-07-26 21:51:17.208 10344-11306 CCodecBuffers           com.drm.to.ssy.digitalletter         D  [c2.sec.mp3.decoder#217:1D-Output.Impl[N]] Client returned a buffer it does not own according to our record: 1
2025-07-26 21:51:17.208 10344-11296 MediaCodec              com.drm.to.ssy.digitalletter         D  keep callback message for reclaim
2025-07-26 21:51:17.208 10344-11306 CCodec                  com.drm.to.ssy.digitalletter         I  [c2.sec.mp3.decoder] state->set(RESUMING)
2025-07-26 21:51:17.209 10344-11306 CCodecConfig            com.drm.to.ssy.digitalletter         I  query failed after returning 7 values (BAD_INDEX)
2025-07-26 21:51:17.209 10344-11306 CCodecBufferChannel     com.drm.to.ssy.digitalletter         I  [c2.sec.mp3.decoder#217] 4 initial input buffers available
2025-07-26 21:51:17.209 10344-11306 Codec2Client            com.drm.to.ssy.digitalletter         W  query -- param skipped: index = 1342179345.
2025-07-26 21:51:17.209 10344-11306 Codec2Client            com.drm.to.ssy.digitalletter         W  query -- param skipped: index = 2415921170.
2025-07-26 21:51:17.210 10344-11306 CCodec                  com.drm.to.ssy.digitalletter         I  [c2.sec.mp3.decoder] state->set(RUNNING)
2025-07-26 21:51:17.212 10344-11306 CCodec                  com.drm.to.ssy.digitalletter         I  [c2.sec.mp3.decoder] state->set(RELEASING)
2025-07-26 21:51:17.212 10344-11306 CCodecBufferChannel     com.drm.to.ssy.digitalletter         D  [c2.sec.mp3.decoder#217] MediaCodec discarded an unknown buffer
2025-07-26 21:51:17.212 10344-11306 CCodecBufferChannel     com.drm.to.ssy.digitalletter         D  [c2.sec.mp3.decoder#217] MediaCodec discarded an unknown buffer
2025-07-26 21:51:17.212 10344-11599 CCodec                  com.drm.to.ssy.digitalletter         I  [release][3306] surface -> component
2025-07-26 21:51:17.212 10344-11306 CCodecBufferChannel     com.drm.to.ssy.digitalletter         D  [c2.sec.mp3.decoder#217] MediaCodec discarded an unknown buffer
2025-07-26 21:51:17.212 10344-11306 CCodecBufferChannel     com.drm.to.ssy.digitalletter         D  [c2.sec.mp3.decoder#217] MediaCodec discarded an unknown buffer
2025-07-26 21:51:17.213 10344-11599 CCodec                  com.drm.to.ssy.digitalletter         I  [c2.sec.mp3.decoder] state->set(RELEASED)
2025-07-26 21:51:17.214 10344-11306 MediaCodec              com.drm.to.ssy.digitalletter         I  Codec shutdown complete
2025-07-26 21:51:17.215 10344-11306 CCodecBufferChannel     com.drm.to.ssy.digitalletter         I  CCodecBufferChannel destructing c2.sec.mp3.decoder#217
2025-07-26 21:51:17.215 10344-11306 Codec2Client            com.drm.to.ssy.digitalletter         I  Component destructing
2025-07-26 21:51:17.215 10344-11306 hw-BpHwBinder           com.drm.to.ssy.digitalletter         I  onLastStrongRef automatically unlinking death recipients
2025-07-26 21:51:17.238 10344-10344 ActivityThread          com.drm.to.ssy.digitalletter         D  com.drm.to.ssy.digitalletter will use render engine as VK
2025-07-26 21:51:17.242 10344-10344 DecorView               com.drm.to.ssy.digitalletter         I  setWindowBackground: isPopOver=false color=ff141218 d=android.graphics.drawable.ColorDrawable@30292cf
2025-07-26 21:51:17.244 10344-10344 WindowOnBackDispatcher  com.drm.to.ssy.digitalletter         W  OnBackInvokedCallback is not enabled for the application.
                                                                                                    Set 'android:enableOnBackInvokedCallback="true"' in the application manifest.
2025-07-26 21:51:17.246 10344-10344 ViewRootImpl            com.drm.to.ssy.digitalletter         I  dVRR is disabled
2025-07-26 21:51:17.246 10344-10410 NativeCust...ncyManager com.drm.to.ssy.digitalletter         D  [NativeCFMS] BpCustomFrequencyManager::BpCustomFrequencyManager()
2025-07-26 21:51:17.247 10344-10344 InsetsController        com.drm.to.ssy.digitalletter         I  setRequestedVisibleTypes: visible=false, mask=statusBars navigationBars captionBar systemOverlays, host=com.drm.to.ssy.digitalletter/com.drm.to.ssy.digitalletter.ui.staffroll.StaffRollActivity, from=android.view.InsetsController.controlAnimationUnchecked:1498 android.view.InsetsController.applyAnimation:2228 android.view.InsetsController.applyAnimation:2159 android.view.InsetsController.hide:1452 android.view.InsetsController.hide:1368 android.view.PendingInsetsController$HideRequest.replay:277 android.view.PendingInsetsController.replayAndAttach:192 android.view.ViewRootImpl.setView:1941 android.view.WindowManagerGlobal.addView:578 android.view.WindowManagerImpl.addView:158
2025-07-26 21:51:17.249 10344-10344 InputTransport          com.drm.to.ssy.digitalletter         D  Input channel constructed: '84acb24', fd=115
2025-07-26 21:51:17.250 10344-10344 InsetsController        com.drm.to.ssy.digitalletter         I  onStateChanged: host=com.drm.to.ssy.digitalletter/com.drm.to.ssy.digitalletter.ui.staffroll.StaffRollActivity, from=android.view.ViewRootImpl.setView:1999, state=InsetsState: {mDisplayFrame=Rect(0, 0 - 2560, 1600), mDisplayCutout=DisplayCutout{insets=Rect(0, 0 - 0, 0) waterfall=Insets{left=0, top=0, right=0, bottom=0} boundingRect={Bounds=[Rect(0, 0 - 0, 0), Rect(0, 0 - 0, 0), Rect(0, 0 - 0, 0), Rect(0, 0 - 0, 0)]} cutoutPathParserInfo={CutoutPathParserInfo{displayWidth=0 displayHeight=0 physicalDisplayWidth=0 physicalDisplayHeight=0 density={0.0} cutoutSpec={} rotation={0} scale={0.0} physicalPixelDisplaySizeRatio={0.0}}} sideOverrides=null}, mRoundedCorners=RoundedCorners{[RoundedCorner{position=TopLeft, radius=21, center=Point(21, 21)}, RoundedCorner{position=TopRight, radius=21, center=Point(2539, 21)}, RoundedCorner{position=BottomRight, radius=21, center=Point(2539, 1579)}, RoundedCorner{position=BottomLeft, radius=21, center=Point(21, 1579)}]}  mRoundedCornerFrame=Rect(0, 0 - 2560, 1600), mPrivacyIndicatorBounds=PrivacyIndicatorBounds {static bounds=Rect(2466, 0 - 2560, 51) rotation=1}, mDisplayShape=DisplayShape{ spec=-311912193 displayWidth=1600 displayHeight=2560 physicalPixelDisplaySizeRatio=1.0 rotation=1 offsetX=0 offsetY=0 scale=1.0}, mSources= { InsetsSource: {fa0d0000 mType=statusBars mFrame=[0,0][2560,51] mVisible=false mFlags= mSideHint=TOP mBoundingRects=null}, InsetsSource: {fa0d0005 mType=mandatorySystemGestures mFrame=[0,0][2560,51] mVisible=true mFlags= mSideHint=TOP mBoundingRects=null}, InsetsSource: {fa0d0006 mType=tappableElement mFrame=[0,0][2560,51] mVisible=true mFlags= mSideHint=TOP mBoundingRects=null}, InsetsSource: {3 mType=ime mFrame=[0,0][0,0] mVisible=false mFlags= mSideHint=NONE mBoundingRects=null}, InsetsSource: {1f4c0001 mType=navigationBars mFrame=[0,1498][2560,1600] mVisible=false mFlags= mSideHint=BOTTOM mBoundingRects=null}, InsetsSource: {1f4c0004 mType=systemGestures mFrame=[0,0][0,0] mVisible=true mFlags= mSideHint=NONE mBoundingRects=null}, InsetsSource: {1f4c0005 mType=mandatorySystemGestures mFrame=[0,1498][2560,1600] mVisible=true mFlags= mSideHint=BOTTOM mBoundingRects=null}, InsetsSource: {1f4c0006 mType=tappableElement mFrame=[0,1498][2560,1600] mVisible=true mFlags= mSideHint=BOTTOM mBoundingRects=null}, InsetsSource: {1f4c0024 mType=systemGestures mFrame=[0,0][0,0] mVisible=true mFlags= mSideHint=NONE mBoundingRects=null} }
2025-07-26 21:51:17.250 10344-10344 VRI[StaffR...y]@d2e5e06 com.drm.to.ssy.digitalletter         I  synced displayState. AttachInfo displayState=2
2025-07-26 21:51:17.250 10344-10344 VRI[StaffR...y]@d2e5e06 com.drm.to.ssy.digitalletter         I  setView = com.android.internal.policy.DecorView@ec70a1d IsHRR=false TM=true
2025-07-26 21:51:17.258 10344-10344 ExoPlayerImpl           com.drm.to.ssy.digitalletter         I  Init a61448e [AndroidXMedia3/1.7.1] [gts9wifi, SM-X710, samsung, 35]
2025-07-26 21:51:17.263 10344-10344 SurfaceView             com.drm.to.ssy.digitalletter         D  131799619 updateSurface: has no frame
2025-07-26 21:51:17.273 10344-10344 SurfaceView@7db1a43     com.drm.to.ssy.digitalletter         I  onWindowVisibilityChanged(0) true android.view.SurfaceView{7db1a43 V.E...... ......I. 0,0-0,0} of VRI[StaffRollActivity]@d2e5e06
2025-07-26 21:51:17.274 10344-10344 SurfaceView             com.drm.to.ssy.digitalletter         D  131799619 updateSurface: has no frame
2025-07-26 21:51:17.280 10344-10344 BufferQueueProducer     com.drm.to.ssy.digitalletter         I  [](id:28680000000f,api:0,p:8,c:10344) setDequeueTimeout:2077252342
2025-07-26 21:51:17.281 10344-10344 BLASTBufferQueue_Java   com.drm.to.ssy.digitalletter         I  new BLASTBufferQueue, mName= VRI[StaffRollActivity]@d2e5e06 mNativeObject= 0xb400007dc237cb80 sc.mNativeObject= 0xb400007d5016a400 caller= android.view.ViewRootImpl.updateBlastSurfaceIfNeeded:3397 android.view.ViewRootImpl.relayoutWindow:11361 android.view.ViewRootImpl.performTraversals:4544 android.view.ViewRootImpl.doTraversal:3708 android.view.ViewRootImpl$TraversalRunnable.run:12542 android.view.Choreographer$CallbackRecord.run:1751 android.view.Choreographer$CallbackRecord.run:1760 android.view.Choreographer.doCallbacks:1216 android.view.Choreographer.doFrame:1142 android.view.Choreographer$FrameDisplayEventReceiver.run:1707
2025-07-26 21:51:17.281 10344-10344 BLASTBufferQueue_Java   com.drm.to.ssy.digitalletter         I  update, w= 2560 h= 1600 mName = VRI[StaffRollActivity]@d2e5e06 mNativeObject= 0xb400007dc237cb80 sc.mNativeObject= 0xb400007d5016a400 format= -3 caller= android.graphics.BLASTBufferQueue.<init>:88 android.view.ViewRootImpl.updateBlastSurfaceIfNeeded:3397 android.view.ViewRootImpl.relayoutWindow:11361 android.view.ViewRootImpl.performTraversals:4544 android.view.ViewRootImpl.doTraversal:3708 android.view.ViewRootImpl$TraversalRunnable.run:12542
2025-07-26 21:51:17.281 10344-10344 libc                    com.drm.to.ssy.digitalletter         W  Access denied finding property "vendor.display.enable_optimal_refresh_rate"
2025-07-26 21:51:17.281 10344-10344 libc                    com.drm.to.ssy.digitalletter         W  Access denied finding property "vendor.gpp.create_frc_extension"
2025-07-26 21:51:17.281 10344-10344 VRI[StaffR...y]@d2e5e06 com.drm.to.ssy.digitalletter         I  Relayout returned: old=(0,0,2560,1600) new=(0,0,2560,1600) relayoutAsync=false req=(2560,1600)0 dur=4 res=0x3 s={true 0xb400007d5009f000} ch=true seqId=0
2025-07-26 21:51:17.281 10344-10344 VRI[StaffR...y]@d2e5e06 com.drm.to.ssy.digitalletter         I  performConfigurationChange setNightDimText nightDimLevel=0
2025-07-26 21:51:17.282 10344-10344 VRI[StaffR...y]@d2e5e06 com.drm.to.ssy.digitalletter         D  mThreadedRenderer.initialize() mSurface={isValid=true 0xb400007d5009f000} hwInitialized=true
2025-07-26 21:51:17.283 10344-10344 SurfaceView             com.drm.to.ssy.digitalletter         D  131799619 updateSurface: has no frame
2025-07-26 21:51:17.283 10344-10344 SurfaceView@7db1a43     com.drm.to.ssy.digitalletter         I  windowStopped(false) true android.view.SurfaceView{7db1a43 V.E...... ......ID 0,0-2560,1440} of VRI[StaffRollActivity]@d2e5e06
2025-07-26 21:51:17.283 10344-10344 SurfaceView             com.drm.to.ssy.digitalletter         D  131799619 updateSurface: has no frame
2025-07-26 21:51:17.283 10344-10344 VRI[StaffR...y]@d2e5e06 com.drm.to.ssy.digitalletter         D  reportNextDraw android.view.ViewRootImpl.performTraversals:5193 android.view.ViewRootImpl.doTraversal:3708 android.view.ViewRootImpl$TraversalRunnable.run:12542 android.view.Choreographer$CallbackRecord.run:1751 android.view.Choreographer$CallbackRecord.run:1760
2025-07-26 21:51:17.283 10344-10344 SurfaceView             com.drm.to.ssy.digitalletter         I  131799619 Changes: creating=true format=true size=true visible=true alpha=false hint=false visible=true left=true top=true z=false attached=true lifecycleStrategy=true
2025-07-26 21:51:17.285 10344-10344 BufferQueueProducer     com.drm.to.ssy.digitalletter         I  [](id:286800000010,api:0,p:0,c:10344) setDequeueTimeout:2077252342
2025-07-26 21:51:17.285 10344-10344 BLASTBufferQueue_Java   com.drm.to.ssy.digitalletter         I  update, w= 2560 h= 1440 mName = null mNativeObject= 0xb400007dc237d280 sc.mNativeObject= 0xb400007d5016e780 format= 4 caller= android.view.SurfaceView.createBlastSurfaceControls:1642 android.view.SurfaceView.updateSurface:1318 android.view.SurfaceView.lambda$new$0:268 android.view.SurfaceView.$r8$lambda$NfZyM_TG8F8lqzaOVZ7noREFjzU:0 android.view.SurfaceView$$ExternalSyntheticLambda1.onPreDraw:0 android.view.ViewTreeObserver.dispatchOnPreDraw:1226
2025-07-26 21:51:17.285 10344-10344 SurfaceView             com.drm.to.ssy.digitalletter         I  131799619 Cur surface: Surface(name=null mNativeObject=0)/@0xdc372b2
2025-07-26 21:51:17.285 10344-10344 SurfaceView@7db1a43     com.drm.to.ssy.digitalletter         I  pST: sr = Rect(0, 80 - 2560, 1520) sw = 2560 sh = 1440
2025-07-26 21:51:17.285 10344-10344 SurfaceView             com.drm.to.ssy.digitalletter         D  131799619 performSurfaceTransaction RenderWorker position = [0, 80, 2560, 1520] surfaceSize = 2560x1440
2025-07-26 21:51:17.285 10344-10344 libc                    com.drm.to.ssy.digitalletter         W  Access denied finding property "vendor.display.enable_optimal_refresh_rate"
2025-07-26 21:51:17.285 10344-10344 libc                    com.drm.to.ssy.digitalletter         W  Access denied finding property "vendor.gpp.create_frc_extension"
2025-07-26 21:51:17.285 10344-10344 SurfaceView@7db1a43     com.drm.to.ssy.digitalletter         I  updateSurface: mVisible = true mSurface.isValid() = true
2025-07-26 21:51:17.285 10344-10344 SurfaceView@7db1a43     com.drm.to.ssy.digitalletter         I  updateSurface: mSurfaceCreated = false surfaceChanged = true visibleChanged = true
2025-07-26 21:51:17.285 10344-10344 SurfaceView             com.drm.to.ssy.digitalletter         I  131799619 visibleChanged -- surfaceCreated
2025-07-26 21:51:17.285 10344-10344 SurfaceView@7db1a43     com.drm.to.ssy.digitalletter         I  surfaceCreated 1 #8 android.view.SurfaceView{7db1a43 V.E...... ......ID 0,0-2560,1440}
2025-07-26 21:51:17.286 10344-10344 SurfaceView             com.drm.to.ssy.digitalletter         I  131799619 surfaceChanged -- format=4 w=2560 h=1440
2025-07-26 21:51:17.286 10344-10344 SurfaceView@7db1a43     com.drm.to.ssy.digitalletter         I  surfaceChanged (2560,1440) 1 #8 android.view.SurfaceView{7db1a43 V.E...... ......ID 0,0-2560,1440}
2025-07-26 21:51:17.286 10344-10344 SurfaceView             com.drm.to.ssy.digitalletter         I  131799619 surfaceRedrawNeeded
2025-07-26 21:51:17.286 10344-10344 SurfaceView             com.drm.to.ssy.digitalletter         I  131799619 finishedDrawing
2025-07-26 21:51:17.286 10344-10344 SurfaceView             com.drm.to.ssy.digitalletter         V  Layout: x=0 y=80 w=2560 h=1440, frame=Rect(0, 0 - 2560, 1440)
2025-07-26 21:51:17.286 10344-10344 VRI[StaffR...y]@d2e5e06 com.drm.to.ssy.digitalletter         D  Setup new sync=wmsSync-VRI[StaffRollActivity]@d2e5e06#30
2025-07-26 21:51:17.286 10344-10344 VRI[StaffR...y]@d2e5e06 com.drm.to.ssy.digitalletter         I  Creating new active sync group VRI[StaffRollActivity]@d2e5e06#31
2025-07-26 21:51:17.286 10344-10344 VRI[StaffR...y]@d2e5e06 com.drm.to.ssy.digitalletter         D  registerCallbacksForSync syncBuffer=false
2025-07-26 21:51:17.288 10344-10410 SurfaceView             com.drm.to.ssy.digitalletter         D  131799619 updateSurfacePosition RenderWorker, frameNr = 1, position = [0, 80, 2560, 1520] surfaceSize = 2560x1440
2025-07-26 21:51:17.288 10344-10410 SurfaceView@7db1a43     com.drm.to.ssy.digitalletter         I  uSP: rtp = Rect(0, 80 - 2560, 1520) rtsw = 2560 rtsh = 1440
2025-07-26 21:51:17.288 10344-10410 SurfaceView@7db1a43     com.drm.to.ssy.digitalletter         I  onSSPAndSRT: pl = 0 pt = 80 sx = 1.0 sy = 1.0
2025-07-26 21:51:17.288 10344-10410 SurfaceView@7db1a43     com.drm.to.ssy.digitalletter         I  aOrMT: VRI[StaffRollActivity]@d2e5e06 t = android.view.SurfaceControl$Transaction@b58f7b9 fN = 1 android.view.SurfaceView.-$$Nest$mapplyOrMergeTransaction:0 android.view.SurfaceView$SurfaceViewPositionUpdateListener.positionChanged:1792 android.graphics.RenderNode$CompositePositionUpdateListener.positionChanged:398
2025-07-26 21:51:17.288 10344-10410 VRI[StaffR...y]@d2e5e06 com.drm.to.ssy.digitalletter         I  mWNT: t=0xb400007cb651f400 mBlastBufferQueue=0xb400007dc237cb80 fn= 1 HdrRenderState mRenderHdrSdrRatio=1.0 caller= android.view.SurfaceView.applyOrMergeTransaction:1723 android.view.SurfaceView.-$$Nest$mapplyOrMergeTransaction:0 android.view.SurfaceView$SurfaceViewPositionUpdateListener.positionChanged:1792
2025-07-26 21:51:17.288 10344-10419 VRI[StaffR...y]@d2e5e06 com.drm.to.ssy.digitalletter         D  Received frameDrawingCallback syncResult=0 frameNum=1.
2025-07-26 21:51:17.288 10344-10419 VRI[StaffR...y]@d2e5e06 com.drm.to.ssy.digitalletter         I  mWNT: t=0xb400007cb6592780 mBlastBufferQueue=0xb400007dc237cb80 fn= 1 HdrRenderState mRenderHdrSdrRatio=1.0 caller= android.view.ViewRootImpl$11.onFrameDraw:15016 android.view.ThreadedRenderer$1.onFrameDraw:761 <bottom of call stack>
2025-07-26 21:51:17.288 10344-10419 VRI[StaffR...y]@d2e5e06 com.drm.to.ssy.digitalletter         I  Setting up sync and frameCommitCallback
2025-07-26 21:51:17.289 10344-10410 BLASTBufferQueue        com.drm.to.ssy.digitalletter         I  [VRI[StaffRollActivity]@d2e5e06#11](f:0,a:0,s:0) onFrameAvailable the first frame is available
2025-07-26 21:51:17.290 10344-10410 SurfaceComposerClient   com.drm.to.ssy.digitalletter         I  apply transaction with the first frame. layerId: 7556, bufferData(ID: 44427141728562, frameNumber: 1)
2025-07-26 21:51:17.290 10344-10410 VRI[StaffR...y]@d2e5e06 com.drm.to.ssy.digitalletter         I  Received frameCommittedCallback lastAttemptedDrawFrameNum=1 didProduceBuffer=true
2025-07-26 21:51:17.290 10344-10410 HWUI                    com.drm.to.ssy.digitalletter         D  CFMS:: SetUp Pid : 10344    Tid : 10410
2025-07-26 21:51:17.290 10344-10344 VRI[StaffR...y]@d2e5e06 com.drm.to.ssy.digitalletter         D  reportDrawFinished seqId=0
2025-07-26 21:51:17.292 10344-10410 HWUI                    com.drm.to.ssy.digitalletter         D  HWUI - treat SMPTE_170M as sRGB
2025-07-26 21:51:17.292 10344-10344 ImeFocusController      com.drm.to.ssy.digitalletter         I  onPreWindowFocus: skipped hasWindowFocus=false mHasImeFocus=true
2025-07-26 21:51:17.292 10344-10344 ImeFocusController      com.drm.to.ssy.digitalletter         I  onPostWindowFocus: skipped hasWindowFocus=false mHasImeFocus=true
2025-07-26 21:51:17.294 10344-10344 InsetsSourceConsumer    com.drm.to.ssy.digitalletter         I  applyRequestedVisibilityToControl: visible=false, type=navigationBars, host=com.drm.to.ssy.digitalletter/com.drm.to.ssy.digitalletter.ui.staffroll.StaffRollActivity
2025-07-26 21:51:17.294 10344-10344 InsetsSourceConsumer    com.drm.to.ssy.digitalletter         I  applyRequestedVisibilityToControl: visible=false, type=statusBars, host=com.drm.to.ssy.digitalletter/com.drm.to.ssy.digitalletter.ui.staffroll.StaffRollActivity
2025-07-26 21:51:17.313  1688-1688  SurfaceFlinger          surfaceflinger                       E  alpha changed 1.000 -> 0.000 - ActivityRecord{bd388db u0 com.drm.to.ssy.digitalletter/.ui.staffroll.StaffRollActivity t98}#7554
2025-07-26 21:51:17.313  1688-1688  SurfaceFlinger          surfaceflinger                       E  alpha changed 1.000 -> 0.000 - DimTransitionLayer for Surface(name=ActivityRecord{bd388db u0 com.drm.to.ssy.digitalletter/.ui.staffroll.StaffRollActivity t98})/@0x31271f6#7567
2025-07-26 21:51:17.313  1688-1688  SurfaceFlinger          surfaceflinger                       E  alpha changed 0.000 -> 1.000 - ActivityRecord{bd388db u0 com.drm.to.ssy.digitalletter/.ui.staffroll.StaffRollActivity t98}#7554
2025-07-26 21:51:17.313  1688-1688  SurfaceFlinger          surfaceflinger                       E  alpha changed 0.000 -> 0.000 - DimTransitionLayer for Surface(name=ActivityRecord{bd388db u0 com.drm.to.ssy.digitalletter/.ui.staffroll.StaffRollActivity t98})/@0x31271f6#7567
2025-07-26 21:51:17.319 10344-10344 VRI[StaffR...y]@d2e5e06 com.drm.to.ssy.digitalletter         D  mThreadedRenderer.initializeIfNeeded()#2 mSurface={isValid=true 0xb400007d5009f000}
2025-07-26 21:51:17.319 10344-10344 InputMethodManagerUtils com.drm.to.ssy.digitalletter         D  startInputInner - Id : 0
2025-07-26 21:51:17.319 10344-10344 InputMethodManager      com.drm.to.ssy.digitalletter         I  startInputInner - IInputMethodManagerGlobalInvoker.startInputOrWindowGainedFocus
2025-07-26 21:51:17.323 10344-10676 InputTransport          com.drm.to.ssy.digitalletter         D  Input channel constructed: 'ClientS', fd=157
2025-07-26 21:51:17.330  1688-1688  SurfaceFlinger          surfaceflinger                       E  alpha changed 0.000 -> 0.010 - DimTransitionLayer for Surface(name=ActivityRecord{bd388db u0 com.drm.to.ssy.digitalletter/.ui.staffroll.StaffRollActivity t98})/@0x31271f6#7567
2025-07-26 21:51:17.331 10344-10344 InsetsSourceConsumer    com.drm.to.ssy.digitalletter         I  applyRequestedVisibilityToControl: visible=false, type=ime, host=com.drm.to.ssy.digitalletter/com.drm.to.ssy.digitalletter.ui.staffroll.StaffRollActivity
2025-07-26 21:51:17.399 10344-11608 MetadataUtil            com.drm.to.ssy.digitalletter         D  Skipped unknown metadata entry: ??????
2025-07-26 21:51:17.399 10344-11608 MetadataUtil            com.drm.to.ssy.digitalletter         D  Skipped unknown metadata entry: ??????
2025-07-26 21:51:17.399 10344-11608 MetadataUtil            com.drm.to.ssy.digitalletter         D  Skipped unknown metadata entry: ??????
2025-07-26 21:51:17.399 10344-11608 MetadataUtil            com.drm.to.ssy.digitalletter         D  Skipped unknown metadata entry: ??????
2025-07-26 21:51:17.399 10344-11608 MetadataUtil            com.drm.to.ssy.digitalletter         D  Skipped unknown metadata entry: ??????
2025-07-26 21:51:17.399 10344-11608 MetadataUtil            com.drm.to.ssy.digitalletter         D  Skipped unknown metadata entry: ??????
2025-07-26 21:51:17.399 10344-11608 MetadataUtil            com.drm.to.ssy.digitalletter         D  Skipped unknown metadata entry: ??????
2025-07-26 21:51:17.399 10344-11608 MetadataUtil            com.drm.to.ssy.digitalletter         D  Skipped unknown metadata entry: ??????
2025-07-26 21:51:17.409 10344-11603 AudioManager            com.drm.to.ssy.digitalletter         I  getParameters keys = offloadVariableRateSupported
2025-07-26 21:51:17.417 10344-11603 DMCodecAdapterFactory   com.drm.to.ssy.digitalletter         I  Creating an asynchronous MediaCodec adapter for track type video
2025-07-26 21:51:17.418 10344-11609 CCodec                  com.drm.to.ssy.digitalletter         I  state->set(ALLOCATING)
2025-07-26 21:51:17.418 10344-11610 CCodec                  com.drm.to.ssy.digitalletter         I  allocate(c2.qti.avc.decoder)
2025-07-26 21:51:17.419 10344-11610 CCodec                  com.drm.to.ssy.digitalletter         I  setting up 'default' as default (vendor) store
2025-07-26 21:51:17.423 10344-11610 CCodec                  com.drm.to.ssy.digitalletter         I  Created component [c2.qti.avc.decoder]
2025-07-26 21:51:17.423 10344-11610 CCodec                  com.drm.to.ssy.digitalletter         I  [c2.qti.avc.decoder] state->set(ALLOCATED)
2025-07-26 21:51:17.423 10344-11610 CCodecConfig            com.drm.to.ssy.digitalletter         D  read media type: video/avc
