2025-07-26 21:51:05.539 10344-10344 BLASTBufferQueue_Java   com.drm.to.ssy.digitalletter         I  update, w= 112 h= 121 mName = VRI[Pop-Up Window]@9f7fb43 mNativeObject= 0xb400007dc237cb80 sc.mNativeObject= 0xb400007dc26392c0 format= -3 caller= android.view.ViewRootImpl.updateBlastSurfaceIfNeeded:3386 android.view.ViewRootImpl.relayoutWindow:11361 android.view.ViewRootImpl.performTraversals:4544 android.view.ViewRootImpl.doTraversal:3708 android.view.ViewRootImpl$TraversalRunnable.run:12542 android.view.Choreographer$CallbackRecord.run:1751
2025-07-26 21:51:05.539 10344-10344 VRI[Pop-Up...w]@9f7fb43 com.drm.to.ssy.digitalletter         I  Relayout returned: old=(310,888,354,941) new=(310,896,354,949) relayoutAsync=true req=(44,53)0 dur=0 res=0x0 s={true 0xb400007d6afcd800} ch=false seqId=0
2025-07-26 21:51:05.540 10344-10344 VRI[Pop-Up...w]@9f7fb43 com.drm.to.ssy.digitalletter         I  registerCallbackForPendingTransactions
2025-07-26 21:51:05.540 10344-10418 VRI[MergeR...ty]@87c910 com.drm.to.ssy.digitalletter         I  mWNT: t=0xb400007d4fff3180 mBlastBufferQueue=0xb400007d6b128380 fn= 241 HdrRenderState mRenderHdrSdrRatio=1.0 caller= android.view.SyncRtSurfaceTransactionApplier.applyTransaction:96 android.view.SyncRtSurfaceTransactionApplier.lambda$scheduleApply$0:69 android.view.SyncRtSurfaceTransactionApplier.$r8$lambda$afI4fXg3U3-nBZQEDQMiNy-B06s:0
2025-07-26 21:51:05.541 10344-10419 VRI[Pop-Up...w]@9f7fb43 com.drm.to.ssy.digitalletter         I  mWNT: t=0xb400007d4fff5b80 mBlastBufferQueue=0xb400007dc237cb80 fn= 66 HdrRenderState mRenderHdrSdrRatio=1.0 caller= android.view.ViewRootImpl$9.onFrameDraw:6276 android.view.ViewRootImpl$3.onFrameDraw:2440 android.view.ThreadedRenderer$1.onFrameDraw:761
2025-07-26 21:51:05.547 10344-10418 VRI[MergeR...ty]@87c910 com.drm.to.ssy.digitalletter         I  mWNT: t=0xb400007d5001a380 mBlastBufferQueue=0xb400007d6b128380 fn= 242 HdrRenderState mRenderHdrSdrRatio=1.0 caller= android.view.SyncRtSurfaceTransactionApplier.applyTransaction:96 android.view.SyncRtSurfaceTransactionApplier.lambda$scheduleApply$0:69 android.view.SyncRtSurfaceTransactionApplier.$r8$lambda$afI4fXg3U3-nBZQEDQMiNy-B06s:0
2025-07-26 21:51:05.547 10344-10418 VRI[MergeR...ty]@87c910 com.drm.to.ssy.digitalletter         I  mWNT: t=0xb400007d50205100 mBlastBufferQueue=0xb400007d6b128380 fn= 242 HdrRenderState mRenderHdrSdrRatio=1.0 caller= android.view.SyncRtSurfaceTransactionApplier.applyTransaction:96 android.view.SyncRtSurfaceTransactionApplier.lambda$scheduleApply$0:69 android.view.SyncRtSurfaceTransactionApplier.$r8$lambda$afI4fXg3U3-nBZQEDQMiNy-B06s:0
2025-07-26 21:51:05.548 10344-10344 BLASTBufferQueue_Java   com.drm.to.ssy.digitalletter         I  update, w= 112 h= 121 mName = VRI[Pop-Up Window]@9f7fb43 mNativeObject= 0xb400007dc237cb80 sc.mNativeObject= 0xb400007dc26392c0 format= -3 caller= android.view.ViewRootImpl.updateBlastSurfaceIfNeeded:3386 android.view.ViewRootImpl.relayoutWindow:11361 android.view.ViewRootImpl.performTraversals:4544 android.view.ViewRootImpl.doTraversal:3708 android.view.ViewRootImpl$TraversalRunnable.run:12542 android.view.Choreographer$CallbackRecord.run:1751
2025-07-26 21:51:05.548 10344-10344 VRI[Pop-Up...w]@9f7fb43 com.drm.to.ssy.digitalletter         I  Relayout returned: old=(310,896,354,949) new=(310,902,354,955) relayoutAsync=true req=(44,53)0 dur=1 res=0x0 s={true 0xb400007d6afcd800} ch=false seqId=0
2025-07-26 21:51:05.548 10344-10344 VRI[Pop-Up...w]@9f7fb43 com.drm.to.ssy.digitalletter         I  registerCallbackForPendingTransactions
2025-07-26 21:51:05.549 10344-10419 VRI[Pop-Up...w]@9f7fb43 com.drm.to.ssy.digitalletter         I  mWNT: t=0xb400007cbff13380 mBlastBufferQueue=0xb400007dc237cb80 fn= 67 HdrRenderState mRenderHdrSdrRatio=1.0 caller= android.view.ViewRootImpl$9.onFrameDraw:6276 android.view.ViewRootImpl$3.onFrameDraw:2440 android.view.ThreadedRenderer$1.onFrameDraw:761
2025-07-26 21:51:05.556 10344-10418 VRI[MergeR...ty]@87c910 com.drm.to.ssy.digitalletter         I  mWNT: t=0xb400007cbff14580 mBlastBufferQueue=0xb400007d6b128380 fn= 243 HdrRenderState mRenderHdrSdrRatio=1.0 caller= android.view.SyncRtSurfaceTransactionApplier.applyTransaction:96 android.view.SyncRtSurfaceTransactionApplier.lambda$scheduleApply$0:69 android.view.SyncRtSurfaceTransactionApplier.$r8$lambda$afI4fXg3U3-nBZQEDQMiNy-B06s:0
2025-07-26 21:51:05.556 10344-10344 BLASTBufferQueue_Java   com.drm.to.ssy.digitalletter         I  update, w= 112 h= 121 mName = VRI[Pop-Up Window]@9f7fb43 mNativeObject= 0xb400007dc237cb80 sc.mNativeObject= 0xb400007dc26392c0 format= -3 caller= android.view.ViewRootImpl.updateBlastSurfaceIfNeeded:3386 android.view.ViewRootImpl.relayoutWindow:11361 android.view.ViewRootImpl.performTraversals:4544 android.view.ViewRootImpl.doTraversal:3708 android.view.ViewRootImpl$TraversalRunnable.run:12542 android.view.Choreographer$CallbackRecord.run:1751
2025-07-26 21:51:05.557 10344-10344 VRI[Pop-Up...w]@9f7fb43 com.drm.to.ssy.digitalletter         I  Relayout returned: old=(310,902,354,955) new=(310,907,354,960) relayoutAsync=true req=(44,53)0 dur=0 res=0x0 s={true 0xb400007d6afcd800} ch=false seqId=0
2025-07-26 21:51:05.557 10344-10344 VRI[Pop-Up...w]@9f7fb43 com.drm.to.ssy.digitalletter         I  registerCallbackForPendingTransactions
2025-07-26 21:51:05.557 10344-10418 VRI[MergeR...ty]@87c910 com.drm.to.ssy.digitalletter         I  mWNT: t=0xb400007d6ae4b780 mBlastBufferQueue=0xb400007d6b128380 fn= 243 HdrRenderState mRenderHdrSdrRatio=1.0 caller= android.view.SyncRtSurfaceTransactionApplier.applyTransaction:96 android.view.SyncRtSurfaceTransactionApplier.lambda$scheduleApply$0:69 android.view.SyncRtSurfaceTransactionApplier.$r8$lambda$afI4fXg3U3-nBZQEDQMiNy-B06s:0
2025-07-26 21:51:05.558 10344-10419 VRI[Pop-Up...w]@9f7fb43 com.drm.to.ssy.digitalletter         I  mWNT: t=0xb400007d50019d80 mBlastBufferQueue=0xb400007dc237cb80 fn= 68 HdrRenderState mRenderHdrSdrRatio=1.0 caller= android.view.ViewRootImpl$9.onFrameDraw:6276 android.view.ViewRootImpl$3.onFrameDraw:2440 android.view.ThreadedRenderer$1.onFrameDraw:761
2025-07-26 21:51:05.564 10344-10418 VRI[MergeR...ty]@87c910 com.drm.to.ssy.digitalletter         I  mWNT: t=0xb400007d5001a680 mBlastBufferQueue=0xb400007d6b128380 fn= 244 HdrRenderState mRenderHdrSdrRatio=1.0 caller= android.view.SyncRtSurfaceTransactionApplier.applyTransaction:96 android.view.SyncRtSurfaceTransactionApplier.lambda$scheduleApply$0:69 android.view.SyncRtSurfaceTransactionApplier.$r8$lambda$afI4fXg3U3-nBZQEDQMiNy-B06s:0
2025-07-26 21:51:05.565 10344-10344 BLASTBufferQueue_Java   com.drm.to.ssy.digitalletter         I  update, w= 112 h= 121 mName = VRI[Pop-Up Window]@9f7fb43 mNativeObject= 0xb400007dc237cb80 sc.mNativeObject= 0xb400007dc26392c0 format= -3 caller= android.view.ViewRootImpl.updateBlastSurfaceIfNeeded:3386 android.view.ViewRootImpl.relayoutWindow:11361 android.view.ViewRootImpl.performTraversals:4544 android.view.ViewRootImpl.doTraversal:3708 android.view.ViewRootImpl$TraversalRunnable.run:12542 android.view.Choreographer$CallbackRecord.run:1751
2025-07-26 21:51:05.565 10344-10344 VRI[Pop-Up...w]@9f7fb43 com.drm.to.ssy.digitalletter         I  Relayout returned: old=(310,907,354,960) new=(310,911,354,964) relayoutAsync=true req=(44,53)0 dur=0 res=0x0 s={true 0xb400007d6afcd800} ch=false seqId=0
2025-07-26 21:51:05.565 10344-10344 VRI[Pop-Up...w]@9f7fb43 com.drm.to.ssy.digitalletter         I  registerCallbackForPendingTransactions
2025-07-26 21:51:05.565 10344-10418 VRI[MergeR...ty]@87c910 com.drm.to.ssy.digitalletter         I  mWNT: t=0xb400007d501c5500 mBlastBufferQueue=0xb400007d6b128380 fn= 244 HdrRenderState mRenderHdrSdrRatio=1.0 caller= android.view.SyncRtSurfaceTransactionApplier.applyTransaction:96 android.view.SyncRtSurfaceTransactionApplier.lambda$scheduleApply$0:69 android.view.SyncRtSurfaceTransactionApplier.$r8$lambda$afI4fXg3U3-nBZQEDQMiNy-B06s:0
2025-07-26 21:51:05.566 10344-10419 VRI[Pop-Up...w]@9f7fb43 com.drm.to.ssy.digitalletter         I  mWNT: t=0xb400007cbff14e80 mBlastBufferQueue=0xb400007dc237cb80 fn= 69 HdrRenderState mRenderHdrSdrRatio=1.0 caller= android.view.ViewRootImpl$9.onFrameDraw:6276 android.view.ViewRootImpl$3.onFrameDraw:2440 android.view.ThreadedRenderer$1.onFrameDraw:761
2025-07-26 21:51:05.573 10344-10418 VRI[MergeR...ty]@87c910 com.drm.to.ssy.digitalletter         I  mWNT: t=0xb400007cb6593f80 mBlastBufferQueue=0xb400007d6b128380 fn= 245 HdrRenderState mRenderHdrSdrRatio=1.0 caller= android.view.SyncRtSurfaceTransactionApplier.applyTransaction:96 android.view.SyncRtSurfaceTransactionApplier.lambda$scheduleApply$0:69 android.view.SyncRtSurfaceTransactionApplier.$r8$lambda$afI4fXg3U3-nBZQEDQMiNy-B06s:0
2025-07-26 21:51:05.573 10344-10418 VRI[MergeR...ty]@87c910 com.drm.to.ssy.digitalletter         I  mWNT: t=0xb400007cb6594400 mBlastBufferQueue=0xb400007d6b128380 fn= 245 HdrRenderState mRenderHdrSdrRatio=1.0 caller= android.view.SyncRtSurfaceTransactionApplier.applyTransaction:96 android.view.SyncRtSurfaceTransactionApplier.lambda$scheduleApply$0:69 android.view.SyncRtSurfaceTransactionApplier.$r8$lambda$afI4fXg3U3-nBZQEDQMiNy-B06s:0
2025-07-26 21:51:05.573 10344-10344 BLASTBufferQueue_Java   com.drm.to.ssy.digitalletter         I  update, w= 112 h= 121 mName = VRI[Pop-Up Window]@9f7fb43 mNativeObject= 0xb400007dc237cb80 sc.mNativeObject= 0xb400007dc26392c0 format= -3 caller= android.view.ViewRootImpl.updateBlastSurfaceIfNeeded:3386 android.view.ViewRootImpl.relayoutWindow:11361 android.view.ViewRootImpl.performTraversals:4544 android.view.ViewRootImpl.doTraversal:3708 android.view.ViewRootImpl$TraversalRunnable.run:12542 android.view.Choreographer$CallbackRecord.run:1751
2025-07-26 21:51:05.573 10344-10344 VRI[Pop-Up...w]@9f7fb43 com.drm.to.ssy.digitalletter         I  Relayout returned: old=(310,911,354,964) new=(310,913,354,966) relayoutAsync=true req=(44,53)0 dur=0 res=0x0 s={true 0xb400007d6afcd800} ch=false seqId=0
2025-07-26 21:51:05.574 10344-10344 VRI[Pop-Up...w]@9f7fb43 com.drm.to.ssy.digitalletter         I  registerCallbackForPendingTransactions
2025-07-26 21:51:05.575 10344-10419 VRI[Pop-Up...w]@9f7fb43 com.drm.to.ssy.digitalletter         I  mWNT: t=0xb400007cb6594700 mBlastBufferQueue=0xb400007dc237cb80 fn= 70 HdrRenderState mRenderHdrSdrRatio=1.0 caller= android.view.ViewRootImpl$9.onFrameDraw:6276 android.view.ViewRootImpl$3.onFrameDraw:2440 android.view.ThreadedRenderer$1.onFrameDraw:761
2025-07-26 21:51:05.581 10344-10418 VRI[MergeR...ty]@87c910 com.drm.to.ssy.digitalletter         I  mWNT: t=0xb400007d6b112c00 mBlastBufferQueue=0xb400007d6b128380 fn= 246 HdrRenderState mRenderHdrSdrRatio=1.0 caller= android.view.SyncRtSurfaceTransactionApplier.applyTransaction:96 android.view.SyncRtSurfaceTransactionApplier.lambda$scheduleApply$0:69 android.view.SyncRtSurfaceTransactionApplier.$r8$lambda$afI4fXg3U3-nBZQEDQMiNy-B06s:0
2025-07-26 21:51:05.581 10344-10418 VRI[MergeR...ty]@87c910 com.drm.to.ssy.digitalletter         I  mWNT: t=0xb400007cbff13980 mBlastBufferQueue=0xb400007d6b128380 fn= 246 HdrRenderState mRenderHdrSdrRatio=1.0 caller= android.view.SyncRtSurfaceTransactionApplier.applyTransaction:96 android.view.SyncRtSurfaceTransactionApplier.lambda$scheduleApply$0:69 android.view.SyncRtSurfaceTransactionApplier.$r8$lambda$afI4fXg3U3-nBZQEDQMiNy-B06s:0
2025-07-26 21:51:05.581 10344-10344 BLASTBufferQueue_Java   com.drm.to.ssy.digitalletter         I  update, w= 112 h= 121 mName = VRI[Pop-Up Window]@9f7fb43 mNativeObject= 0xb400007dc237cb80 sc.mNativeObject= 0xb400007dc26392c0 format= -3 caller= android.view.ViewRootImpl.updateBlastSurfaceIfNeeded:3386 android.view.ViewRootImpl.relayoutWindow:11361 android.view.ViewRootImpl.performTraversals:4544 android.view.ViewRootImpl.doTraversal:3708 android.view.ViewRootImpl$TraversalRunnable.run:12542 android.view.Choreographer$CallbackRecord.run:1751
2025-07-26 21:51:05.581 10344-10344 VRI[Pop-Up...w]@9f7fb43 com.drm.to.ssy.digitalletter         I  Relayout returned: old=(310,913,354,966) new=(310,915,354,968) relayoutAsync=true req=(44,53)0 dur=0 res=0x0 s={true 0xb400007d6afcd800} ch=false seqId=0
2025-07-26 21:51:05.582 10344-10344 VRI[Pop-Up...w]@9f7fb43 com.drm.to.ssy.digitalletter         I  registerCallbackForPendingTransactions
2025-07-26 21:51:05.582 10344-10419 VRI[Pop-Up...w]@9f7fb43 com.drm.to.ssy.digitalletter         I  mWNT: t=0xb400007cbff13b00 mBlastBufferQueue=0xb400007dc237cb80 fn= 71 HdrRenderState mRenderHdrSdrRatio=1.0 caller= android.view.ViewRootImpl$9.onFrameDraw:6276 android.view.ViewRootImpl$3.onFrameDraw:2440 android.view.ThreadedRenderer$1.onFrameDraw:761
2025-07-26 21:51:05.589 10344-10418 VRI[MergeR...ty]@87c910 com.drm.to.ssy.digitalletter         I  mWNT: t=0xb400007cbff14400 mBlastBufferQueue=0xb400007d6b128380 fn= 247 HdrRenderState mRenderHdrSdrRatio=1.0 caller= android.view.SyncRtSurfaceTransactionApplier.applyTransaction:96 android.view.SyncRtSurfaceTransactionApplier.lambda$scheduleApply$0:69 android.view.SyncRtSurfaceTransactionApplier.$r8$lambda$afI4fXg3U3-nBZQEDQMiNy-B06s:0
2025-07-26 21:51:05.590 10344-10418 VRI[MergeR...ty]@87c910 com.drm.to.ssy.digitalletter         I  mWNT: t=0xb400007d6ae4b780 mBlastBufferQueue=0xb400007d6b128380 fn= 247 HdrRenderState mRenderHdrSdrRatio=1.0 caller= android.view.SyncRtSurfaceTransactionApplier.applyTransaction:96 android.view.SyncRtSurfaceTransactionApplier.lambda$scheduleApply$0:69 android.view.SyncRtSurfaceTransactionApplier.$r8$lambda$afI4fXg3U3-nBZQEDQMiNy-B06s:0
2025-07-26 21:51:05.590 10344-10344 BLASTBufferQueue_Java   com.drm.to.ssy.digitalletter         I  update, w= 112 h= 121 mName = VRI[Pop-Up Window]@9f7fb43 mNativeObject= 0xb400007dc237cb80 sc.mNativeObject= 0xb400007dc26392c0 format= -3 caller= android.view.ViewRootImpl.updateBlastSurfaceIfNeeded:3386 android.view.ViewRootImpl.relayoutWindow:11361 android.view.ViewRootImpl.performTraversals:4544 android.view.ViewRootImpl.doTraversal:3708 android.view.ViewRootImpl$TraversalRunnable.run:12542 android.view.Choreographer$CallbackRecord.run:1751
2025-07-26 21:51:05.590 10344-10344 VRI[Pop-Up...w]@9f7fb43 com.drm.to.ssy.digitalletter         I  Relayout returned: old=(310,915,354,968) new=(310,917,354,970) relayoutAsync=true req=(44,53)0 dur=1 res=0x0 s={true 0xb400007d6afcd800} ch=false seqId=0
2025-07-26 21:51:05.590 10344-10344 VRI[Pop-Up...w]@9f7fb43 com.drm.to.ssy.digitalletter         I  registerCallbackForPendingTransactions
2025-07-26 21:51:05.592 10344-10419 VRI[Pop-Up...w]@9f7fb43 com.drm.to.ssy.digitalletter         I  mWNT: t=0xb400007d4fff3180 mBlastBufferQueue=0xb400007dc237cb80 fn= 72 HdrRenderState mRenderHdrSdrRatio=1.0 caller= android.view.ViewRootImpl$9.onFrameDraw:6276 android.view.ViewRootImpl$3.onFrameDraw:2440 android.view.ThreadedRenderer$1.onFrameDraw:761
2025-07-26 21:51:05.601 10344-10344 BLASTBufferQueue_Java   com.drm.to.ssy.digitalletter         I  update, w= 112 h= 121 mName = VRI[Pop-Up Window]@9f7fb43 mNativeObject= 0xb400007dc237cb80 sc.mNativeObject= 0xb400007dc26392c0 format= -3 caller= android.view.ViewRootImpl.updateBlastSurfaceIfNeeded:3386 android.view.ViewRootImpl.relayoutWindow:11361 android.view.ViewRootImpl.performTraversals:4544 android.view.ViewRootImpl.doTraversal:3708 android.view.ViewRootImpl$TraversalRunnable.run:12542 android.view.Choreographer$CallbackRecord.run:1751
2025-07-26 21:51:05.601 10344-10344 VRI[Pop-Up...w]@9f7fb43 com.drm.to.ssy.digitalletter         I  Relayout returned: old=(310,917,354,970) new=(310,918,354,971) relayoutAsync=true req=(44,53)0 dur=0 res=0x0 s={true 0xb400007d6afcd800} ch=false seqId=0
2025-07-26 21:51:05.601 10344-10344 VRI[Pop-Up...w]@9f7fb43 com.drm.to.ssy.digitalletter         I  registerCallbackForPendingTransactions
2025-07-26 21:51:05.603 10344-10418 VRI[MergeR...ty]@87c910 com.drm.to.ssy.digitalletter         I  mWNT: t=0xb400007d5001a680 mBlastBufferQueue=0xb400007d6b128380 fn= 248 HdrRenderState mRenderHdrSdrRatio=1.0 caller= android.view.SyncRtSurfaceTransactionApplier.applyTransaction:96 android.view.SyncRtSurfaceTransactionApplier.lambda$scheduleApply$0:69 android.view.SyncRtSurfaceTransactionApplier.$r8$lambda$afI4fXg3U3-nBZQEDQMiNy-B06s:0
2025-07-26 21:51:05.604 10344-10418 VRI[MergeR...ty]@87c910 com.drm.to.ssy.digitalletter         I  mWNT: t=0xb400007d501c4c00 mBlastBufferQueue=0xb400007d6b128380 fn= 248 HdrRenderState mRenderHdrSdrRatio=1.0 caller= android.view.SyncRtSurfaceTransactionApplier.applyTransaction:96 android.view.SyncRtSurfaceTransactionApplier.lambda$scheduleApply$0:69 android.view.SyncRtSurfaceTransactionApplier.$r8$lambda$afI4fXg3U3-nBZQEDQMiNy-B06s:0
2025-07-26 21:51:05.606 10344-10419 VRI[Pop-Up...w]@9f7fb43 com.drm.to.ssy.digitalletter         I  mWNT: t=0xb400007d5001a380 mBlastBufferQueue=0xb400007dc237cb80 fn= 73 HdrRenderState mRenderHdrSdrRatio=1.0 caller= android.view.ViewRootImpl$9.onFrameDraw:6276 android.view.ViewRootImpl$3.onFrameDraw:2440 android.view.ThreadedRenderer$1.onFrameDraw:761
2025-07-26 21:51:05.607 10344-10418 VRI[MergeR...ty]@87c910 com.drm.to.ssy.digitalletter         I  mWNT: t=0xb400007d501c5800 mBlastBufferQueue=0xb400007d6b128380 fn= 249 HdrRenderState mRenderHdrSdrRatio=1.0 caller= android.view.SyncRtSurfaceTransactionApplier.applyTransaction:96 android.view.SyncRtSurfaceTransactionApplier.lambda$scheduleApply$0:69 android.view.SyncRtSurfaceTransactionApplier.$r8$lambda$afI4fXg3U3-nBZQEDQMiNy-B06s:0
2025-07-26 21:51:05.608 10344-10418 VRI[MergeR...ty]@87c910 com.drm.to.ssy.digitalletter         I  mWNT: t=0xb400007cbff14700 mBlastBufferQueue=0xb400007d6b128380 fn= 249 HdrRenderState mRenderHdrSdrRatio=1.0 caller= android.view.SyncRtSurfaceTransactionApplier.applyTransaction:96 android.view.SyncRtSurfaceTransactionApplier.lambda$scheduleApply$0:69 android.view.SyncRtSurfaceTransactionApplier.$r8$lambda$afI4fXg3U3-nBZQEDQMiNy-B06s:0
2025-07-26 21:51:05.608 10344-10344 BLASTBufferQueue_Java   com.drm.to.ssy.digitalletter         I  update, w= 112 h= 121 mName = VRI[Pop-Up Window]@9f7fb43 mNativeObject= 0xb400007dc237cb80 sc.mNativeObject= 0xb400007dc26392c0 format= -3 caller= android.view.ViewRootImpl.updateBlastSurfaceIfNeeded:3386 android.view.ViewRootImpl.relayoutWindow:11361 android.view.ViewRootImpl.performTraversals:4544 android.view.ViewRootImpl.doTraversal:3708 android.view.ViewRootImpl$TraversalRunnable.run:12542 android.view.Choreographer$CallbackRecord.run:1751
2025-07-26 21:51:05.608 10344-10344 VRI[Pop-Up...w]@9f7fb43 com.drm.to.ssy.digitalletter         I  Relayout returned: old=(310,918,354,971) new=(310,919,354,972) relayoutAsync=true req=(44,53)0 dur=1 res=0x0 s={true 0xb400007d6afcd800} ch=false seqId=0
2025-07-26 21:51:05.608 10344-10344 VRI[Pop-Up...w]@9f7fb43 com.drm.to.ssy.digitalletter         I  registerCallbackForPendingTransactions
2025-07-26 21:51:05.609 10344-10419 VRI[Pop-Up...w]@9f7fb43 com.drm.to.ssy.digitalletter         I  mWNT: t=0xb400007cbff14a00 mBlastBufferQueue=0xb400007dc237cb80 fn= 74 HdrRenderState mRenderHdrSdrRatio=1.0 caller= android.view.ViewRootImpl$9.onFrameDraw:6276 android.view.ViewRootImpl$3.onFrameDraw:2440 android.view.ThreadedRenderer$1.onFrameDraw:761
2025-07-26 21:51:05.614 10344-10344 BLASTBufferQueue_Java   com.drm.to.ssy.digitalletter         I  update, w= 112 h= 121 mName = VRI[Pop-Up Window]@9f7fb43 mNativeObject= 0xb400007dc237cb80 sc.mNativeObject= 0xb400007dc26392c0 format= -3 caller= android.view.ViewRootImpl.updateBlastSurfaceIfNeeded:3386 android.view.ViewRootImpl.relayoutWindow:11361 android.view.ViewRootImpl.performTraversals:4544 android.view.ViewRootImpl.doTraversal:3708 android.view.ViewRootImpl$TraversalRunnable.run:12542 android.view.Choreographer$CallbackRecord.run:1751
2025-07-26 21:51:05.614 10344-10344 VRI[Pop-Up...w]@9f7fb43 com.drm.to.ssy.digitalletter         I  Relayout returned: old=(310,919,354,972) new=(310,920,354,973) relayoutAsync=true req=(44,53)0 dur=0 res=0x0 s={true 0xb400007d6afcd800} ch=false seqId=0
2025-07-26 21:51:05.614 10344-10418 VRI[MergeR...ty]@87c910 com.drm.to.ssy.digitalletter         I  mWNT: t=0xb400007d6b112c00 mBlastBufferQueue=0xb400007d6b128380 fn= 250 HdrRenderState mRenderHdrSdrRatio=1.0 caller= android.view.SyncRtSurfaceTransactionApplier.applyTransaction:96 android.view.SyncRtSurfaceTransactionApplier.lambda$scheduleApply$0:69 android.view.SyncRtSurfaceTransactionApplier.$r8$lambda$afI4fXg3U3-nBZQEDQMiNy-B06s:0
2025-07-26 21:51:05.614 10344-10418 VRI[MergeR...ty]@87c910 com.drm.to.ssy.digitalletter         I  mWNT: t=0xb400007cb6594400 mBlastBufferQueue=0xb400007d6b128380 fn= 250 HdrRenderState mRenderHdrSdrRatio=1.0 caller= android.view.SyncRtSurfaceTransactionApplier.applyTransaction:96 android.view.SyncRtSurfaceTransactionApplier.lambda$scheduleApply$0:69 android.view.SyncRtSurfaceTransactionApplier.$r8$lambda$afI4fXg3U3-nBZQEDQMiNy-B06s:0
2025-07-26 21:51:05.615 10344-10344 VRI[Pop-Up...w]@9f7fb43 com.drm.to.ssy.digitalletter         I  registerCallbackForPendingTransactions
2025-07-26 21:51:05.616 10344-10419 VRI[Pop-Up...w]@9f7fb43 com.drm.to.ssy.digitalletter         I  mWNT: t=0xb400007cb6594e80 mBlastBufferQueue=0xb400007dc237cb80 fn= 75 HdrRenderState mRenderHdrSdrRatio=1.0 caller= android.view.ViewRootImpl$9.onFrameDraw:6276 android.view.ViewRootImpl$3.onFrameDraw:2440 android.view.ThreadedRenderer$1.onFrameDraw:761
2025-07-26 21:51:05.622 10344-10418 VRI[MergeR...ty]@87c910 com.drm.to.ssy.digitalletter         I  mWNT: t=0xb400007cb651d000 mBlastBufferQueue=0xb400007d6b128380 fn= 251 HdrRenderState mRenderHdrSdrRatio=1.0 caller= android.view.SyncRtSurfaceTransactionApplier.applyTransaction:96 android.view.SyncRtSurfaceTransactionApplier.lambda$scheduleApply$0:69 android.view.SyncRtSurfaceTransactionApplier.$r8$lambda$afI4fXg3U3-nBZQEDQMiNy-B06s:0
2025-07-26 21:51:05.623 10344-10418 VRI[MergeR...ty]@87c910 com.drm.to.ssy.digitalletter         I  mWNT: t=0xb400007d6ae4b780 mBlastBufferQueue=0xb400007d6b128380 fn= 251 HdrRenderState mRenderHdrSdrRatio=1.0 caller= android.view.SyncRtSurfaceTransactionApplier.applyTransaction:96 android.view.SyncRtSurfaceTransactionApplier.lambda$scheduleApply$0:69 android.view.SyncRtSurfaceTransactionApplier.$r8$lambda$afI4fXg3U3-nBZQEDQMiNy-B06s:0
2025-07-26 21:51:05.623 10344-10344 BLASTBufferQueue_Java   com.drm.to.ssy.digitalletter         I  update, w= 112 h= 121 mName = VRI[Pop-Up Window]@9f7fb43 mNativeObject= 0xb400007dc237cb80 sc.mNativeObject= 0xb400007dc26392c0 format= -3 caller= android.view.ViewRootImpl.updateBlastSurfaceIfNeeded:3386 android.view.ViewRootImpl.relayoutWindow:11361 android.view.ViewRootImpl.performTraversals:4544 android.view.ViewRootImpl.doTraversal:3708 android.view.ViewRootImpl$TraversalRunnable.run:12542 android.view.Choreographer$CallbackRecord.run:1751
2025-07-26 21:51:05.623 10344-10344 VRI[Pop-Up...w]@9f7fb43 com.drm.to.ssy.digitalletter         I  Relayout returned: old=(310,920,354,973) new=(310,920,354,973) relayoutAsync=true req=(44,53)0 dur=1 res=0x0 s={true 0xb400007d6afcd800} ch=false seqId=0
2025-07-26 21:51:05.623 10344-10344 VRI[Pop-Up...w]@9f7fb43 com.drm.to.ssy.digitalletter         I  registerCallbackForPendingTransactions
2025-07-26 21:51:05.625 10344-10419 VRI[Pop-Up...w]@9f7fb43 com.drm.to.ssy.digitalletter         I  mWNT: t=0xb400007d5001a680 mBlastBufferQueue=0xb400007dc237cb80 fn= 76 HdrRenderState mRenderHdrSdrRatio=1.0 caller= android.view.ViewRootImpl$9.onFrameDraw:6276 android.view.ViewRootImpl$3.onFrameDraw:2440 android.view.ThreadedRenderer$1.onFrameDraw:761
2025-07-26 21:51:05.631 10344-10418 VRI[MergeR...ty]@87c910 com.drm.to.ssy.digitalletter         I  mWNT: t=0xb400007d501c5500 mBlastBufferQueue=0xb400007d6b128380 fn= 252 HdrRenderState mRenderHdrSdrRatio=1.0 caller= android.view.SyncRtSurfaceTransactionApplier.applyTransaction:96 android.view.SyncRtSurfaceTransactionApplier.lambda$scheduleApply$0:69 android.view.SyncRtSurfaceTransactionApplier.$r8$lambda$afI4fXg3U3-nBZQEDQMiNy-B06s:0
2025-07-26 21:51:05.631 10344-10344 BLASTBufferQueue_Java   com.drm.to.ssy.digitalletter         I  update, w= 112 h= 121 mName = VRI[Pop-Up Window]@9f7fb43 mNativeObject= 0xb400007dc237cb80 sc.mNativeObject= 0xb400007dc26392c0 format= -3 caller= android.view.ViewRootImpl.updateBlastSurfaceIfNeeded:3386 android.view.ViewRootImpl.relayoutWindow:11361 android.view.ViewRootImpl.performTraversals:4544 android.view.ViewRootImpl.doTraversal:3708 android.view.ViewRootImpl$TraversalRunnable.run:12542 android.view.Choreographer$CallbackRecord.run:1751
2025-07-26 21:51:05.631 10344-10344 VRI[Pop-Up...w]@9f7fb43 com.drm.to.ssy.digitalletter         I  Relayout returned: old=(310,920,354,973) new=(310,921,354,974) relayoutAsync=true req=(44,53)0 dur=1 res=0x0 s={true 0xb400007d6afcd800} ch=false seqId=0
2025-07-26 21:51:05.631 10344-10344 VRI[Pop-Up...w]@9f7fb43 com.drm.to.ssy.digitalletter         I  registerCallbackForPendingTransactions
2025-07-26 21:51:05.632 10344-10418 VRI[MergeR...ty]@87c910 com.drm.to.ssy.digitalletter         I  mWNT: t=0xb400007d50205100 mBlastBufferQueue=0xb400007d6b128380 fn= 252 HdrRenderState mRenderHdrSdrRatio=1.0 caller= android.view.SyncRtSurfaceTransactionApplier.applyTransaction:96 android.view.SyncRtSurfaceTransactionApplier.lambda$scheduleApply$0:69 android.view.SyncRtSurfaceTransactionApplier.$r8$lambda$afI4fXg3U3-nBZQEDQMiNy-B06s:0
2025-07-26 21:51:05.632 10344-10419 VRI[Pop-Up...w]@9f7fb43 com.drm.to.ssy.digitalletter         I  mWNT: t=0xb400007cb651dc00 mBlastBufferQueue=0xb400007dc237cb80 fn= 77 HdrRenderState mRenderHdrSdrRatio=1.0 caller= android.view.ViewRootImpl$9.onFrameDraw:6276 android.view.ViewRootImpl$3.onFrameDraw:2440 android.view.ThreadedRenderer$1.onFrameDraw:761
2025-07-26 21:51:05.639 10344-10418 VRI[MergeR...ty]@87c910 com.drm.to.ssy.digitalletter         I  mWNT: t=0xb400007cb651dd80 mBlastBufferQueue=0xb400007d6b128380 fn= 253 HdrRenderState mRenderHdrSdrRatio=1.0 caller= android.view.SyncRtSurfaceTransactionApplier.applyTransaction:96 android.view.SyncRtSurfaceTransactionApplier.lambda$scheduleApply$0:69 android.view.SyncRtSurfaceTransactionApplier.$r8$lambda$afI4fXg3U3-nBZQEDQMiNy-B06s:0
2025-07-26 21:51:05.639 10344-10344 BLASTBufferQueue_Java   com.drm.to.ssy.digitalletter         I  update, w= 112 h= 121 mName = VRI[Pop-Up Window]@9f7fb43 mNativeObject= 0xb400007dc237cb80 sc.mNativeObject= 0xb400007dc26392c0 format= -3 caller= android.view.ViewRootImpl.updateBlastSurfaceIfNeeded:3386 android.view.ViewRootImpl.relayoutWindow:11361 android.view.ViewRootImpl.performTraversals:4544 android.view.ViewRootImpl.doTraversal:3708 android.view.ViewRootImpl$TraversalRunnable.run:12542 android.view.Choreographer$CallbackRecord.run:1751
2025-07-26 21:51:05.639 10344-10344 VRI[Pop-Up...w]@9f7fb43 com.drm.to.ssy.digitalletter         I  Relayout returned: old=(310,921,354,974) new=(310,921,354,974) relayoutAsync=true req=(44,53)0 dur=0 res=0x0 s={true 0xb400007d6afcd800} ch=false seqId=0
2025-07-26 21:51:05.639 10344-10344 VRI[Pop-Up...w]@9f7fb43 com.drm.to.ssy.digitalletter         I  registerCallbackForPendingTransactions
2025-07-26 21:51:05.640 10344-10418 VRI[MergeR...ty]@87c910 com.drm.to.ssy.digitalletter         I  mWNT: t=0xb400007cb651df00 mBlastBufferQueue=0xb400007d6b128380 fn= 253 HdrRenderState mRenderHdrSdrRatio=1.0 caller= android.view.SyncRtSurfaceTransactionApplier.applyTransaction:96 android.view.SyncRtSurfaceTransactionApplier.lambda$scheduleApply$0:69 android.view.SyncRtSurfaceTransactionApplier.$r8$lambda$afI4fXg3U3-nBZQEDQMiNy-B06s:0
2025-07-26 21:51:05.640 10344-10419 VRI[Pop-Up...w]@9f7fb43 com.drm.to.ssy.digitalletter         I  mWNT: t=0xb400007cb651e080 mBlastBufferQueue=0xb400007dc237cb80 fn= 78 HdrRenderState mRenderHdrSdrRatio=1.0 caller= android.view.ViewRootImpl$9.onFrameDraw:6276 android.view.ViewRootImpl$3.onFrameDraw:2440 android.view.ThreadedRenderer$1.onFrameDraw:761
2025-07-26 21:51:05.647 10344-10418 VRI[MergeR...ty]@87c910 com.drm.to.ssy.digitalletter         I  mWNT: t=0xb400007d6b112c00 mBlastBufferQueue=0xb400007d6b128380 fn= 254 HdrRenderState mRenderHdrSdrRatio=1.0 caller= android.view.SyncRtSurfaceTransactionApplier.applyTransaction:96 android.view.SyncRtSurfaceTransactionApplier.lambda$scheduleApply$0:69 android.view.SyncRtSurfaceTransactionApplier.$r8$lambda$afI4fXg3U3-nBZQEDQMiNy-B06s:0
2025-07-26 21:51:05.647 10344-10418 VRI[MergeR...ty]@87c910 com.drm.to.ssy.digitalletter         I  mWNT: t=0xb400007cbff14100 mBlastBufferQueue=0xb400007d6b128380 fn= 254 HdrRenderState mRenderHdrSdrRatio=1.0 caller= android.view.SyncRtSurfaceTransactionApplier.applyTransaction:96 android.view.SyncRtSurfaceTransactionApplier.lambda$scheduleApply$0:69 android.view.SyncRtSurfaceTransactionApplier.$r8$lambda$afI4fXg3U3-nBZQEDQMiNy-B06s:0
2025-07-26 21:51:05.657 10344-10344 BLASTBufferQueue_Java   com.drm.to.ssy.digitalletter         I  update, w= 112 h= 121 mName = VRI[Pop-Up Window]@9f7fb43 mNativeObject= 0xb400007dc237cb80 sc.mNativeObject= 0xb400007dc26392c0 format= -3 caller= android.view.ViewRootImpl.updateBlastSurfaceIfNeeded:3386 android.view.ViewRootImpl.relayoutWindow:11361 android.view.ViewRootImpl.performTraversals:4544 android.view.ViewRootImpl.doTraversal:3708 android.view.ViewRootImpl$TraversalRunnable.run:12542 android.view.Choreographer$CallbackRecord.run:1751
2025-07-26 21:51:05.657 10344-10344 VRI[Pop-Up...w]@9f7fb43 com.drm.to.ssy.digitalletter         I  Relayout returned: old=(310,921,354,974) new=(310,922,354,975) relayoutAsync=true req=(44,53)0 dur=1 res=0x0 s={true 0xb400007d6afcd800} ch=false seqId=0
2025-07-26 21:51:05.657 10344-10344 VRI[Pop-Up...w]@9f7fb43 com.drm.to.ssy.digitalletter         I  registerCallbackForPendingTransactions
2025-07-26 21:51:05.658 10344-10419 VRI[MergeR...ty]@87c910 com.drm.to.ssy.digitalletter         I  mWNT: t=0xb400007cbff14400 mBlastBufferQueue=0xb400007d6b128380 fn= 255 HdrRenderState mRenderHdrSdrRatio=1.0 caller= android.view.SyncRtSurfaceTransactionApplier.applyTransaction:96 android.view.SyncRtSurfaceTransactionApplier.lambda$scheduleApply$0:69 android.view.SyncRtSurfaceTransactionApplier.$r8$lambda$afI4fXg3U3-nBZQEDQMiNy-B06s:0
2025-07-26 21:51:05.658 10344-10419 VRI[MergeR...ty]@87c910 com.drm.to.ssy.digitalletter         I  mWNT: t=0xb400007cbff14700 mBlastBufferQueue=0xb400007d6b128380 fn= 255 HdrRenderState mRenderHdrSdrRatio=1.0 caller= android.view.SyncRtSurfaceTransactionApplier.applyTransaction:96 android.view.SyncRtSurfaceTransactionApplier.lambda$scheduleApply$0:69 android.view.SyncRtSurfaceTransactionApplier.$r8$lambda$afI4fXg3U3-nBZQEDQMiNy-B06s:0
2025-07-26 21:51:05.658 10344-10418 VRI[Pop-Up...w]@9f7fb43 com.drm.to.ssy.digitalletter         I  mWNT: t=0xb400007cb651d900 mBlastBufferQueue=0xb400007dc237cb80 fn= 79 HdrRenderState mRenderHdrSdrRatio=1.0 caller= android.view.ViewRootImpl$9.onFrameDraw:6276 android.view.ViewRootImpl$3.onFrameDraw:2440 android.view.ThreadedRenderer$1.onFrameDraw:761
2025-07-26 21:51:05.664 10344-10419 VRI[MergeR...ty]@87c910 com.drm.to.ssy.digitalletter         I  mWNT: t=0xb400007cb651e380 mBlastBufferQueue=0xb400007d6b128380 fn= 256 HdrRenderState mRenderHdrSdrRatio=1.0 caller= android.view.SyncRtSurfaceTransactionApplier.applyTransaction:96 android.view.SyncRtSurfaceTransactionApplier.lambda$scheduleApply$0:69 android.view.SyncRtSurfaceTransactionApplier.$r8$lambda$afI4fXg3U3-nBZQEDQMiNy-B06s:0
2025-07-26 21:51:05.664 10344-10419 VRI[MergeR...ty]@87c910 com.drm.to.ssy.digitalletter         I  mWNT: t=0xb400007cb651e500 mBlastBufferQueue=0xb400007d6b128380 fn= 256 HdrRenderState mRenderHdrSdrRatio=1.0 caller= android.view.SyncRtSurfaceTransactionApplier.applyTransaction:96 android.view.SyncRtSurfaceTransactionApplier.lambda$scheduleApply$0:69 android.view.SyncRtSurfaceTransactionApplier.$r8$lambda$afI4fXg3U3-nBZQEDQMiNy-B06s:0
2025-07-26 21:51:05.664 10344-10344 BLASTBufferQueue_Java   com.drm.to.ssy.digitalletter         I  update, w= 112 h= 121 mName = VRI[Pop-Up Window]@9f7fb43 mNativeObject= 0xb400007dc237cb80 sc.mNativeObject= 0xb400007dc26392c0 format= -3 caller= android.view.ViewRootImpl.updateBlastSurfaceIfNeeded:3386 android.view.ViewRootImpl.relayoutWindow:11361 android.view.ViewRootImpl.performTraversals:4544 android.view.ViewRootImpl.doTraversal:3708 android.view.ViewRootImpl$TraversalRunnable.run:12542 android.view.Choreographer$CallbackRecord.run:1751
2025-07-26 21:51:05.664 10344-10344 VRI[Pop-Up...w]@9f7fb43 com.drm.to.ssy.digitalletter         I  Relayout returned: old=(310,922,354,975) new=(310,922,354,975) relayoutAsync=true req=(44,53)0 dur=0 res=0x0 s={true 0xb400007d6afcd800} ch=false seqId=0
2025-07-26 21:51:05.664 10344-10344 VRI[Pop-Up...w]@9f7fb43 com.drm.to.ssy.digitalletter         I  registerCallbackForPendingTransactions
2025-07-26 21:51:05.666 10344-10418 VRI[Pop-Up...w]@9f7fb43 com.drm.to.ssy.digitalletter         I  mWNT: t=0xb400007cb651e680 mBlastBufferQueue=0xb400007dc237cb80 fn= 80 HdrRenderState mRenderHdrSdrRatio=1.0 caller= android.view.ViewRootImpl$9.onFrameDraw:6276 android.view.ViewRootImpl$3.onFrameDraw:2440 android.view.ThreadedRenderer$1.onFrameDraw:761
2025-07-26 21:51:05.673 10344-10419 VRI[MergeR...ty]@87c910 com.drm.to.ssy.digitalletter         I  mWNT: t=0xb400007dc2513f80 mBlastBufferQueue=0xb400007d6b128380 fn= 257 HdrRenderState mRenderHdrSdrRatio=1.0 caller= android.view.SyncRtSurfaceTransactionApplier.applyTransaction:96 android.view.SyncRtSurfaceTransactionApplier.lambda$scheduleApply$0:69 android.view.SyncRtSurfaceTransactionApplier.$r8$lambda$afI4fXg3U3-nBZQEDQMiNy-B06s:0
2025-07-26 21:51:05.673 10344-10419 VRI[MergeR...ty]@87c910 com.drm.to.ssy.digitalletter         I  mWNT: t=0xb400007d501c5500 mBlastBufferQueue=0xb400007d6b128380 fn= 257 HdrRenderState mRenderHdrSdrRatio=1.0 caller= android.view.SyncRtSurfaceTransactionApplier.applyTransaction:96 android.view.SyncRtSurfaceTransactionApplier.lambda$scheduleApply$0:69 android.view.SyncRtSurfaceTransactionApplier.$r8$lambda$afI4fXg3U3-nBZQEDQMiNy-B06s:0
2025-07-26 21:51:05.680 10344-10418 VRI[MergeR...ty]@87c910 com.drm.to.ssy.digitalletter         I  mWNT: t=0xb400007cbff12f00 mBlastBufferQueue=0xb400007d6b128380 fn= 258 HdrRenderState mRenderHdrSdrRatio=1.0 caller= android.view.SyncRtSurfaceTransactionApplier.applyTransaction:96 android.view.SyncRtSurfaceTransactionApplier.lambda$scheduleApply$0:69 android.view.SyncRtSurfaceTransactionApplier.$r8$lambda$afI4fXg3U3-nBZQEDQMiNy-B06s:0
2025-07-26 21:51:05.681 10344-10418 VRI[MergeR...ty]@87c910 com.drm.to.ssy.digitalletter         I  mWNT: t=0xb400007cbff13680 mBlastBufferQueue=0xb400007d6b128380 fn= 258 HdrRenderState mRenderHdrSdrRatio=1.0 caller= android.view.SyncRtSurfaceTransactionApplier.applyTransaction:96 android.view.SyncRtSurfaceTransactionApplier.lambda$scheduleApply$0:69 android.view.SyncRtSurfaceTransactionApplier.$r8$lambda$afI4fXg3U3-nBZQEDQMiNy-B06s:0
2025-07-26 21:51:05.689 10344-10419 VRI[MergeR...ty]@87c910 com.drm.to.ssy.digitalletter         I  mWNT: t=0xb400007dc2512000 mBlastBufferQueue=0xb400007d6b128380 fn= 259 HdrRenderState mRenderHdrSdrRatio=1.0 caller= android.view.SyncRtSurfaceTransactionApplier.applyTransaction:96 android.view.SyncRtSurfaceTransactionApplier.lambda$scheduleApply$0:69 android.view.SyncRtSurfaceTransactionApplier.$r8$lambda$afI4fXg3U3-nBZQEDQMiNy-B06s:0
2025-07-26 21:51:05.689 10344-10419 VRI[MergeR...ty]@87c910 com.drm.to.ssy.digitalletter         I  mWNT: t=0xb400007cbff12480 mBlastBufferQueue=0xb400007d6b128380 fn= 259 HdrRenderState mRenderHdrSdrRatio=1.0 caller= android.view.SyncRtSurfaceTransactionApplier.applyTransaction:96 android.view.SyncRtSurfaceTransactionApplier.lambda$scheduleApply$0:69 android.view.SyncRtSurfaceTransactionApplier.$r8$lambda$afI4fXg3U3-nBZQEDQMiNy-B06s:0
2025-07-26 21:51:05.698 10344-10418 VRI[MergeR...ty]@87c910 com.drm.to.ssy.digitalletter         I  mWNT: t=0xb400007cbff14b80 mBlastBufferQueue=0xb400007d6b128380 fn= 260 HdrRenderState mRenderHdrSdrRatio=1.0 caller= android.view.SyncRtSurfaceTransactionApplier.applyTransaction:96 android.view.SyncRtSurfaceTransactionApplier.lambda$scheduleApply$0:69 android.view.SyncRtSurfaceTransactionApplier.$r8$lambda$afI4fXg3U3-nBZQEDQMiNy-B06s:0
2025-07-26 21:51:05.698 10344-10418 VRI[MergeR...ty]@87c910 com.drm.to.ssy.digitalletter         I  mWNT: t=0xb400007cbff14d00 mBlastBufferQueue=0xb400007d6b128380 fn= 260 HdrRenderState mRenderHdrSdrRatio=1.0 caller= android.view.SyncRtSurfaceTransactionApplier.applyTransaction:96 android.view.SyncRtSurfaceTransactionApplier.lambda$scheduleApply$0:69 android.view.SyncRtSurfaceTransactionApplier.$r8$lambda$afI4fXg3U3-nBZQEDQMiNy-B06s:0
2025-07-26 21:51:05.706 10344-10419 VRI[MergeR...ty]@87c910 com.drm.to.ssy.digitalletter         I  mWNT: t=0xb400007dc2514280 mBlastBufferQueue=0xb400007d6b128380 fn= 261 HdrRenderState mRenderHdrSdrRatio=1.0 caller= android.view.SyncRtSurfaceTransactionApplier.applyTransaction:96 android.view.SyncRtSurfaceTransactionApplier.lambda$scheduleApply$0:69 android.view.SyncRtSurfaceTransactionApplier.$r8$lambda$afI4fXg3U3-nBZQEDQMiNy-B06s:0
2025-07-26 21:51:05.706 10344-10419 VRI[MergeR...ty]@87c910 com.drm.to.ssy.digitalletter         I  mWNT: t=0xb400007d6b0e7800 mBlastBufferQueue=0xb400007d6b128380 fn= 261 HdrRenderState mRenderHdrSdrRatio=1.0 caller= android.view.SyncRtSurfaceTransactionApplier.applyTransaction:96 android.view.SyncRtSurfaceTransactionApplier.lambda$scheduleApply$0:69 android.view.SyncRtSurfaceTransactionApplier.$r8$lambda$afI4fXg3U3-nBZQEDQMiNy-B06s:0
2025-07-26 21:51:05.714 10344-10418 VRI[MergeR...ty]@87c910 com.drm.to.ssy.digitalletter         I  mWNT: t=0xb400007d6b112c00 mBlastBufferQueue=0xb400007d6b128380 fn= 262 HdrRenderState mRenderHdrSdrRatio=1.0 caller= android.view.SyncRtSurfaceTransactionApplier.applyTransaction:96 android.view.SyncRtSurfaceTransactionApplier.lambda$scheduleApply$0:69 android.view.SyncRtSurfaceTransactionApplier.$r8$lambda$afI4fXg3U3-nBZQEDQMiNy-B06s:0
2025-07-26 21:51:05.714 10344-10418 VRI[MergeR...ty]@87c910 com.drm.to.ssy.digitalletter         I  mWNT: t=0xb400007d50205100 mBlastBufferQueue=0xb400007d6b128380 fn= 262 HdrRenderState mRenderHdrSdrRatio=1.0 caller= android.view.SyncRtSurfaceTransactionApplier.applyTransaction:96 android.view.SyncRtSurfaceTransactionApplier.lambda$scheduleApply$0:69 android.view.SyncRtSurfaceTransactionApplier.$r8$lambda$afI4fXg3U3-nBZQEDQMiNy-B06s:0
2025-07-26 21:51:05.723 10344-10419 VRI[MergeR...ty]@87c910 com.drm.to.ssy.digitalletter         I  mWNT: t=0xb400007d6ae4b780 mBlastBufferQueue=0xb400007d6b128380 fn= 263 HdrRenderState mRenderHdrSdrRatio=1.0 caller= android.view.SyncRtSurfaceTransactionApplier.applyTransaction:96 android.view.SyncRtSurfaceTransactionApplier.lambda$scheduleApply$0:69 android.view.SyncRtSurfaceTransactionApplier.$r8$lambda$afI4fXg3U3-nBZQEDQMiNy-B06s:0
2025-07-26 21:51:05.723 10344-10419 VRI[MergeR...ty]@87c910 com.drm.to.ssy.digitalletter         I  mWNT: t=0xb400007cbff13980 mBlastBufferQueue=0xb400007d6b128380 fn= 263 HdrRenderState mRenderHdrSdrRatio=1.0 caller= android.view.SyncRtSurfaceTransactionApplier.applyTransaction:96 android.view.SyncRtSurfaceTransactionApplier.lambda$scheduleApply$0:69 android.view.SyncRtSurfaceTransactionApplier.$r8$lambda$afI4fXg3U3-nBZQEDQMiNy-B06s:0
2025-07-26 21:51:05.731 10344-10418 VRI[MergeR...ty]@87c910 com.drm.to.ssy.digitalletter         I  mWNT: t=0xb400007cbff13c80 mBlastBufferQueue=0xb400007d6b128380 fn= 264 HdrRenderState mRenderHdrSdrRatio=1.0 caller= android.view.SyncRtSurfaceTransactionApplier.applyTransaction:96 android.view.SyncRtSurfaceTransactionApplier.lambda$scheduleApply$0:69 android.view.SyncRtSurfaceTransactionApplier.$r8$lambda$afI4fXg3U3-nBZQEDQMiNy-B06s:0
2025-07-26 21:51:05.731 10344-10418 VRI[MergeR...ty]@87c910 com.drm.to.ssy.digitalletter         I  mWNT: t=0xb400007cbff14280 mBlastBufferQueue=0xb400007d6b128380 fn= 264 HdrRenderState mRenderHdrSdrRatio=1.0 caller= android.view.SyncRtSurfaceTransactionApplier.applyTransaction:96 android.view.SyncRtSurfaceTransactionApplier.lambda$scheduleApply$0:69 android.view.SyncRtSurfaceTransactionApplier.$r8$lambda$afI4fXg3U3-nBZQEDQMiNy-B06s:0
2025-07-26 21:51:05.739 10344-10344 InsetsController        com.drm.to.ssy.digitalletter         I  cancelAnimation: types=ime, animType=1, host=com.drm.to.ssy.digitalletter/com.drm.to.ssy.digitalletter.ui.mr.MergeRequestActivity, from=android.view.InsetsController.notifyFinished:1890 android.view.InsetsAnimationControlImpl.applyChangeInsets:307 android.view.InsetsController.lambda$new$3:932
2025-07-26 21:51:05.739 10344-10344 ImeTracker              com.drm.to.ssy.digitalletter         I  com.drm.to.ssy.digitalletter:4f778d32: onRequestHide at ORIGIN_CLIENT reason HIDE_SOFT_INPUT_ON_ANIMATION_STATE_CHANGED fromUser false
2025-07-26 21:51:05.739 10344-10344 InputMethodManager_LC   com.drm.to.ssy.digitalletter         I  notifyImeHidden: IInputMethodManagerGlobalInvoker.hideSoftInput
2025-07-26 21:51:05.740 10344-10344 ImeTracker              com.drm.to.ssy.digitalletter         I  com.samsung.android.honeyboard:ee5c15bd: onHidden
2025-07-26 21:51:05.741 10344-10419 VRI[MergeR...ty]@87c910 com.drm.to.ssy.digitalletter         I  mWNT: t=0xb400007d6b113680 mBlastBufferQueue=0xb400007d6b128380 fn= 265 HdrRenderState mRenderHdrSdrRatio=1.0 caller= android.view.SyncRtSurfaceTransactionApplier.applyTransaction:96 android.view.SyncRtSurfaceTransactionApplier.lambda$scheduleApply$0:69 android.view.SyncRtSurfaceTransactionApplier.$r8$lambda$afI4fXg3U3-nBZQEDQMiNy-B06s:0
2025-07-26 21:51:05.741 10344-10419 VRI[MergeR...ty]@87c910 com.drm.to.ssy.digitalletter         I  mWNT: t=0xb400007d501c5800 mBlastBufferQueue=0xb400007d6b128380 fn= 265 HdrRenderState mRenderHdrSdrRatio=1.0 caller= android.view.SyncRtSurfaceTransactionApplier.applyTransaction:96 android.view.SyncRtSurfaceTransactionApplier.lambda$scheduleApply$0:69 android.view.SyncRtSurfaceTransactionApplier.$r8$lambda$afI4fXg3U3-nBZQEDQMiNy-B06s:0
2025-07-26 21:51:05.748 10344-10418 VRI[MergeR...ty]@87c910 com.drm.to.ssy.digitalletter         I  mWNT: t=0xb400007cbff12f00 mBlastBufferQueue=0xb400007d6b128380 fn= 266 HdrRenderState mRenderHdrSdrRatio=1.0 caller= android.view.SyncRtSurfaceTransactionApplier.applyTransaction:96 android.view.SyncRtSurfaceTransactionApplier.lambda$scheduleApply$0:69 android.view.SyncRtSurfaceTransactionApplier.$r8$lambda$afI4fXg3U3-nBZQEDQMiNy-B06s:0
2025-07-26 21:51:05.756 10344-10419 VRI[MergeR...ty]@87c910 com.drm.to.ssy.digitalletter         I  mWNT: t=0xb400007cbff13680 mBlastBufferQueue=0xb400007d6b128380 fn= 267 HdrRenderState mRenderHdrSdrRatio=1.0 caller= android.view.SyncRtSurfaceTransactionApplier.applyTransaction:96 android.view.SyncRtSurfaceTransactionApplier.lambda$scheduleApply$0:69 android.view.SyncRtSurfaceTransactionApplier.$r8$lambda$afI4fXg3U3-nBZQEDQMiNy-B06s:0
2025-07-26 21:51:05.764 10344-10418 VRI[MergeR...ty]@87c910 com.drm.to.ssy.digitalletter         I  mWNT: t=0xb400007dc2513f80 mBlastBufferQueue=0xb400007d6b128380 fn= 268 HdrRenderState mRenderHdrSdrRatio=1.0 caller= android.view.SyncRtSurfaceTransactionApplier.applyTransaction:96 android.view.SyncRtSurfaceTransactionApplier.lambda$scheduleApply$0:69 android.view.SyncRtSurfaceTransactionApplier.$r8$lambda$afI4fXg3U3-nBZQEDQMiNy-B06s:0
2025-07-26 21:51:05.773 10344-10419 VRI[MergeR...ty]@87c910 com.drm.to.ssy.digitalletter         I  mWNT: t=0xb400007d501c4900 mBlastBufferQueue=0xb400007d6b128380 fn= 269 HdrRenderState mRenderHdrSdrRatio=1.0 caller= android.view.SyncRtSurfaceTransactionApplier.applyTransaction:96 android.view.SyncRtSurfaceTransactionApplier.lambda$scheduleApply$0:69 android.view.SyncRtSurfaceTransactionApplier.$r8$lambda$afI4fXg3U3-nBZQEDQMiNy-B06s:0
2025-07-26 21:51:05.781 10344-10418 VRI[MergeR...ty]@87c910 com.drm.to.ssy.digitalletter         I  mWNT: t=0xb400007d501c4a80 mBlastBufferQueue=0xb400007d6b128380 fn= 270 HdrRenderState mRenderHdrSdrRatio=1.0 caller= android.view.SyncRtSurfaceTransactionApplier.applyTransaction:96 android.view.SyncRtSurfaceTransactionApplier.lambda$scheduleApply$0:69 android.view.SyncRtSurfaceTransactionApplier.$r8$lambda$afI4fXg3U3-nBZQEDQMiNy-B06s:0
2025-07-26 21:51:05.790 10344-10419 VRI[MergeR...ty]@87c910 com.drm.to.ssy.digitalletter         I  mWNT: t=0xb400007d501c5380 mBlastBufferQueue=0xb400007d6b128380 fn= 271 HdrRenderState mRenderHdrSdrRatio=1.0 caller= android.view.SyncRtSurfaceTransactionApplier.applyTransaction:96 android.view.SyncRtSurfaceTransactionApplier.lambda$scheduleApply$0:69 android.view.SyncRtSurfaceTransactionApplier.$r8$lambda$afI4fXg3U3-nBZQEDQMiNy-B06s:0
2025-07-26 21:51:05.798 10344-10344 InsetsController        com.drm.to.ssy.digitalletter         I  cancelAnimation: types=navigationBars, animType=1, host=com.drm.to.ssy.digitalletter/com.drm.to.ssy.digitalletter.ui.mr.MergeRequestActivity, from=android.view.InsetsController.notifyFinished:1890 android.view.InsetsAnimationControlImpl.applyChangeInsets:307 android.view.InsetsController.lambda$new$3:932
2025-07-26 21:51:05.800 10344-10418 VRI[MergeR...ty]@87c910 com.drm.to.ssy.digitalletter         I  mWNT: t=0xb400007dc2514280 mBlastBufferQueue=0xb400007d6b128380 fn= 272 HdrRenderState mRenderHdrSdrRatio=1.0 caller= android.view.SyncRtSurfaceTransactionApplier.applyTransaction:96 android.view.SyncRtSurfaceTransactionApplier.lambda$scheduleApply$0:69 android.view.SyncRtSurfaceTransactionApplier.$r8$lambda$afI4fXg3U3-nBZQEDQMiNy-B06s:0
2025-07-26 21:51:05.804 10344-10344 InsetsController        com.drm.to.ssy.digitalletter         I  onStateChanged: host=com.drm.to.ssy.digitalletter/com.drm.to.ssy.digitalletter.ui.mr.MergeRequestActivity, from=android.view.ViewRootImpl.handleResized:2789, state=InsetsState: {mDisplayFrame=Rect(0, 0 - 2560, 1600), mDisplayCutout=DisplayCutout{insets=Rect(0, 0 - 0, 0) waterfall=Insets{left=0, top=0, right=0, bottom=0} boundingRect={Bounds=[Rect(0, 0 - 0, 0), Rect(0, 0 - 0, 0), Rect(0, 0 - 0, 0), Rect(0, 0 - 0, 0)]} cutoutPathParserInfo={CutoutPathParserInfo{displayWidth=0 displayHeight=0 physicalDisplayWidth=0 physicalDisplayHeight=0 density={0.0} cutoutSpec={} rotation={0} scale={0.0} physicalPixelDisplaySizeRatio={0.0}}} sideOverrides=null}, mRoundedCorners=RoundedCorners{[RoundedCorner{position=TopLeft, radius=21, center=Point(21, 21)}, RoundedCorner{position=TopRight, radius=21, center=Point(2539, 21)}, RoundedCorner{position=BottomRight, radius=21, center=Point(2539, 1579)}, RoundedCorner{position=BottomLeft, radius=21, center=Point(21, 1579)}]}  mRoundedCornerFrame=Rect(0, 0 - 2560, 1600), mPrivacyIndicatorBounds=PrivacyIndicatorBounds {static bounds=Rect(2466, 0 - 2560, 51) rotation=1}, mDisplayShape=DisplayShape{ spec=-311912193 displayWidth=1600 displayHeight=2560 physicalPixelDisplaySizeRatio=1.0 rotation=1 offsetX=0 offsetY=0 scale=1.0}, mSources= { InsetsSource: {fa0d0000 mType=statusBars mFrame=[0,0][2560,51] mVisible=false mFlags= mSideHint=TOP mBoundingRects=null}, InsetsSource: {fa0d0005 mType=mandatorySystemGestures mFrame=[0,0][2560,51] mVisible=true mFlags= mSideHint=TOP mBoundingRects=null}, InsetsSource: {fa0d0006 mType=tappableElement mFrame=[0,0][2560,51] mVisible=true mFlags= mSideHint=TOP mBoundingRects=null}, InsetsSource: {3 mType=ime mFrame=[0,0][0,0] mVisible=false mFlags= mSideHint=NONE mBoundingRects=null}, InsetsSource: {1f4c0001 mType=navigationBars mFrame=[0,1498][2560,1600] mVisible=false mFlags= mSideHint=BOTTOM mBoundingRects=null}, InsetsSource: {1f4c0004 mType=systemGestures mFrame=[0,0][0,0] mVisible=true mFlags= mSideHint=NONE mBoundingRects=null}, InsetsSource: {1f4c0005 mType=mandatorySystemGestures mFrame=[0,1498][2560,1600] mVisible=true mFlags= mSideHint=BOTTOM mBoundingRects=null}, InsetsSource: {1f4c0006 mType=tappableElement mFrame=[0,1498][2560,1600] mVisible=true mFlags= mSideHint=BOTTOM mBoundingRects=null}, InsetsSource: {1f4c0024 mType=systemGestures mFrame=[0,0][0,0] mVisible=true mFlags= mSideHint=NONE mBoundingRects=null} }
2025-07-26 21:51:05.804 10344-10344 VRI[MergeR...ty]@87c910 com.drm.to.ssy.digitalletter         I  handleResized, frames=ClientWindowFrames{frame=[0,0][2560,1600] display=[0,0][2560,1600] parentFrame=[0,0][0,0]} displayId=0 dragResizing=false compatScale=1.0 frameChanged=false attachedFrameChanged=false configChanged=false displayChanged=false compatScaleChanged=false dragResizingChanged=false
2025-07-26 21:51:05.804 10344-10344 VRI[Pop-Up...w]@9f7fb43 com.drm.to.ssy.digitalletter         I  handleResized, frames=ClientWindowFrames{frame=[310,922][354,975] display=[-100000,-100000][100000,100000] parentFrame=[0,0][0,0] attachedFrame=[0,0][2560,1600]} displayId=0 dragResizing=false compatScale=1.0 frameChanged=false attachedFrameChanged=false configChanged=false displayChanged=false compatScaleChanged=false dragResizingChanged=false
2025-07-26 21:51:06.070 10344-10344 VRI[MergeR...ty]@87c910 com.drm.to.ssy.digitalletter         I  ViewPostIme pointer 0
2025-07-26 21:51:06.132 10344-10344 VRI[MergeR...ty]@87c910 com.drm.to.ssy.digitalletter         I  ViewPostIme pointer 1
2025-07-26 21:51:06.133 10344-10344 FinalResult             com.drm.to.ssy.digitalletter         I  Approve button clicked with comment: 🥰🥰🥰🥰🥰🥰
2025-07-26 21:51:06.169 10344-10344 WindowManager           com.drm.to.ssy.digitalletter         I  WindowManagerGlobal#removeView, ty=1002, view=androidx.compose.ui.window.PopupLayout{c5f48f2 V.E...... ......I. 0,0-44,53 #1020002 android:id/content}, caller=android.view.WindowManagerGlobal.removeView:626 android.view.WindowManagerImpl.removeViewImmediate:216 androidx.compose.ui.window.PopupLayout.dismiss:772
2025-07-26 21:51:06.169 10344-10344 WindowOnBackDispatcher  com.drm.to.ssy.digitalletter         W  sendCancelIfRunning: isInProgress=false callback=android.view.ViewRootImpl$$ExternalSyntheticLambda15@4e0324c
2025-07-26 21:51:06.170 10344-10344 VRI[Pop-Up...w]@9f7fb43 com.drm.to.ssy.digitalletter         I  dispatchDetachedFromWindow
